<html>
<body>
<pre>
<h1>µVision Build Log</h1>
<h2>Project:</h2>
C:\Users\Sam\Desktop\My_temp_project\STM32F407_USB_HS_CDC\STM32_USB_CDC_HS.uvproj
Project File Date:  03/24/2015

<h2>Output:</h2>
Build target 'Target 1'
assembling startup_stm32f40xx.s...
assembling startup_stm32f407xx.s...
compiling system_stm32f4xx.c...
compiling usbd_cdc.c...
compiling usbd_cdc_if.c...
compiling usbd_conf.c...
compiling usbd_core.c...
compiling usbd_ctlreq.c...
compiling usbd_ioreq.c...
compiling stm32f4xx_hal.c...
compiling stm32f4xx_hal_adc.c...
compiling stm32f4xx_hal_adc_ex.c...
compiling stm32f4xx_hal_can.c...
compiling stm32f4xx_hal_cortex.c...
compiling stm32f4xx_hal_crc.c...
compiling stm32f4xx_hal_cryp.c...
compiling stm32f4xx_hal_cryp_ex.c...
compiling stm32f4xx_hal_dac.c...
compiling stm32f4xx_hal_dac_ex.c...
compiling stm32f4xx_hal_dcmi.c...
compiling stm32f4xx_hal_dma.c...
compiling stm32f4xx_hal_dma_ex.c...
compiling stm32f4xx_hal_dma2d.c...
compiling stm32f4xx_hal_eth.c...
compiling stm32f4xx_hal_flash.c...
compiling stm32f4xx_hal_flash_ex.c...
compiling stm32f4xx_hal_flash_ramfunc.c...
compiling stm32f4xx_hal_gpio.c...
compiling stm32f4xx_hal_hash.c...
compiling stm32f4xx_hal_hash_ex.c...
compiling stm32f4xx_hal_hcd.c...
compiling stm32f4xx_hal_i2c.c...
compiling stm32f4xx_hal_i2c_ex.c...
compiling stm32f4xx_hal_i2s.c...
compiling stm32f4xx_hal_i2s_ex.c...
compiling stm32f4xx_hal_irda.c...
compiling stm32f4xx_hal_iwdg.c...
compiling stm32f4xx_hal_ltdc.c...
compiling stm32f4xx_hal_msp_template.c...
compiling stm32f4xx_hal_nand.c...
compiling stm32f4xx_hal_nor.c...
compiling stm32f4xx_hal_pccard.c...
compiling stm32f4xx_hal_pcd.c...
compiling stm32f4xx_hal_pcd_ex.c...
compiling stm32f4xx_hal_pwr.c...
compiling stm32f4xx_hal_pwr_ex.c...
compiling stm32f4xx_hal_rcc.c...
compiling stm32f4xx_hal_rcc_ex.c...
compiling stm32f4xx_hal_rng.c...
compiling stm32f4xx_hal_rtc.c...
compiling stm32f4xx_hal_rtc_ex.c...
compiling stm32f4xx_hal_sai.c...
compiling stm32f4xx_hal_sd.c...
compiling stm32f4xx_hal_sdram.c...
compiling stm32f4xx_hal_smartcard.c...
compiling stm32f4xx_hal_spi.c...
compiling stm32f4xx_hal_sram.c...
compiling stm32f4xx_hal_tim.c...
compiling stm32f4xx_hal_tim_ex.c...
compiling stm32f4xx_hal_uart.c...
compiling stm32f4xx_hal_usart.c...
compiling stm32f4xx_hal_wwdg.c...
compiling stm32f4xx_ll_fmc.c...
compiling stm32f4xx_ll_fsmc.c...
compiling stm32f4xx_ll_sdmmc.c...
compiling stm32f4xx_ll_usb.c...
compiling main.c...
User\main.h(34): error:  #5: cannot open source input file "stm32f4_discovery.h": No such file or directory
compiling stm32f4xx_hal_msp.c...
User\stm32f4xx_hal_msp.c(40): error:  #5: cannot open source input file "stm32f4_discovery.h": No such file or directory
compiling stm32f4xx_it.c...
User\main.h(34): error:  #5: cannot open source input file "stm32f4_discovery.h": No such file or directory
compiling usbd_cdc_interface.c...
User\main.h(34): error:  #5: cannot open source input file "stm32f4_discovery.h": No such file or directory
compiling usbd_desc.c...
User\usbd_conf.h(46): warning:  #47-D: incompatible redefinition of macro "USBD_DEBUG_LEVEL" (declared at line 57 of ".\STM32_USB_Device_Library\Core\Inc\usbd_conf.h")
User\usbd_conf.h(60): warning:  #47-D: incompatible redefinition of macro "USBD_UsrLog" (declared at line 86 of ".\STM32_USB_Device_Library\Core\Inc\usbd_conf.h")
User\usbd_conf.h(69): warning:  #47-D: incompatible redefinition of macro "USBD_ErrLog" (declared at line 95 of ".\STM32_USB_Device_Library\Core\Inc\usbd_conf.h")
".\STM32_USB_CDC_HS.axf" - 4 Errors, 3 Warning(s).
Target not created
Build target 'Target 1'
compiling system_stm32f4xx.c...
compiling usbd_cdc.c...
compiling usbd_cdc_if.c...
compiling usbd_conf.c...
compiling usbd_core.c...
compiling usbd_ctlreq.c...
compiling usbd_ioreq.c...
compiling stm32f4xx_hal.c...
compiling stm32f4xx_hal_adc.c...
compiling stm32f4xx_hal_adc_ex.c...
compiling stm32f4xx_hal_can.c...
compiling stm32f4xx_hal_cortex.c...
compiling stm32f4xx_hal_crc.c...
compiling stm32f4xx_hal_cryp.c...
compiling stm32f4xx_hal_cryp_ex.c...
compiling stm32f4xx_hal_dac.c...
compiling stm32f4xx_hal_dac_ex.c...
compiling stm32f4xx_hal_dcmi.c...
compiling stm32f4xx_hal_dma.c...
compiling stm32f4xx_hal_dma_ex.c...
compiling stm32f4xx_hal_dma2d.c...
compiling stm32f4xx_hal_eth.c...
compiling stm32f4xx_hal_flash.c...
compiling stm32f4xx_hal_flash_ex.c...
compiling stm32f4xx_hal_flash_ramfunc.c...
compiling stm32f4xx_hal_gpio.c...
compiling stm32f4xx_hal_hash.c...
compiling stm32f4xx_hal_hash_ex.c...
compiling stm32f4xx_hal_hcd.c...
compiling stm32f4xx_hal_i2c.c...
compiling stm32f4xx_hal_i2c_ex.c...
compiling stm32f4xx_hal_i2s.c...
compiling stm32f4xx_hal_i2s_ex.c...
compiling stm32f4xx_hal_irda.c...
compiling stm32f4xx_hal_iwdg.c...
compiling stm32f4xx_hal_ltdc.c...
compiling stm32f4xx_hal_msp_template.c...
compiling stm32f4xx_hal_nand.c...
compiling stm32f4xx_hal_nor.c...
compiling stm32f4xx_hal_pccard.c...
compiling stm32f4xx_hal_pcd.c...
compiling stm32f4xx_hal_pcd_ex.c...
compiling stm32f4xx_hal_pwr.c...
compiling stm32f4xx_hal_pwr_ex.c...
compiling stm32f4xx_hal_rcc.c...
compiling stm32f4xx_hal_rcc_ex.c...
compiling stm32f4xx_hal_rng.c...
compiling stm32f4xx_hal_rtc.c...
compiling stm32f4xx_hal_rtc_ex.c...
compiling stm32f4xx_hal_sai.c...
compiling stm32f4xx_hal_sd.c...
compiling stm32f4xx_hal_sdram.c...
compiling stm32f4xx_hal_smartcard.c...
compiling stm32f4xx_hal_spi.c...
compiling stm32f4xx_hal_sram.c...
compiling stm32f4xx_hal_tim.c...
compiling stm32f4xx_hal_tim_ex.c...
compiling stm32f4xx_hal_uart.c...
compiling stm32f4xx_hal_usart.c...
compiling stm32f4xx_hal_wwdg.c...
compiling stm32f4xx_ll_fmc.c...
compiling stm32f4xx_ll_fsmc.c...
compiling stm32f4xx_ll_sdmmc.c...
compiling stm32f4xx_ll_usb.c...
compiling main.c...
compiling stm32f4xx_hal_msp.c...
compiling stm32f4xx_it.c...
compiling usbd_cdc_interface.c...
compiling usbd_desc.c...
User\usbd_conf.h(46): warning:  #47-D: incompatible redefinition of macro "USBD_DEBUG_LEVEL" (declared at line 57 of ".\STM32_USB_Device_Library\Core\Inc\usbd_conf.h")
User\usbd_conf.h(60): warning:  #47-D: incompatible redefinition of macro "USBD_UsrLog" (declared at line 86 of ".\STM32_USB_Device_Library\Core\Inc\usbd_conf.h")
User\usbd_conf.h(69): warning:  #47-D: incompatible redefinition of macro "USBD_ErrLog" (declared at line 95 of ".\STM32_USB_Device_Library\Core\Inc\usbd_conf.h")
compiling stm32f4_discovery.c...
compiling stm32f4_discovery_accelerometer.c...
Hardware\stm32f4_discovery_accelerometer.h(51): error:  #5: cannot open source input file "..\Components\lis302dl\lis302dl.h": No such file or directory
compiling stm32f4_discovery_audio.c...
Hardware\stm32f4_discovery_audio.h(49): error:  #5: cannot open source input file "..\Components\cs43l22\cs43l22.h": No such file or directory
".\STM32_USB_CDC_HS.axf" - 2 Errors, 3 Warning(s).
Target not created
Build target 'Target 1'
compiling main.c...
compiling stm32f4xx_hal_msp.c...
compiling stm32f4xx_it.c...
compiling usbd_cdc_interface.c...
compiling stm32f4_discovery.c...
compiling stm32f4_discovery_accelerometer.c...
Hardware\stm32f4_discovery_accelerometer.h(51): error:  #5: cannot open source input file "..\Components\lis302dl\lis302dl.h": No such file or directory
".\STM32_USB_CDC_HS.axf" - 1 Errors, 0 Warning(s).
Target not created
Build target 'Target 1'
compiling stm32f4_discovery_accelerometer.c...
linking...
.\STM32_USB_CDC_HS.sct(7): error: L6235E: More than one section matches selector - cannot all be FIRST/LAST.
".\STM32_USB_CDC_HS.axf" - 1 Errors, 0 Warning(s).
Target not created
Build target 'Target 1'
compiling stm32f4_discovery_accelerometer.c...
linking...
.\STM32_USB_CDC_HS.axf: Error: L6218E: Undefined symbol hpcd (referred from stm32f4xx_it.o).
.\STM32_USB_CDC_HS.axf: Error: L6218E: Undefined symbol Lis302dlDrv (referred from stm32f4_discovery_accelerometer.o).
.\STM32_USB_CDC_HS.axf: Error: L6218E: Undefined symbol Lis3dshDrv (referred from stm32f4_discovery_accelerometer.o).
".\STM32_USB_CDC_HS.axf" - 3 Errors, 0 Warning(s).
Target not created
Build target 'Target 1'
linking...
.\STM32_USB_CDC_HS.axf: Error: L6218E: Undefined symbol hpcd (referred from stm32f4xx_it.o).
.\STM32_USB_CDC_HS.axf: Error: L6218E: Undefined symbol Lis302dlDrv (referred from stm32f4_discovery_accelerometer.o).
.\STM32_USB_CDC_HS.axf: Error: L6218E: Undefined symbol Lis3dshDrv (referred from stm32f4_discovery_accelerometer.o).
".\STM32_USB_CDC_HS.axf" - 3 Errors, 0 Warning(s).
Target not created
Build target 'Target 1'
compiling stm32f4_discovery_audio.c...
Hardware\stm32f4_discovery_audio.h(49): error:  #5: cannot open source input file "..\Components\cs43l22\cs43l22.h": No such file or directory
".\STM32_USB_CDC_HS.axf" - 1 Errors, 0 Warning(s).
Target not created
Build target 'Target 1'
compiling system_stm32f4xx.c...
compiling usbd_cdc.c...
compiling usbd_cdc_if.c...
compiling usbd_conf.c...
compiling usbd_core.c...
compiling usbd_ctlreq.c...
compiling usbd_ioreq.c...
compiling stm32f4xx_hal.c...
compiling stm32f4xx_hal_adc.c...
compiling stm32f4xx_hal_adc_ex.c...
compiling stm32f4xx_hal_can.c...
compiling stm32f4xx_hal_cortex.c...
compiling stm32f4xx_hal_crc.c...
compiling stm32f4xx_hal_cryp.c...
compiling stm32f4xx_hal_cryp_ex.c...
compiling stm32f4xx_hal_dac.c...
compiling stm32f4xx_hal_dac_ex.c...
compiling stm32f4xx_hal_dcmi.c...
compiling stm32f4xx_hal_dma.c...
compiling stm32f4xx_hal_dma_ex.c...
compiling stm32f4xx_hal_dma2d.c...
compiling stm32f4xx_hal_eth.c...
compiling stm32f4xx_hal_flash.c...
compiling stm32f4xx_hal_flash_ex.c...
compiling stm32f4xx_hal_flash_ramfunc.c...
compiling stm32f4xx_hal_gpio.c...
compiling stm32f4xx_hal_hash.c...
compiling stm32f4xx_hal_hash_ex.c...
compiling stm32f4xx_hal_hcd.c...
compiling stm32f4xx_hal_i2c.c...
compiling stm32f4xx_hal_i2c_ex.c...
compiling stm32f4xx_hal_i2s.c...
compiling stm32f4xx_hal_i2s_ex.c...
compiling stm32f4xx_hal_irda.c...
compiling stm32f4xx_hal_iwdg.c...
compiling stm32f4xx_hal_ltdc.c...
compiling stm32f4xx_hal_msp_template.c...
compiling stm32f4xx_hal_nand.c...
compiling stm32f4xx_hal_nor.c...
compiling stm32f4xx_hal_pccard.c...
compiling stm32f4xx_hal_pcd.c...
compiling stm32f4xx_hal_pcd_ex.c...
compiling stm32f4xx_hal_pwr.c...
compiling stm32f4xx_hal_pwr_ex.c...
compiling stm32f4xx_hal_rcc.c...
compiling stm32f4xx_hal_rcc_ex.c...
compiling stm32f4xx_hal_rng.c...
compiling stm32f4xx_hal_rtc.c...
compiling stm32f4xx_hal_rtc_ex.c...
compiling stm32f4xx_hal_sai.c...
compiling stm32f4xx_hal_sd.c...
compiling stm32f4xx_hal_sdram.c...
compiling stm32f4xx_hal_smartcard.c...
compiling stm32f4xx_hal_spi.c...
compiling stm32f4xx_hal_sram.c...
compiling stm32f4xx_hal_tim.c...
compiling stm32f4xx_hal_tim_ex.c...
compiling stm32f4xx_hal_uart.c...
compiling stm32f4xx_hal_usart.c...
compiling stm32f4xx_hal_wwdg.c...
compiling stm32f4xx_ll_fmc.c...
compiling stm32f4xx_ll_fsmc.c...
compiling stm32f4xx_ll_sdmmc.c...
compiling stm32f4xx_ll_usb.c...
compiling main.c...
compiling stm32f4xx_hal_msp.c...
compiling stm32f4xx_it.c...
compiling usbd_cdc_interface.c...
compiling usbd_desc.c...
User\usbd_conf.h(46): warning:  #47-D: incompatible redefinition of macro "USBD_DEBUG_LEVEL" (declared at line 57 of ".\STM32_USB_Device_Library\Core\Inc\usbd_conf.h")
User\usbd_conf.h(60): warning:  #47-D: incompatible redefinition of macro "USBD_UsrLog" (declared at line 86 of ".\STM32_USB_Device_Library\Core\Inc\usbd_conf.h")
User\usbd_conf.h(69): warning:  #47-D: incompatible redefinition of macro "USBD_ErrLog" (declared at line 95 of ".\STM32_USB_Device_Library\Core\Inc\usbd_conf.h")
compiling stm32f4_discovery.c...
compiling stm32f4_discovery_accelerometer.c...
compiling stm32f4_discovery_audio.c...
.\Hardware\cs43l22\cs43l22.h(43): error:  #5: cannot open source input file "..\Common\audio.h": No such file or directory
compiling cs43l22.c...
Hardware\cs43l22\cs43l22.h(43): error:  #5: cannot open source input file "..\Common\audio.h": No such file or directory
compiling lis3dsh.c...
compiling lis302dl.c...
".\STM32_USB_CDC_HS.axf" - 2 Errors, 3 Warning(s).
Target not created
Build target 'Target 1'
compiling system_stm32f4xx.c...
compiling usbd_cdc.c...
compiling usbd_cdc_if.c...
compiling usbd_conf.c...
compiling usbd_core.c...
compiling usbd_ctlreq.c...
compiling usbd_ioreq.c...
compiling stm32f4xx_hal.c...
compiling stm32f4xx_hal_adc.c...
compiling stm32f4xx_hal_adc_ex.c...
compiling stm32f4xx_hal_can.c...
compiling stm32f4xx_hal_cortex.c...
compiling stm32f4xx_hal_crc.c...
compiling stm32f4xx_hal_cryp.c...
compiling stm32f4xx_hal_cryp_ex.c...
compiling stm32f4xx_hal_dac.c...
compiling stm32f4xx_hal_dac_ex.c...
compiling stm32f4xx_hal_dcmi.c...
compiling stm32f4xx_hal_dma.c...
compiling stm32f4xx_hal_dma_ex.c...
compiling stm32f4xx_hal_dma2d.c...
compiling stm32f4xx_hal_eth.c...
compiling stm32f4xx_hal_flash.c...
compiling stm32f4xx_hal_flash_ex.c...
compiling stm32f4xx_hal_flash_ramfunc.c...
compiling stm32f4xx_hal_gpio.c...
compiling stm32f4xx_hal_hash.c...
compiling stm32f4xx_hal_hash_ex.c...
compiling stm32f4xx_hal_hcd.c...
compiling stm32f4xx_hal_i2c.c...
compiling stm32f4xx_hal_i2c_ex.c...
compiling stm32f4xx_hal_i2s.c...
compiling stm32f4xx_hal_i2s_ex.c...
compiling stm32f4xx_hal_irda.c...
compiling stm32f4xx_hal_iwdg.c...
compiling stm32f4xx_hal_ltdc.c...
compiling stm32f4xx_hal_msp_template.c...
compiling stm32f4xx_hal_nand.c...
compiling stm32f4xx_hal_nor.c...
compiling stm32f4xx_hal_pccard.c...
compiling stm32f4xx_hal_pcd.c...
compiling stm32f4xx_hal_pcd_ex.c...
compiling stm32f4xx_hal_pwr.c...
compiling stm32f4xx_hal_pwr_ex.c...
compiling stm32f4xx_hal_rcc.c...
compiling stm32f4xx_hal_rcc_ex.c...
compiling stm32f4xx_hal_rng.c...
compiling stm32f4xx_hal_rtc.c...
compiling stm32f4xx_hal_rtc_ex.c...
compiling stm32f4xx_hal_sai.c...
compiling stm32f4xx_hal_sd.c...
compiling stm32f4xx_hal_sdram.c...
compiling stm32f4xx_hal_smartcard.c...
compiling stm32f4xx_hal_spi.c...
compiling stm32f4xx_hal_sram.c...
compiling stm32f4xx_hal_tim.c...
compiling stm32f4xx_hal_tim_ex.c...
compiling stm32f4xx_hal_uart.c...
compiling stm32f4xx_hal_usart.c...
compiling stm32f4xx_hal_wwdg.c...
compiling stm32f4xx_ll_fmc.c...
compiling stm32f4xx_ll_fsmc.c...
compiling stm32f4xx_ll_sdmmc.c...
compiling stm32f4xx_ll_usb.c...
compiling main.c...
compiling stm32f4xx_hal_msp.c...
compiling stm32f4xx_it.c...
compiling usbd_cdc_interface.c...
compiling usbd_desc.c...
User\usbd_conf.h(46): warning:  #47-D: incompatible redefinition of macro "USBD_DEBUG_LEVEL" (declared at line 57 of ".\STM32_USB_Device_Library\Core\Inc\usbd_conf.h")
User\usbd_conf.h(60): warning:  #47-D: incompatible redefinition of macro "USBD_UsrLog" (declared at line 86 of ".\STM32_USB_Device_Library\Core\Inc\usbd_conf.h")
User\usbd_conf.h(69): warning:  #47-D: incompatible redefinition of macro "USBD_ErrLog" (declared at line 95 of ".\STM32_USB_Device_Library\Core\Inc\usbd_conf.h")
compiling stm32f4_discovery.c...
compiling stm32f4_discovery_accelerometer.c...
compiling stm32f4_discovery_audio.c...
Hardware\stm32f4_discovery_audio.h(52): error:  #5: cannot open source input file "DM\pdm_filter.h": No such file or directory
compiling cs43l22.c...
compiling lis3dsh.c...
compiling lis302dl.c...
".\STM32_USB_CDC_HS.axf" - 1 Errors, 3 Warning(s).
Target not created
Build target 'Target 1'
compiling stm32f4_discovery_audio.c...
compiling cs43l22.c...
linking...
.\STM32_USB_CDC_HS.axf: Error: L6218E: Undefined symbol hpcd (referred from stm32f4xx_it.o).
".\STM32_USB_CDC_HS.axf" - 1 Errors, 0 Warning(s).
Target not created
Rebuild target 'Target 1'
assembling startup_stm32f407xx.s...
compiling system_stm32f4xx.c...
compiling usbd_cdc.c...
compiling usbd_cdc_if.c...
compiling usbd_conf.c...
compiling usbd_core.c...
compiling usbd_ctlreq.c...
compiling usbd_ioreq.c...
compiling stm32f4xx_hal.c...
compiling stm32f4xx_hal_adc.c...
compiling stm32f4xx_hal_adc_ex.c...
compiling stm32f4xx_hal_can.c...
compiling stm32f4xx_hal_cortex.c...
compiling stm32f4xx_hal_crc.c...
compiling stm32f4xx_hal_cryp.c...
compiling stm32f4xx_hal_cryp_ex.c...
compiling stm32f4xx_hal_dac.c...
compiling stm32f4xx_hal_dac_ex.c...
compiling stm32f4xx_hal_dcmi.c...
compiling stm32f4xx_hal_dma.c...
compiling stm32f4xx_hal_dma_ex.c...
compiling stm32f4xx_hal_dma2d.c...
compiling stm32f4xx_hal_eth.c...
compiling stm32f4xx_hal_flash.c...
compiling stm32f4xx_hal_flash_ex.c...
compiling stm32f4xx_hal_flash_ramfunc.c...
compiling stm32f4xx_hal_gpio.c...
compiling stm32f4xx_hal_hash.c...
compiling stm32f4xx_hal_hash_ex.c...
compiling stm32f4xx_hal_hcd.c...
compiling stm32f4xx_hal_i2c.c...
compiling stm32f4xx_hal_i2c_ex.c...
compiling stm32f4xx_hal_i2s.c...
compiling stm32f4xx_hal_i2s_ex.c...
compiling stm32f4xx_hal_irda.c...
compiling stm32f4xx_hal_iwdg.c...
compiling stm32f4xx_hal_ltdc.c...
compiling stm32f4xx_hal_msp_template.c...
compiling stm32f4xx_hal_nand.c...
compiling stm32f4xx_hal_nor.c...
compiling stm32f4xx_hal_pccard.c...
compiling stm32f4xx_hal_pcd.c...
compiling stm32f4xx_hal_pcd_ex.c...
compiling stm32f4xx_hal_pwr.c...
compiling stm32f4xx_hal_pwr_ex.c...
compiling stm32f4xx_hal_rcc.c...
compiling stm32f4xx_hal_rcc_ex.c...
compiling stm32f4xx_hal_rng.c...
compiling stm32f4xx_hal_rtc.c...
compiling stm32f4xx_hal_rtc_ex.c...
compiling stm32f4xx_hal_sai.c...
compiling stm32f4xx_hal_sd.c...
compiling stm32f4xx_hal_sdram.c...
compiling stm32f4xx_hal_smartcard.c...
compiling stm32f4xx_hal_spi.c...
compiling stm32f4xx_hal_sram.c...
compiling stm32f4xx_hal_tim.c...
compiling stm32f4xx_hal_tim_ex.c...
compiling stm32f4xx_hal_uart.c...
compiling stm32f4xx_hal_usart.c...
compiling stm32f4xx_hal_wwdg.c...
compiling stm32f4xx_ll_fmc.c...
compiling stm32f4xx_ll_fsmc.c...
compiling stm32f4xx_ll_sdmmc.c...
compiling stm32f4xx_ll_usb.c...
compiling main.c...
compiling stm32f4xx_hal_msp.c...
compiling stm32f4xx_it.c...
compiling usbd_cdc_interface.c...
compiling usbd_desc.c...
User\usbd_conf.h(46): warning:  #47-D: incompatible redefinition of macro "USBD_DEBUG_LEVEL" (declared at line 57 of ".\STM32_USB_Device_Library\Core\Inc\usbd_conf.h")
User\usbd_conf.h(60): warning:  #47-D: incompatible redefinition of macro "USBD_UsrLog" (declared at line 86 of ".\STM32_USB_Device_Library\Core\Inc\usbd_conf.h")
User\usbd_conf.h(69): warning:  #47-D: incompatible redefinition of macro "USBD_ErrLog" (declared at line 95 of ".\STM32_USB_Device_Library\Core\Inc\usbd_conf.h")
compiling stm32f4_discovery.c...
compiling stm32f4_discovery_accelerometer.c...
compiling stm32f4_discovery_audio.c...
compiling cs43l22.c...
compiling lis3dsh.c...
compiling lis302dl.c...
linking...
.\STM32_USB_CDC_HS.axf: Error: L6218E: Undefined symbol hpcd (referred from stm32f4xx_it.o).
".\STM32_USB_CDC_HS.axf" - 1 Errors, 3 Warning(s).
Target not created
Load "C:\\Users\\Sam\\Desktop\\My_temp_project\\STM32F407_USB_HS_CDC\\OutPut\\STM32_USB_CDC_HS.axf" 
_____^
*** error 56: cannot open file
Build target 'Target 1'
assembling startup_stm32f407xx.s...
compiling system_stm32f4xx.c...
compiling usbd_cdc.c...
compiling usbd_cdc_if.c...
compiling cs43l22.c...
compiling lis3dsh.c...
compiling lis302dl.c...
compiling usbd_conf.c...
compiling usbd_core.c...
compiling usbd_ctlreq.c...
compiling usbd_ioreq.c...
compiling stm32f4xx_hal.c...
compiling stm32f4xx_hal_adc.c...
compiling stm32f4xx_hal_adc_ex.c...
compiling stm32f4xx_hal_can.c...
compiling stm32f4xx_hal_cortex.c...
compiling stm32f4xx_hal_crc.c...
compiling stm32f4xx_hal_cryp.c...
compiling stm32f4xx_hal_cryp_ex.c...
compiling stm32f4xx_hal_dac.c...
compiling stm32f4xx_hal_dac_ex.c...
compiling stm32f4xx_hal_dcmi.c...
compiling stm32f4xx_hal_dma.c...
compiling stm32f4xx_hal_dma_ex.c...
compiling stm32f4xx_hal_dma2d.c...
compiling stm32f4xx_hal_eth.c...
compiling stm32f4xx_hal_flash.c...
compiling stm32f4xx_hal_flash_ex.c...
compiling stm32f4xx_hal_flash_ramfunc.c...
compiling stm32f4xx_hal_gpio.c...
compiling stm32f4xx_hal_hash.c...
compiling stm32f4xx_hal_hash_ex.c...
compiling stm32f4xx_hal_hcd.c...
compiling stm32f4xx_hal_i2c.c...
compiling stm32f4xx_hal_i2c_ex.c...
compiling stm32f4xx_hal_i2s.c...
compiling stm32f4xx_hal_i2s_ex.c...
compiling stm32f4xx_hal_irda.c...
compiling stm32f4xx_hal_iwdg.c...
compiling stm32f4xx_hal_ltdc.c...
compiling stm32f4xx_hal_msp_template.c...
compiling stm32f4xx_hal_nand.c...
compiling stm32f4xx_hal_nor.c...
compiling stm32f4xx_hal_pccard.c...
compiling stm32f4xx_hal_pcd.c...
compiling stm32f4xx_hal_pcd_ex.c...
compiling stm32f4xx_hal_pwr.c...
compiling stm32f4xx_hal_pwr_ex.c...
compiling stm32f4xx_hal_rcc.c...
compiling stm32f4xx_hal_rcc_ex.c...
compiling stm32f4xx_hal_rng.c...
compiling stm32f4xx_hal_rtc.c...
compiling stm32f4xx_hal_rtc_ex.c...
compiling stm32f4xx_hal_sai.c...
compiling stm32f4xx_hal_sd.c...
compiling stm32f4xx_hal_sdram.c...
compiling stm32f4xx_hal_smartcard.c...
compiling stm32f4xx_hal_spi.c...
compiling stm32f4xx_hal_sram.c...
compiling stm32f4xx_hal_tim.c...
compiling stm32f4xx_hal_tim_ex.c...
compiling stm32f4xx_hal_uart.c...
compiling stm32f4xx_hal_usart.c...
compiling stm32f4xx_hal_wwdg.c...
compiling stm32f4xx_ll_fmc.c...
compiling stm32f4xx_ll_fsmc.c...
compiling stm32f4xx_ll_sdmmc.c...
compiling stm32f4xx_ll_usb.c...
compiling stm32f4_discovery.c...
compiling stm32f4_discovery_accelerometer.c...
compiling stm32f4_discovery_audio.c...
compiling main.c...
compiling stm32f4xx_hal_msp.c...
compiling stm32f4xx_it.c...
compiling usbd_cdc_interface.c...
compiling usbd_desc.c...
User\usbd_conf.h(46): warning:  #47-D: incompatible redefinition of macro "USBD_DEBUG_LEVEL" (declared at line 57 of ".\STM32_USB_Device_Library\Core\Inc\usbd_conf.h")
User\usbd_conf.h(60): warning:  #47-D: incompatible redefinition of macro "USBD_UsrLog" (declared at line 86 of ".\STM32_USB_Device_Library\Core\Inc\usbd_conf.h")
User\usbd_conf.h(69): warning:  #47-D: incompatible redefinition of macro "USBD_ErrLog" (declared at line 95 of ".\STM32_USB_Device_Library\Core\Inc\usbd_conf.h")
linking...
.\OutPut\STM32_USB_CDC_HS.axf: Error: L6218E: Undefined symbol hpcd (referred from stm32f4xx_it.o).
".\OutPut\STM32_USB_CDC_HS.axf" - 1 Errors, 3 Warning(s).
Target not created
Build target 'Target 1'
compiling cs43l22.c...
compiling stm32f4xx_hal_msp_template.c...
stm32f4xx_hal_msp_template.c: Error:  #5: cannot open source input file "STM32F4xx_HAL_Driver\Src\stm32f4xx_hal_msp_template.c": No such file or directory
".\OutPut\STM32_USB_CDC_HS.axf" - 1 Errors, 0 Warning(s).
Target not created
Build target 'Target 1'
linking...
.\OutPut\STM32_USB_CDC_HS.axf: Error: L6218E: Undefined symbol hpcd (referred from stm32f4xx_it.o).
".\OutPut\STM32_USB_CDC_HS.axf" - 1 Errors, 0 Warning(s).
Target not created
Build target 'Target 1'
compiling usbd_desc.c...
User\usbd_conf.h(47): warning:  #47-D: incompatible redefinition of macro "USBD_DEBUG_LEVEL" (declared at line 57 of ".\STM32_USB_Device_Library\Core\Inc\usbd_conf.h")
User\usbd_conf.h(61): warning:  #47-D: incompatible redefinition of macro "USBD_UsrLog" (declared at line 86 of ".\STM32_USB_Device_Library\Core\Inc\usbd_conf.h")
User\usbd_conf.h(70): warning:  #47-D: incompatible redefinition of macro "USBD_ErrLog" (declared at line 95 of ".\STM32_USB_Device_Library\Core\Inc\usbd_conf.h")
linking...
Program Size: Code=26902 RO-data=970 RW-data=432 ZI-data=65072  
".\OutPut\STM32_USB_CDC_HS.axf" - 0 Errors, 3 Warning(s).
Build target 'Target 1'
compiling usbd_desc.c...
linking...
Program Size: Code=26902 RO-data=970 RW-data=432 ZI-data=65072  
".\OutPut\STM32_USB_CDC_HS.axf" - 0 Errors, 0 Warning(s).
Build target 'Target 1'
linking...
Program Size: Code=26902 RO-data=970 RW-data=432 ZI-data=65072  
".\OutPut\STM32_USB_CDC_HS.axf" - 0 Errors, 0 Warning(s).
