<html>
<body>
<pre>
<h1>µVision Build Log</h1>
<h2>Project:</h2>
C:\Users\Sam\Desktop\My_temp_project\STM32F407_CUBELIB_SSD1963\STM32F407_CUBELIB_SSD1963.uvproj
Project File Date:  12/11/2014

<h2>Output:</h2>
Build target 'STM32F407_CUBELIB_SSD1963'
assembling startup_stm32f407xx.s...
compiling system_stm32f4xx.c...
cmsisboot\stm32f4xx.h(144): error:  #35: #error directive: "Please select first the target STM32F4xx device used in your application (in stm32f4xx.h file)"
compiling stm32f4xx_hal.c...
.\cmsisboot\stm32f4xx.h(144): error:  #35: #error directive: "Please select first the target STM32F4xx device used in your application (in stm32f4xx.h file)"
compiling stm32f4xx_hal_adc.c...
.\cmsisboot\stm32f4xx.h(144): error:  #35: #error directive: "Please select first the target STM32F4xx device used in your application (in stm32f4xx.h file)"
compiling stm32f4xx_hal_adc_ex.c...
.\cmsisboot\stm32f4xx.h(144): error:  #35: #error directive: "Please select first the target STM32F4xx device used in your application (in stm32f4xx.h file)"
compiling stm32f4xx_hal_can.c...
.\cmsisboot\stm32f4xx.h(144): error:  #35: #error directive: "Please select first the target STM32F4xx device used in your application (in stm32f4xx.h file)"
compiling stm32f4xx_hal_cortex.c...
.\cmsisboot\stm32f4xx.h(144): error:  #35: #error directive: "Please select first the target STM32F4xx device used in your application (in stm32f4xx.h file)"
compiling stm32f4xx_hal_crc.c...
.\cmsisboot\stm32f4xx.h(144): error:  #35: #error directive: "Please select first the target STM32F4xx device used in your application (in stm32f4xx.h file)"
compiling stm32f4xx_hal_cryp.c...
.\cmsisboot\stm32f4xx.h(144): error:  #35: #error directive: "Please select first the target STM32F4xx device used in your application (in stm32f4xx.h file)"
compiling stm32f4xx_hal_cryp_ex.c...
.\cmsisboot\stm32f4xx.h(144): error:  #35: #error directive: "Please select first the target STM32F4xx device used in your application (in stm32f4xx.h file)"
compiling stm32f4xx_hal_dac.c...
.\cmsisboot\stm32f4xx.h(144): error:  #35: #error directive: "Please select first the target STM32F4xx device used in your application (in stm32f4xx.h file)"
compiling stm32f4xx_hal_dac_ex.c...
.\cmsisboot\stm32f4xx.h(144): error:  #35: #error directive: "Please select first the target STM32F4xx device used in your application (in stm32f4xx.h file)"
compiling stm32f4xx_hal_dcmi.c...
.\cmsisboot\stm32f4xx.h(144): error:  #35: #error directive: "Please select first the target STM32F4xx device used in your application (in stm32f4xx.h file)"
compiling stm32f4xx_hal_dma.c...
.\cmsisboot\stm32f4xx.h(144): error:  #35: #error directive: "Please select first the target STM32F4xx device used in your application (in stm32f4xx.h file)"
compiling stm32f4xx_hal_dma_ex.c...
.\cmsisboot\stm32f4xx.h(144): error:  #35: #error directive: "Please select first the target STM32F4xx device used in your application (in stm32f4xx.h file)"
compiling stm32f4xx_hal_dma2d.c...
.\cmsisboot\stm32f4xx.h(144): error:  #35: #error directive: "Please select first the target STM32F4xx device used in your application (in stm32f4xx.h file)"
compiling stm32f4xx_hal_eth.c...
.\cmsisboot\stm32f4xx.h(144): error:  #35: #error directive: "Please select first the target STM32F4xx device used in your application (in stm32f4xx.h file)"
compiling stm32f4xx_hal_flash.c...
.\cmsisboot\stm32f4xx.h(144): error:  #35: #error directive: "Please select first the target STM32F4xx device used in your application (in stm32f4xx.h file)"
compiling stm32f4xx_hal_flash_ex.c...
.\cmsisboot\stm32f4xx.h(144): error:  #35: #error directive: "Please select first the target STM32F4xx device used in your application (in stm32f4xx.h file)"
compiling stm32f4xx_hal_flash_ramfunc.c...
.\cmsisboot\stm32f4xx.h(144): error:  #35: #error directive: "Please select first the target STM32F4xx device used in your application (in stm32f4xx.h file)"
compiling stm32f4xx_hal_gpio.c...
.\cmsisboot\stm32f4xx.h(144): error:  #35: #error directive: "Please select first the target STM32F4xx device used in your application (in stm32f4xx.h file)"
compiling stm32f4xx_hal_hash.c...
.\cmsisboot\stm32f4xx.h(144): error:  #35: #error directive: "Please select first the target STM32F4xx device used in your application (in stm32f4xx.h file)"
compiling stm32f4xx_hal_hash_ex.c...
.\cmsisboot\stm32f4xx.h(144): error:  #35: #error directive: "Please select first the target STM32F4xx device used in your application (in stm32f4xx.h file)"
compiling stm32f4xx_hal_hcd.c...
.\cmsisboot\stm32f4xx.h(144): error:  #35: #error directive: "Please select first the target STM32F4xx device used in your application (in stm32f4xx.h file)"
compiling stm32f4xx_hal_i2c.c...
.\cmsisboot\stm32f4xx.h(144): error:  #35: #error directive: "Please select first the target STM32F4xx device used in your application (in stm32f4xx.h file)"
compiling stm32f4xx_hal_i2c_ex.c...
.\cmsisboot\stm32f4xx.h(144): error:  #35: #error directive: "Please select first the target STM32F4xx device used in your application (in stm32f4xx.h file)"
compiling stm32f4xx_hal_i2s.c...
.\cmsisboot\stm32f4xx.h(144): error:  #35: #error directive: "Please select first the target STM32F4xx device used in your application (in stm32f4xx.h file)"
compiling stm32f4xx_hal_i2s_ex.c...
.\cmsisboot\stm32f4xx.h(144): error:  #35: #error directive: "Please select first the target STM32F4xx device used in your application (in stm32f4xx.h file)"
compiling stm32f4xx_hal_irda.c...
.\cmsisboot\stm32f4xx.h(144): error:  #35: #error directive: "Please select first the target STM32F4xx device used in your application (in stm32f4xx.h file)"
compiling stm32f4xx_hal_iwdg.c...
.\cmsisboot\stm32f4xx.h(144): error:  #35: #error directive: "Please select first the target STM32F4xx device used in your application (in stm32f4xx.h file)"
compiling stm32f4xx_hal_ltdc.c...
.\cmsisboot\stm32f4xx.h(144): error:  #35: #error directive: "Please select first the target STM32F4xx device used in your application (in stm32f4xx.h file)"
compiling stm32f4xx_hal_msp_template.c...
.\cmsisboot\stm32f4xx.h(144): error:  #35: #error directive: "Please select first the target STM32F4xx device used in your application (in stm32f4xx.h file)"
compiling stm32f4xx_hal_nand.c...
.\cmsisboot\stm32f4xx.h(144): error:  #35: #error directive: "Please select first the target STM32F4xx device used in your application (in stm32f4xx.h file)"
compiling stm32f4xx_hal_nor.c...
.\cmsisboot\stm32f4xx.h(144): error:  #35: #error directive: "Please select first the target STM32F4xx device used in your application (in stm32f4xx.h file)"
compiling stm32f4xx_hal_pccard.c...
.\cmsisboot\stm32f4xx.h(144): error:  #35: #error directive: "Please select first the target STM32F4xx device used in your application (in stm32f4xx.h file)"
compiling stm32f4xx_hal_pcd.c...
.\cmsisboot\stm32f4xx.h(144): error:  #35: #error directive: "Please select first the target STM32F4xx device used in your application (in stm32f4xx.h file)"
compiling stm32f4xx_hal_pcd_ex.c...
.\cmsisboot\stm32f4xx.h(144): error:  #35: #error directive: "Please select first the target STM32F4xx device used in your application (in stm32f4xx.h file)"
compiling stm32f4xx_hal_pwr.c...
.\cmsisboot\stm32f4xx.h(144): error:  #35: #error directive: "Please select first the target STM32F4xx device used in your application (in stm32f4xx.h file)"
compiling stm32f4xx_hal_pwr_ex.c...
.\cmsisboot\stm32f4xx.h(144): error:  #35: #error directive: "Please select first the target STM32F4xx device used in your application (in stm32f4xx.h file)"
compiling stm32f4xx_hal_rcc.c...
.\cmsisboot\stm32f4xx.h(144): error:  #35: #error directive: "Please select first the target STM32F4xx device used in your application (in stm32f4xx.h file)"
compiling stm32f4xx_hal_rcc_ex.c...
.\cmsisboot\stm32f4xx.h(144): error:  #35: #error directive: "Please select first the target STM32F4xx device used in your application (in stm32f4xx.h file)"
compiling stm32f4xx_hal_rng.c...
.\cmsisboot\stm32f4xx.h(144): error:  #35: #error directive: "Please select first the target STM32F4xx device used in your application (in stm32f4xx.h file)"
compiling stm32f4xx_hal_rtc.c...
.\cmsisboot\stm32f4xx.h(144): error:  #35: #error directive: "Please select first the target STM32F4xx device used in your application (in stm32f4xx.h file)"
compiling stm32f4xx_hal_rtc_ex.c...
.\cmsisboot\stm32f4xx.h(144): error:  #35: #error directive: "Please select first the target STM32F4xx device used in your application (in stm32f4xx.h file)"
compiling stm32f4xx_hal_sai.c...
.\cmsisboot\stm32f4xx.h(144): error:  #35: #error directive: "Please select first the target STM32F4xx device used in your application (in stm32f4xx.h file)"
compiling stm32f4xx_hal_sd.c...
.\cmsisboot\stm32f4xx.h(144): error:  #35: #error directive: "Please select first the target STM32F4xx device used in your application (in stm32f4xx.h file)"
compiling stm32f4xx_hal_sdram.c...
.\cmsisboot\stm32f4xx.h(144): error:  #35: #error directive: "Please select first the target STM32F4xx device used in your application (in stm32f4xx.h file)"
compiling stm32f4xx_hal_smartcard.c...
.\cmsisboot\stm32f4xx.h(144): error:  #35: #error directive: "Please select first the target STM32F4xx device used in your application (in stm32f4xx.h file)"
compiling stm32f4xx_hal_spi.c...
.\cmsisboot\stm32f4xx.h(144): error:  #35: #error directive: "Please select first the target STM32F4xx device used in your application (in stm32f4xx.h file)"
compiling stm32f4xx_hal_sram.c...
.\cmsisboot\stm32f4xx.h(144): error:  #35: #error directive: "Please select first the target STM32F4xx device used in your application (in stm32f4xx.h file)"
compiling stm32f4xx_hal_tim.c...
.\cmsisboot\stm32f4xx.h(144): error:  #35: #error directive: "Please select first the target STM32F4xx device used in your application (in stm32f4xx.h file)"
compiling stm32f4xx_hal_tim_ex.c...
.\cmsisboot\stm32f4xx.h(144): error:  #35: #error directive: "Please select first the target STM32F4xx device used in your application (in stm32f4xx.h file)"
compiling stm32f4xx_hal_uart.c...
.\cmsisboot\stm32f4xx.h(144): error:  #35: #error directive: "Please select first the target STM32F4xx device used in your application (in stm32f4xx.h file)"
compiling stm32f4xx_hal_usart.c...
.\cmsisboot\stm32f4xx.h(144): error:  #35: #error directive: "Please select first the target STM32F4xx device used in your application (in stm32f4xx.h file)"
compiling stm32f4xx_hal_wwdg.c...
.\cmsisboot\stm32f4xx.h(144): error:  #35: #error directive: "Please select first the target STM32F4xx device used in your application (in stm32f4xx.h file)"
compiling stm32f4xx_ll_fmc.c...
.\cmsisboot\stm32f4xx.h(144): error:  #35: #error directive: "Please select first the target STM32F4xx device used in your application (in stm32f4xx.h file)"
compiling stm32f4xx_ll_fsmc.c...
.\cmsisboot\stm32f4xx.h(144): error:  #35: #error directive: "Please select first the target STM32F4xx device used in your application (in stm32f4xx.h file)"
compiling stm32f4xx_ll_sdmmc.c...
.\cmsisboot\stm32f4xx.h(144): error:  #35: #error directive: "Please select first the target STM32F4xx device used in your application (in stm32f4xx.h file)"
compiling stm32f4xx_ll_usb.c...
.\cmsisboot\stm32f4xx.h(144): error:  #35: #error directive: "Please select first the target STM32F4xx device used in your application (in stm32f4xx.h file)"
compiling main.c...
.\cmsisboot\stm32f4xx.h(144): error:  #35: #error directive: "Please select first the target STM32F4xx device used in your application (in stm32f4xx.h file)"
compiling stm32f4xx_it.c...
.\cmsisboot\stm32f4xx.h(144): error:  #35: #error directive: "Please select first the target STM32F4xx device used in your application (in stm32f4xx.h file)"
".\output\STM32F407_CUBELIB_SSD1963.axf" - 60 Errors, 0 Warning(s).
Target not created
Build target 'STM32F407_CUBELIB_SSD1963'
assembling startup_stm32f407xx.s...
compiling system_stm32f4xx.c...
compiling stm32f4xx_hal.c...
compiling stm32f4xx_hal_adc.c...
compiling stm32f4xx_hal_adc_ex.c...
compiling stm32f4xx_hal_can.c...
compiling stm32f4xx_hal_cortex.c...
compiling stm32f4xx_hal_crc.c...
compiling stm32f4xx_hal_cryp.c...
compiling stm32f4xx_hal_cryp_ex.c...
compiling stm32f4xx_hal_dac.c...
compiling stm32f4xx_hal_dac_ex.c...
compiling stm32f4xx_hal_dcmi.c...
compiling stm32f4xx_hal_dma.c...
compiling stm32f4xx_hal_dma_ex.c...
compiling stm32f4xx_hal_dma2d.c...
compiling stm32f4xx_hal_eth.c...
compiling stm32f4xx_hal_flash.c...
compiling stm32f4xx_hal_flash_ex.c...
compiling stm32f4xx_hal_flash_ramfunc.c...
compiling stm32f4xx_hal_gpio.c...
compiling stm32f4xx_hal_hash.c...
compiling stm32f4xx_hal_hash_ex.c...
compiling stm32f4xx_hal_hcd.c...
compiling stm32f4xx_hal_i2c.c...
compiling stm32f4xx_hal_i2c_ex.c...
compiling stm32f4xx_hal_i2s.c...
compiling stm32f4xx_hal_i2s_ex.c...
compiling stm32f4xx_hal_irda.c...
compiling stm32f4xx_hal_iwdg.c...
compiling stm32f4xx_hal_ltdc.c...
compiling stm32f4xx_hal_msp_template.c...
compiling stm32f4xx_hal_nand.c...
compiling stm32f4xx_hal_nor.c...
compiling stm32f4xx_hal_pccard.c...
compiling stm32f4xx_hal_pcd.c...
compiling stm32f4xx_hal_pcd_ex.c...
compiling stm32f4xx_hal_pwr.c...
compiling stm32f4xx_hal_pwr_ex.c...
compiling stm32f4xx_hal_rcc.c...
compiling stm32f4xx_hal_rcc_ex.c...
compiling stm32f4xx_hal_rng.c...
compiling stm32f4xx_hal_rtc.c...
compiling stm32f4xx_hal_rtc_ex.c...
compiling stm32f4xx_hal_sai.c...
compiling stm32f4xx_hal_sd.c...
compiling stm32f4xx_hal_sdram.c...
compiling stm32f4xx_hal_smartcard.c...
compiling stm32f4xx_hal_spi.c...
compiling stm32f4xx_hal_sram.c...
compiling stm32f4xx_hal_tim.c...
compiling stm32f4xx_hal_tim_ex.c...
compiling stm32f4xx_hal_uart.c...
compiling stm32f4xx_hal_usart.c...
compiling stm32f4xx_hal_wwdg.c...
compiling stm32f4xx_ll_fmc.c...
compiling stm32f4xx_ll_fsmc.c...
compiling stm32f4xx_ll_sdmmc.c...
compiling stm32f4xx_ll_usb.c...
compiling main.c...
user\main.h(44): error:  #5: cannot open source input file "stm32f4_discovery.h": No such file or directory
compiling stm32f4xx_it.c...
user\main.h(44): error:  #5: cannot open source input file "stm32f4_discovery.h": No such file or directory
".\output\STM32F407_CUBELIB_SSD1963.axf" - 2 Errors, 0 Warning(s).
Target not created
Build target 'STM32F407_CUBELIB_SSD1963'
compiling system_stm32f4xx.c...
compiling stm32f4xx_hal.c...
compiling stm32f4xx_hal_adc.c...
compiling stm32f4xx_hal_adc_ex.c...
compiling stm32f4xx_hal_can.c...
compiling stm32f4xx_hal_cortex.c...
compiling stm32f4xx_hal_crc.c...
compiling stm32f4xx_hal_cryp.c...
compiling stm32f4xx_hal_cryp_ex.c...
compiling stm32f4xx_hal_dac.c...
compiling stm32f4xx_hal_dac_ex.c...
compiling stm32f4xx_hal_dcmi.c...
compiling stm32f4xx_hal_dma.c...
compiling stm32f4xx_hal_dma_ex.c...
compiling stm32f4xx_hal_dma2d.c...
compiling stm32f4xx_hal_eth.c...
compiling stm32f4xx_hal_flash.c...
compiling stm32f4xx_hal_flash_ex.c...
compiling stm32f4xx_hal_flash_ramfunc.c...
compiling stm32f4xx_hal_gpio.c...
compiling stm32f4xx_hal_hash.c...
compiling stm32f4xx_hal_hash_ex.c...
compiling stm32f4xx_hal_hcd.c...
compiling stm32f4xx_hal_i2c.c...
compiling stm32f4xx_hal_i2c_ex.c...
compiling stm32f4xx_hal_i2s.c...
compiling stm32f4xx_hal_i2s_ex.c...
compiling stm32f4xx_hal_irda.c...
compiling stm32f4xx_hal_iwdg.c...
compiling stm32f4xx_hal_ltdc.c...
compiling stm32f4xx_hal_msp_template.c...
compiling stm32f4xx_hal_nand.c...
compiling stm32f4xx_hal_nor.c...
compiling stm32f4xx_hal_pccard.c...
compiling stm32f4xx_hal_pcd.c...
compiling stm32f4xx_hal_pcd_ex.c...
compiling stm32f4xx_hal_pwr.c...
compiling stm32f4xx_hal_pwr_ex.c...
compiling stm32f4xx_hal_rcc.c...
compiling stm32f4xx_hal_rcc_ex.c...
compiling stm32f4xx_hal_rng.c...
compiling stm32f4xx_hal_rtc.c...
compiling stm32f4xx_hal_rtc_ex.c...
compiling stm32f4xx_hal_sai.c...
compiling stm32f4xx_hal_sd.c...
compiling stm32f4xx_hal_sdram.c...
compiling stm32f4xx_hal_smartcard.c...
compiling stm32f4xx_hal_spi.c...
compiling stm32f4xx_hal_sram.c...
compiling stm32f4xx_hal_tim.c...
compiling stm32f4xx_hal_tim_ex.c...
compiling stm32f4xx_hal_uart.c...
compiling stm32f4xx_hal_usart.c...
compiling stm32f4xx_hal_wwdg.c...
compiling stm32f4xx_ll_fmc.c...
compiling stm32f4xx_ll_fsmc.c...
compiling stm32f4xx_ll_sdmmc.c...
compiling stm32f4xx_ll_usb.c...
compiling main.c...
user\main.c(82): warning:  #223-D: function "BSP_LED_Init" declared implicitly
user\main.c(82): error:  #20: identifier "LED3" is undefined
user\main.c(83): error:  #20: identifier "LED4" is undefined
user\main.c(84): error:  #20: identifier "LED5" is undefined
user\main.c(85): error:  #20: identifier "LED6" is undefined
user\main.c(189): error:  #20: identifier "KEY_BUTTON_PIN" is undefined
user\main.c(192): warning:  #223-D: function "BSP_LED_Toggle" declared implicitly
user\main.c(192): error:  #20: identifier "LED3" is undefined
user\main.c(194): error:  #20: identifier "LED4" is undefined
user\main.c(196): error:  #20: identifier "LED5" is undefined
user\main.c(198): error:  #20: identifier "LED6" is undefined
user\main.c(210): warning:  #223-D: function "BSP_LED_On" declared implicitly
user\main.c(210): error:  #20: identifier "LED5" is undefined
compiling stm32f4xx_it.c...
user\stm32f4xx_it.c(175): error:  #20: identifier "KEY_BUTTON_PIN" is undefined
".\output\STM32F407_CUBELIB_SSD1963.axf" - 11 Errors, 3 Warning(s).
Target not created
Build target 'STM32F407_CUBELIB_SSD1963'
compiling main.c...
user\main.c(186): error:  #20: identifier "KEY_BUTTON_PIN" is undefined
user\main.c(189): warning:  #223-D: function "BSP_LED_Toggle" declared implicitly
user\main.c(189): error:  #20: identifier "LED3" is undefined
user\main.c(191): error:  #20: identifier "LED4" is undefined
user\main.c(193): error:  #20: identifier "LED5" is undefined
user\main.c(195): error:  #20: identifier "LED6" is undefined
user\main.c(207): warning:  #223-D: function "BSP_LED_On" declared implicitly
user\main.c(207): error:  #20: identifier "LED5" is undefined
user\main.c(161): warning:  #177-D: function "EXTILine0_Config" was declared but never referenced
compiling stm32f4xx_it.c...
".\output\STM32F407_CUBELIB_SSD1963.axf" - 6 Errors, 3 Warning(s).
Target not created
Build target 'STM32F407_CUBELIB_SSD1963'
compiling main.c...
user\main.c(56): error:  #114: function "Error_Handler" was referenced but not defined
user\main.c(57): warning:  #177-D: function "EXTILine0_Config" was declared but never referenced
compiling stm32f4xx_it.c...
".\output\STM32F407_CUBELIB_SSD1963.axf" - 1 Errors, 1 Warning(s).
Target not created
Build target 'STM32F407_CUBELIB_SSD1963'
compiling main.c...
user\main.c(139): warning:  #223-D: function "Error_Handler" declared implicitly
user\main.c(151): warning:  #223-D: function "Error_Handler" declared implicitly
linking...
.\output\STM32F407_CUBELIB_SSD1963.axf: Error: L6218E: Undefined symbol Error_Handler (referred from main.o).
".\output\STM32F407_CUBELIB_SSD1963.axf" - 1 Errors, 2 Warning(s).
Target not created
Build target 'STM32F407_CUBELIB_SSD1963'
compiling main.c...
user\main.c(148): warning:  #223-D: function "Error_Handler" declared implicitly
user\main.c(118): warning:  #550-D: variable "RCC_OscInitStruct" was set but never used
linking...
.\output\STM32F407_CUBELIB_SSD1963.axf: Error: L6218E: Undefined symbol Error_Handler (referred from main.o).
".\output\STM32F407_CUBELIB_SSD1963.axf" - 1 Errors, 2 Warning(s).
Target not created
Build target 'STM32F407_CUBELIB_SSD1963'
compiling main.c...
user\main.c(117): warning:  #550-D: variable "RCC_ClkInitStruct" was set but never used
user\main.c(118): warning:  #550-D: variable "RCC_OscInitStruct" was set but never used
linking...
Program Size: Code=5292 RO-data=440 RW-data=24 ZI-data=1632  
".\output\STM32F407_CUBELIB_SSD1963.axf" - 0 Errors, 2 Warning(s).
Build target 'STM32F407_CUBELIB_SSD1963'
compiling main.c...
user\main.c(117): warning:  #550-D: variable "RCC_ClkInitStruct" was set but never used
user\main.c(118): warning:  #550-D: variable "RCC_OscInitStruct" was set but never used
linking...
Program Size: Code=5292 RO-data=440 RW-data=24 ZI-data=1632  
".\output\STM32F407_CUBELIB_SSD1963.axf" - 0 Errors, 2 Warning(s).
Build target 'STM32F407_CUBELIB_SSD1963'
compiling main.c...
linking...
Program Size: Code=5308 RO-data=440 RW-data=24 ZI-data=1632  
".\output\STM32F407_CUBELIB_SSD1963.axf" - 0 Errors, 0 Warning(s).
Build target 'STM32F407_CUBELIB_SSD1963'
compiling main.c...
linking...
Program Size: Code=5308 RO-data=440 RW-data=24 ZI-data=1632  
".\output\STM32F407_CUBELIB_SSD1963.axf" - 0 Errors, 0 Warning(s).
Build target 'STM32F407_CUBELIB_SSD1963'
compiling main.c...
linking...
Program Size: Code=5308 RO-data=440 RW-data=24 ZI-data=1632  
".\output\STM32F407_CUBELIB_SSD1963.axf" - 0 Errors, 0 Warning(s).
Build target 'STM32F407_CUBELIB_SSD1963'
compiling main.c...
linking...
Program Size: Code=5308 RO-data=440 RW-data=24 ZI-data=1632  
".\output\STM32F407_CUBELIB_SSD1963.axf" - 0 Errors, 0 Warning(s).
Build target 'STM32F407_CUBELIB_SSD1963'
compiling main.c...
linking...
Program Size: Code=5308 RO-data=440 RW-data=24 ZI-data=1632  
".\output\STM32F407_CUBELIB_SSD1963.axf" - 0 Errors, 0 Warning(s).
Build target 'STM32F407_CUBELIB_SSD1963'
compiling main.c...
linking...
Program Size: Code=5308 RO-data=440 RW-data=24 ZI-data=1632  
".\output\STM32F407_CUBELIB_SSD1963.axf" - 0 Errors, 0 Warning(s).
Build target 'STM32F407_CUBELIB_SSD1963'
compiling main.c...
linking...
Program Size: Code=5308 RO-data=440 RW-data=24 ZI-data=1632  
".\output\STM32F407_CUBELIB_SSD1963.axf" - 0 Errors, 0 Warning(s).
