<html>
<body>
<pre>
<h1>µVision Build Log</h1>
<h2>Project:</h2>
D:\My_temp_project\My_STM32F407_Project\My_DISCO_STM32F407_emWin\Demo\My_DISCO_emWin.uvproj
Project File Date:  09/20/2015

<h2>Output:</h2>
Build target 'Emwin_Demo'
assembling startup_stm32f40xx.s...
compiling system_stm32f4xx.c...
compiling misc.c...
compiling stm32f4xx_adc.c...
compiling stm32f4xx_can.c...
compiling stm32f4xx_cec.c...
compiling stm32f4xx_crc.c...
compiling stm32f4xx_cryp.c...
compiling stm32f4xx_cryp_aes.c...
compiling stm32f4xx_cryp_des.c...
compiling stm32f4xx_cryp_tdes.c...
compiling stm32f4xx_dac.c...
compiling stm32f4xx_dbgmcu.c...
compiling stm32f4xx_dcmi.c...
compiling stm32f4xx_dma.c...
compiling stm32f4xx_dma2d.c...
compiling stm32f4xx_exti.c...
compiling stm32f4xx_flash.c...
compiling stm32f4xx_flash_ramfunc.c...
compiling stm32f4xx_fmc.c...
StdPeriph_Driver\src\stm32f4xx_fmc.c(144): error:  #20: identifier "FMC_Bank1" is undefined
StdPeriph_Driver\src\stm32f4xx_fmc.c(149): error:  #20: identifier "FMC_Bank1" is undefined
StdPeriph_Driver\src\stm32f4xx_fmc.c(151): error:  #20: identifier "FMC_Bank1" is undefined
StdPeriph_Driver\src\stm32f4xx_fmc.c(152): error:  #20: identifier "FMC_Bank1E" is undefined
StdPeriph_Driver\src\stm32f4xx_fmc.c(191): error:  #20: identifier "FMC_Bank1" is undefined
StdPeriph_Driver\src\stm32f4xx_fmc.c(195): error:  #20: identifier "FMC_BCR1_MBKEN" is undefined
StdPeriph_Driver\src\stm32f4xx_fmc.c(195): error:  #20: identifier "FMC_BCR1_MUXEN" is undefined
StdPeriph_Driver\src\stm32f4xx_fmc.c(195): error:  #20: identifier "FMC_BCR1_MTYP" is undefined
StdPeriph_Driver\src\stm32f4xx_fmc.c(196): error:  #20: identifier "FMC_BCR1_MWID" is undefined
StdPeriph_Driver\src\stm32f4xx_fmc.c(196): error:  #20: identifier "FMC_BCR1_FACCEN" is undefined
StdPeriph_Driver\src\stm32f4xx_fmc.c(196): error:  #20: identifier "FMC_BCR1_BURSTEN" is undefined
StdPeriph_Driver\src\stm32f4xx_fmc.c(197): error:  #20: identifier "FMC_BCR1_WAITPOL" is undefined
StdPeriph_Driver\src\stm32f4xx_fmc.c(197): error:  #20: identifier "FMC_BCR1_WRAPMOD" is undefined
StdPeriph_Driver\src\stm32f4xx_fmc.c(197): error:  #20: identifier "FMC_BCR1_WAITCFG" is undefined
StdPeriph_Driver\src\stm32f4xx_fmc.c(198): error:  #20: identifier "FMC_BCR1_WREN" is undefined
StdPeriph_Driver\src\stm32f4xx_fmc.c(198): error:  #20: identifier "FMC_BCR1_WAITEN" is undefined
StdPeriph_Driver\src\stm32f4xx_fmc.c(198): error:  #20: identifier "FMC_BCR1_EXTMOD" is undefined
StdPeriph_Driver\src\stm32f4xx_fmc.c(199): error:  #20: identifier "FMC_BCR1_ASYNCWAIT" is undefined
StdPeriph_Driver\src\stm32f4xx_fmc.c(199): error:  #20: identifier "FMC_BCR1_CBURSTRW" is undefined
StdPeriph_Driver\src\stm32f4xx_fmc.c(199): error:  #20: identifier "FMC_BCR1_CCLKEN" is undefined
StdPeriph_Driver\src\stm32f4xx_fmc.c(253): error:  #20: identifier "FMC_Bank1E" is undefined
StdPeriph_Driver\src\stm32f4xx_fmc.c(263): error:  #20: identifier "FMC_Bank1E" is undefined
StdPeriph_Driver\src\stm32f4xx_fmc.c(315): error:  #20: identifier "FMC_Bank1" is undefined
StdPeriph_Driver\src\stm32f4xx_fmc.c(320): error:  #20: identifier "FMC_Bank1" is undefined
StdPeriph_Driver\src\stm32f4xx_fmc.c(388): error:  #20: identifier "FMC_Bank2" is undefined
StdPeriph_Driver\src\stm32f4xx_fmc.c(397): error:  #20: identifier "FMC_Bank3" is undefined
StdPeriph_Driver\src\stm32f4xx_fmc.c(435): error:  #20: identifier "FMC_Bank2" is undefined
StdPeriph_Driver\src\stm32f4xx_fmc.c(440): error:  #20: identifier "FMC_Bank3" is undefined
StdPeriph_Driver\src\stm32f4xx_fmc.c(444): error:  #20: identifier "FMC_PCR2_PWAITEN" is undefined
StdPeriph_Driver\src\stm32f4xx_fmc.c(444): error:  #20: identifier "FMC_PCR2_PBKEN" is undefined
compiling stm32f4xx_fmpi2c.c...
compiling stm32f4xx_fsmc.c...
compiling stm32f4xx_gpio.c...
compiling stm32f4xx_hash.c...
compiling stm32f4xx_hash_md5.c...
compiling stm32f4xx_hash_sha1.c...
compiling stm32f4xx_i2c.c...
compiling stm32f4xx_iwdg.c...
compiling stm32f4xx_ltdc.c...
compiling stm32f4xx_pwr.c...
compiling stm32f4xx_qspi.c...
compiling stm32f4xx_rcc.c...
compiling stm32f4xx_rng.c...
compiling stm32f4xx_rtc.c...
compiling stm32f4xx_sai.c...
compiling stm32f4xx_sdio.c...
compiling stm32f4xx_spdifrx.c...
compiling stm32f4xx_spi.c...
compiling stm32f4xx_syscfg.c...
compiling stm32f4xx_tim.c...
compiling stm32f4xx_usart.c...
compiling stm32f4xx_wwdg.c...
compiling GUIConf.c...
compiling GUIDRV_Template.c...
.\emWin522\inc\LCD_Private.h(57): error:  #5: cannot open source input file "LCDConf.h": No such file or directory
compiling LCDConf_Lin_Template.c...
emWin522\Config\LCDConf_Lin_Template.c(164): error:  #20: identifier "CUSTOM_LCD_CopyBuffer" is undefined
emWin522\Config\LCDConf_Lin_Template.c(165): error:  #20: identifier "CUSTOM_LCD_CopyRect" is undefined
emWin522\Config\LCDConf_Lin_Template.c(166): error:  #20: identifier "CUSTOM_LCD_FillRect" is undefined
emWin522\Config\LCDConf_Lin_Template.c(167): error:  #20: identifier "CUSTOM_LCD_DrawBitmap8bpp" is undefined
emWin522\Config\LCDConf_Lin_Template.c(168): error:  #20: identifier "CUSTOM_LCD_DrawBitmap16bpp" is undefined
emWin522\Config\LCDConf_Lin_Template.c(211): warning:  #550-D: variable "p" was set but never used
emWin522\Config\LCDConf_Lin_Template.c(220): warning:  #550-D: variable "p" was set but never used
emWin522\Config\LCDConf_Lin_Template.c(229): warning:  #550-D: variable "p" was set but never used
emWin522\Config\LCDConf_Lin_Template.c(238): warning:  #550-D: variable "p" was set but never used
compiling GUI_X.c...
compiling TFT.c...
BSP\tft.h(5): error:  #5: cannot open source input file "fonts.h": No such file or directory
compiling main.c...
USER\main.h(46): error:  #35: #error directive: "Please select first the Evaluation board used in your application (in Project Options)"
compiling stm32f4xx_it.c...
".\My_DISCO_emWin.axf" - 38 Errors, 4 Warning(s).
Target not created
Build target 'Emwin_Demo'
compiling system_stm32f4xx.c...
compiling misc.c...
compiling stm32f4xx_adc.c...
compiling stm32f4xx_can.c...
compiling stm32f4xx_cec.c...
compiling stm32f4xx_crc.c...
compiling stm32f4xx_cryp.c...
compiling stm32f4xx_cryp_aes.c...
compiling stm32f4xx_cryp_des.c...
compiling stm32f4xx_cryp_tdes.c...
compiling stm32f4xx_dac.c...
compiling stm32f4xx_dbgmcu.c...
compiling stm32f4xx_dcmi.c...
compiling stm32f4xx_dma.c...
compiling stm32f4xx_dma2d.c...
compiling stm32f4xx_exti.c...
compiling stm32f4xx_flash.c...
compiling stm32f4xx_flash_ramfunc.c...
compiling stm32f4xx_fmc.c...
StdPeriph_Driver\src\stm32f4xx_fmc.c(144): error:  #20: identifier "FMC_Bank1" is undefined
StdPeriph_Driver\src\stm32f4xx_fmc.c(149): error:  #20: identifier "FMC_Bank1" is undefined
StdPeriph_Driver\src\stm32f4xx_fmc.c(151): error:  #20: identifier "FMC_Bank1" is undefined
StdPeriph_Driver\src\stm32f4xx_fmc.c(152): error:  #20: identifier "FMC_Bank1E" is undefined
StdPeriph_Driver\src\stm32f4xx_fmc.c(191): error:  #20: identifier "FMC_Bank1" is undefined
StdPeriph_Driver\src\stm32f4xx_fmc.c(195): error:  #20: identifier "FMC_BCR1_MBKEN" is undefined
StdPeriph_Driver\src\stm32f4xx_fmc.c(195): error:  #20: identifier "FMC_BCR1_MUXEN" is undefined
StdPeriph_Driver\src\stm32f4xx_fmc.c(195): error:  #20: identifier "FMC_BCR1_MTYP" is undefined
StdPeriph_Driver\src\stm32f4xx_fmc.c(196): error:  #20: identifier "FMC_BCR1_MWID" is undefined
StdPeriph_Driver\src\stm32f4xx_fmc.c(196): error:  #20: identifier "FMC_BCR1_FACCEN" is undefined
StdPeriph_Driver\src\stm32f4xx_fmc.c(196): error:  #20: identifier "FMC_BCR1_BURSTEN" is undefined
StdPeriph_Driver\src\stm32f4xx_fmc.c(197): error:  #20: identifier "FMC_BCR1_WAITPOL" is undefined
StdPeriph_Driver\src\stm32f4xx_fmc.c(197): error:  #20: identifier "FMC_BCR1_WRAPMOD" is undefined
StdPeriph_Driver\src\stm32f4xx_fmc.c(197): error:  #20: identifier "FMC_BCR1_WAITCFG" is undefined
StdPeriph_Driver\src\stm32f4xx_fmc.c(198): error:  #20: identifier "FMC_BCR1_WREN" is undefined
StdPeriph_Driver\src\stm32f4xx_fmc.c(198): error:  #20: identifier "FMC_BCR1_WAITEN" is undefined
StdPeriph_Driver\src\stm32f4xx_fmc.c(198): error:  #20: identifier "FMC_BCR1_EXTMOD" is undefined
StdPeriph_Driver\src\stm32f4xx_fmc.c(199): error:  #20: identifier "FMC_BCR1_ASYNCWAIT" is undefined
StdPeriph_Driver\src\stm32f4xx_fmc.c(199): error:  #20: identifier "FMC_BCR1_CBURSTRW" is undefined
StdPeriph_Driver\src\stm32f4xx_fmc.c(199): error:  #20: identifier "FMC_BCR1_CCLKEN" is undefined
StdPeriph_Driver\src\stm32f4xx_fmc.c(253): error:  #20: identifier "FMC_Bank1E" is undefined
StdPeriph_Driver\src\stm32f4xx_fmc.c(263): error:  #20: identifier "FMC_Bank1E" is undefined
StdPeriph_Driver\src\stm32f4xx_fmc.c(315): error:  #20: identifier "FMC_Bank1" is undefined
StdPeriph_Driver\src\stm32f4xx_fmc.c(320): error:  #20: identifier "FMC_Bank1" is undefined
StdPeriph_Driver\src\stm32f4xx_fmc.c(388): error:  #20: identifier "FMC_Bank2" is undefined
StdPeriph_Driver\src\stm32f4xx_fmc.c(397): error:  #20: identifier "FMC_Bank3" is undefined
StdPeriph_Driver\src\stm32f4xx_fmc.c(435): error:  #20: identifier "FMC_Bank2" is undefined
StdPeriph_Driver\src\stm32f4xx_fmc.c(440): error:  #20: identifier "FMC_Bank3" is undefined
StdPeriph_Driver\src\stm32f4xx_fmc.c(444): error:  #20: identifier "FMC_PCR2_PWAITEN" is undefined
StdPeriph_Driver\src\stm32f4xx_fmc.c(444): error:  #20: identifier "FMC_PCR2_PBKEN" is undefined
compiling stm32f4xx_fmpi2c.c...
compiling stm32f4xx_fsmc.c...
compiling stm32f4xx_gpio.c...
compiling stm32f4xx_hash.c...
compiling stm32f4xx_hash_md5.c...
compiling stm32f4xx_hash_sha1.c...
compiling stm32f4xx_i2c.c...
compiling stm32f4xx_iwdg.c...
compiling stm32f4xx_ltdc.c...
compiling stm32f4xx_pwr.c...
compiling stm32f4xx_qspi.c...
compiling stm32f4xx_rcc.c...
compiling stm32f4xx_rng.c...
compiling stm32f4xx_rtc.c...
compiling stm32f4xx_sai.c...
compiling stm32f4xx_sdio.c...
compiling stm32f4xx_spdifrx.c...
compiling stm32f4xx_spi.c...
compiling stm32f4xx_syscfg.c...
compiling stm32f4xx_tim.c...
compiling stm32f4xx_usart.c...
compiling stm32f4xx_wwdg.c...
compiling GUIConf.c...
compiling GUIDRV_Template.c...
.\emWin522\inc\LCD_Private.h(57): error:  #5: cannot open source input file "LCDConf.h": No such file or directory
compiling LCDConf_Lin_Template.c...
emWin522\Config\LCDConf_Lin_Template.c(164): error:  #20: identifier "CUSTOM_LCD_CopyBuffer" is undefined
emWin522\Config\LCDConf_Lin_Template.c(165): error:  #20: identifier "CUSTOM_LCD_CopyRect" is undefined
emWin522\Config\LCDConf_Lin_Template.c(166): error:  #20: identifier "CUSTOM_LCD_FillRect" is undefined
emWin522\Config\LCDConf_Lin_Template.c(167): error:  #20: identifier "CUSTOM_LCD_DrawBitmap8bpp" is undefined
emWin522\Config\LCDConf_Lin_Template.c(168): error:  #20: identifier "CUSTOM_LCD_DrawBitmap16bpp" is undefined
emWin522\Config\LCDConf_Lin_Template.c(211): warning:  #550-D: variable "p" was set but never used
emWin522\Config\LCDConf_Lin_Template.c(220): warning:  #550-D: variable "p" was set but never used
emWin522\Config\LCDConf_Lin_Template.c(229): warning:  #550-D: variable "p" was set but never used
emWin522\Config\LCDConf_Lin_Template.c(238): warning:  #550-D: variable "p" was set but never used
compiling GUI_X.c...
compiling TFT.c...
BSP\tft.h(45): error:  #20: identifier "sFONT" is undefined
BSP\tft.h(48): error:  #20: identifier "sFONT" is undefined
BSP\TFT.c(2): error:  #5: cannot open source input file "delay.h": No such file or directory
compiling main.c...
USER\main.h(46): error:  #35: #error directive: "Please select first the Evaluation board used in your application (in Project Options)"
compiling stm32f4xx_it.c...
".\My_DISCO_emWin.axf" - 40 Errors, 4 Warning(s).
Target not created
Build target 'Emwin_Demo'
compiling stm32f4xx_fmc.c...
StdPeriph_Driver\src\stm32f4xx_fmc.c(144): error:  #20: identifier "FMC_Bank1" is undefined
StdPeriph_Driver\src\stm32f4xx_fmc.c(149): error:  #20: identifier "FMC_Bank1" is undefined
StdPeriph_Driver\src\stm32f4xx_fmc.c(151): error:  #20: identifier "FMC_Bank1" is undefined
StdPeriph_Driver\src\stm32f4xx_fmc.c(152): error:  #20: identifier "FMC_Bank1E" is undefined
StdPeriph_Driver\src\stm32f4xx_fmc.c(191): error:  #20: identifier "FMC_Bank1" is undefined
StdPeriph_Driver\src\stm32f4xx_fmc.c(195): error:  #20: identifier "FMC_BCR1_MBKEN" is undefined
StdPeriph_Driver\src\stm32f4xx_fmc.c(195): error:  #20: identifier "FMC_BCR1_MUXEN" is undefined
StdPeriph_Driver\src\stm32f4xx_fmc.c(195): error:  #20: identifier "FMC_BCR1_MTYP" is undefined
StdPeriph_Driver\src\stm32f4xx_fmc.c(196): error:  #20: identifier "FMC_BCR1_MWID" is undefined
StdPeriph_Driver\src\stm32f4xx_fmc.c(196): error:  #20: identifier "FMC_BCR1_FACCEN" is undefined
StdPeriph_Driver\src\stm32f4xx_fmc.c(196): error:  #20: identifier "FMC_BCR1_BURSTEN" is undefined
StdPeriph_Driver\src\stm32f4xx_fmc.c(197): error:  #20: identifier "FMC_BCR1_WAITPOL" is undefined
StdPeriph_Driver\src\stm32f4xx_fmc.c(197): error:  #20: identifier "FMC_BCR1_WRAPMOD" is undefined
StdPeriph_Driver\src\stm32f4xx_fmc.c(197): error:  #20: identifier "FMC_BCR1_WAITCFG" is undefined
StdPeriph_Driver\src\stm32f4xx_fmc.c(198): error:  #20: identifier "FMC_BCR1_WREN" is undefined
StdPeriph_Driver\src\stm32f4xx_fmc.c(198): error:  #20: identifier "FMC_BCR1_WAITEN" is undefined
StdPeriph_Driver\src\stm32f4xx_fmc.c(198): error:  #20: identifier "FMC_BCR1_EXTMOD" is undefined
StdPeriph_Driver\src\stm32f4xx_fmc.c(199): error:  #20: identifier "FMC_BCR1_ASYNCWAIT" is undefined
StdPeriph_Driver\src\stm32f4xx_fmc.c(199): error:  #20: identifier "FMC_BCR1_CBURSTRW" is undefined
StdPeriph_Driver\src\stm32f4xx_fmc.c(199): error:  #20: identifier "FMC_BCR1_CCLKEN" is undefined
StdPeriph_Driver\src\stm32f4xx_fmc.c(253): error:  #20: identifier "FMC_Bank1E" is undefined
StdPeriph_Driver\src\stm32f4xx_fmc.c(263): error:  #20: identifier "FMC_Bank1E" is undefined
StdPeriph_Driver\src\stm32f4xx_fmc.c(315): error:  #20: identifier "FMC_Bank1" is undefined
StdPeriph_Driver\src\stm32f4xx_fmc.c(320): error:  #20: identifier "FMC_Bank1" is undefined
StdPeriph_Driver\src\stm32f4xx_fmc.c(388): error:  #20: identifier "FMC_Bank2" is undefined
StdPeriph_Driver\src\stm32f4xx_fmc.c(397): error:  #20: identifier "FMC_Bank3" is undefined
StdPeriph_Driver\src\stm32f4xx_fmc.c(435): error:  #20: identifier "FMC_Bank2" is undefined
StdPeriph_Driver\src\stm32f4xx_fmc.c(440): error:  #20: identifier "FMC_Bank3" is undefined
StdPeriph_Driver\src\stm32f4xx_fmc.c(444): error:  #20: identifier "FMC_PCR2_PWAITEN" is undefined
StdPeriph_Driver\src\stm32f4xx_fmc.c(444): error:  #20: identifier "FMC_PCR2_PBKEN" is undefined
compiling GUIDRV_Template.c...
.\emWin522\inc\LCD_Private.h(57): error:  #5: cannot open source input file "LCDConf.h": No such file or directory
compiling LCDConf_Lin_Template.c...
emWin522\Config\LCDConf_Lin_Template.c(164): error:  #20: identifier "CUSTOM_LCD_CopyBuffer" is undefined
emWin522\Config\LCDConf_Lin_Template.c(165): error:  #20: identifier "CUSTOM_LCD_CopyRect" is undefined
emWin522\Config\LCDConf_Lin_Template.c(166): error:  #20: identifier "CUSTOM_LCD_FillRect" is undefined
emWin522\Config\LCDConf_Lin_Template.c(167): error:  #20: identifier "CUSTOM_LCD_DrawBitmap8bpp" is undefined
emWin522\Config\LCDConf_Lin_Template.c(168): error:  #20: identifier "CUSTOM_LCD_DrawBitmap16bpp" is undefined
emWin522\Config\LCDConf_Lin_Template.c(211): warning:  #550-D: variable "p" was set but never used
emWin522\Config\LCDConf_Lin_Template.c(220): warning:  #550-D: variable "p" was set but never used
emWin522\Config\LCDConf_Lin_Template.c(229): warning:  #550-D: variable "p" was set but never used
emWin522\Config\LCDConf_Lin_Template.c(238): warning:  #550-D: variable "p" was set but never used
compiling GUI_X.c...
compiling TFT.c...
BSP\tft.h(45): error:  #20: identifier "sFONT" is undefined
BSP\tft.h(48): error:  #20: identifier "sFONT" is undefined
BSP\TFT.c(81): warning:  #223-D: function "delay_ms" declared implicitly
BSP\TFT.c(139): warning:  #550-D: variable "dummy" was set but never used
BSP\TFT.c(169): warning:  #223-D: function "delay_ms" declared implicitly
BSP\TFT.c(220): warning:  #223-D: function "delay_ms" declared implicitly
BSP\TFT.c(289): error:  #20: identifier "Font16x24" is undefined
BSP\TFT.c(292): error:  #20: identifier "sFONT" is undefined
BSP\TFT.c(421): error:  #132: expression must have pointer-to-struct-or-union type
BSP\TFT.c(421): error:  #132: expression must have pointer-to-struct-or-union type
BSP\TFT.c(423): error:  #132: expression must have pointer-to-struct-or-union type
BSP\TFT.c(426): error:  #132: expression must have pointer-to-struct-or-union type
BSP\TFT.c(428): error:  #132: expression must have pointer-to-struct-or-union type
BSP\TFT.c(428): error:  #132: expression must have pointer-to-struct-or-union type
BSP\TFT.c(429): error:  #132: expression must have pointer-to-struct-or-union type
BSP\TFT.c(441): error:  #132: expression must have pointer-to-struct-or-union type
BSP\TFT.c(444): error:  #132: expression must have pointer-to-struct-or-union type
BSP\TFT.c(464): error:  #132: expression must have pointer-to-struct-or-union type
BSP\TFT.c(475): error:  #132: expression must have pointer-to-struct-or-union type
BSP\TFT.c(479): error:  #132: expression must have pointer-to-struct-or-union type
compiling main.c...
USER\main.h(46): error:  #35: #error directive: "Please select first the Evaluation board used in your application (in Project Options)"
compiling stm32f4xx_it.c...
".\My_DISCO_emWin.axf" - 53 Errors, 8 Warning(s).
Target not created
Build target 'Emwin_Demo'
compiling stm32f4xx_fmc.c...
StdPeriph_Driver\src\stm32f4xx_fmc.c(144): error:  #20: identifier "FMC_Bank1" is undefined
StdPeriph_Driver\src\stm32f4xx_fmc.c(149): error:  #20: identifier "FMC_Bank1" is undefined
StdPeriph_Driver\src\stm32f4xx_fmc.c(151): error:  #20: identifier "FMC_Bank1" is undefined
StdPeriph_Driver\src\stm32f4xx_fmc.c(152): error:  #20: identifier "FMC_Bank1E" is undefined
StdPeriph_Driver\src\stm32f4xx_fmc.c(191): error:  #20: identifier "FMC_Bank1" is undefined
StdPeriph_Driver\src\stm32f4xx_fmc.c(195): error:  #20: identifier "FMC_BCR1_MBKEN" is undefined
StdPeriph_Driver\src\stm32f4xx_fmc.c(195): error:  #20: identifier "FMC_BCR1_MUXEN" is undefined
StdPeriph_Driver\src\stm32f4xx_fmc.c(195): error:  #20: identifier "FMC_BCR1_MTYP" is undefined
StdPeriph_Driver\src\stm32f4xx_fmc.c(196): error:  #20: identifier "FMC_BCR1_MWID" is undefined
StdPeriph_Driver\src\stm32f4xx_fmc.c(196): error:  #20: identifier "FMC_BCR1_FACCEN" is undefined
StdPeriph_Driver\src\stm32f4xx_fmc.c(196): error:  #20: identifier "FMC_BCR1_BURSTEN" is undefined
StdPeriph_Driver\src\stm32f4xx_fmc.c(197): error:  #20: identifier "FMC_BCR1_WAITPOL" is undefined
StdPeriph_Driver\src\stm32f4xx_fmc.c(197): error:  #20: identifier "FMC_BCR1_WRAPMOD" is undefined
StdPeriph_Driver\src\stm32f4xx_fmc.c(197): error:  #20: identifier "FMC_BCR1_WAITCFG" is undefined
StdPeriph_Driver\src\stm32f4xx_fmc.c(198): error:  #20: identifier "FMC_BCR1_WREN" is undefined
StdPeriph_Driver\src\stm32f4xx_fmc.c(198): error:  #20: identifier "FMC_BCR1_WAITEN" is undefined
StdPeriph_Driver\src\stm32f4xx_fmc.c(198): error:  #20: identifier "FMC_BCR1_EXTMOD" is undefined
StdPeriph_Driver\src\stm32f4xx_fmc.c(199): error:  #20: identifier "FMC_BCR1_ASYNCWAIT" is undefined
StdPeriph_Driver\src\stm32f4xx_fmc.c(199): error:  #20: identifier "FMC_BCR1_CBURSTRW" is undefined
StdPeriph_Driver\src\stm32f4xx_fmc.c(199): error:  #20: identifier "FMC_BCR1_CCLKEN" is undefined
StdPeriph_Driver\src\stm32f4xx_fmc.c(253): error:  #20: identifier "FMC_Bank1E" is undefined
StdPeriph_Driver\src\stm32f4xx_fmc.c(263): error:  #20: identifier "FMC_Bank1E" is undefined
StdPeriph_Driver\src\stm32f4xx_fmc.c(315): error:  #20: identifier "FMC_Bank1" is undefined
StdPeriph_Driver\src\stm32f4xx_fmc.c(320): error:  #20: identifier "FMC_Bank1" is undefined
StdPeriph_Driver\src\stm32f4xx_fmc.c(388): error:  #20: identifier "FMC_Bank2" is undefined
StdPeriph_Driver\src\stm32f4xx_fmc.c(397): error:  #20: identifier "FMC_Bank3" is undefined
StdPeriph_Driver\src\stm32f4xx_fmc.c(435): error:  #20: identifier "FMC_Bank2" is undefined
StdPeriph_Driver\src\stm32f4xx_fmc.c(440): error:  #20: identifier "FMC_Bank3" is undefined
StdPeriph_Driver\src\stm32f4xx_fmc.c(444): error:  #20: identifier "FMC_PCR2_PWAITEN" is undefined
StdPeriph_Driver\src\stm32f4xx_fmc.c(444): error:  #20: identifier "FMC_PCR2_PBKEN" is undefined
compiling GUIDRV_Template.c...
.\emWin522\inc\LCD_Private.h(57): error:  #5: cannot open source input file "LCDConf.h": No such file or directory
compiling LCDConf_Lin_Template.c...
emWin522\Config\LCDConf_Lin_Template.c(164): error:  #20: identifier "CUSTOM_LCD_CopyBuffer" is undefined
emWin522\Config\LCDConf_Lin_Template.c(165): error:  #20: identifier "CUSTOM_LCD_CopyRect" is undefined
emWin522\Config\LCDConf_Lin_Template.c(166): error:  #20: identifier "CUSTOM_LCD_FillRect" is undefined
emWin522\Config\LCDConf_Lin_Template.c(167): error:  #20: identifier "CUSTOM_LCD_DrawBitmap8bpp" is undefined
emWin522\Config\LCDConf_Lin_Template.c(168): error:  #20: identifier "CUSTOM_LCD_DrawBitmap16bpp" is undefined
emWin522\Config\LCDConf_Lin_Template.c(211): warning:  #550-D: variable "p" was set but never used
emWin522\Config\LCDConf_Lin_Template.c(220): warning:  #550-D: variable "p" was set but never used
emWin522\Config\LCDConf_Lin_Template.c(229): warning:  #550-D: variable "p" was set but never used
emWin522\Config\LCDConf_Lin_Template.c(238): warning:  #550-D: variable "p" was set but never used
compiling TFT.c...
BSP\tft.h(45): error:  #20: identifier "sFONT" is undefined
BSP\tft.h(48): error:  #20: identifier "sFONT" is undefined
BSP\TFT.c(81): warning:  #223-D: function "delay_ms" declared implicitly
BSP\TFT.c(139): warning:  #550-D: variable "dummy" was set but never used
BSP\TFT.c(169): warning:  #223-D: function "delay_ms" declared implicitly
BSP\TFT.c(220): warning:  #223-D: function "delay_ms" declared implicitly
BSP\TFT.c(415): error:  #132: expression must have pointer-to-struct-or-union type
BSP\TFT.c(415): error:  #132: expression must have pointer-to-struct-or-union type
BSP\TFT.c(417): error:  #132: expression must have pointer-to-struct-or-union type
BSP\TFT.c(420): error:  #132: expression must have pointer-to-struct-or-union type
BSP\TFT.c(422): error:  #132: expression must have pointer-to-struct-or-union type
BSP\TFT.c(422): error:  #132: expression must have pointer-to-struct-or-union type
BSP\TFT.c(423): error:  #132: expression must have pointer-to-struct-or-union type
BSP\TFT.c(435): error:  #132: expression must have pointer-to-struct-or-union type
BSP\TFT.c(438): error:  #132: expression must have pointer-to-struct-or-union type
BSP\TFT.c(458): error:  #132: expression must have pointer-to-struct-or-union type
BSP\TFT.c(469): error:  #132: expression must have pointer-to-struct-or-union type
BSP\TFT.c(473): error:  #132: expression must have pointer-to-struct-or-union type
compiling main.c...
USER\main.h(46): error:  #35: #error directive: "Please select first the Evaluation board used in your application (in Project Options)"
".\My_DISCO_emWin.axf" - 51 Errors, 8 Warning(s).
Target not created
Build target 'Emwin_Demo'
compiling stm32f4xx_fmc.c...
StdPeriph_Driver\src\stm32f4xx_fmc.c(144): error:  #20: identifier "FMC_Bank1" is undefined
StdPeriph_Driver\src\stm32f4xx_fmc.c(149): error:  #20: identifier "FMC_Bank1" is undefined
StdPeriph_Driver\src\stm32f4xx_fmc.c(151): error:  #20: identifier "FMC_Bank1" is undefined
StdPeriph_Driver\src\stm32f4xx_fmc.c(152): error:  #20: identifier "FMC_Bank1E" is undefined
StdPeriph_Driver\src\stm32f4xx_fmc.c(191): error:  #20: identifier "FMC_Bank1" is undefined
StdPeriph_Driver\src\stm32f4xx_fmc.c(195): error:  #20: identifier "FMC_BCR1_MBKEN" is undefined
StdPeriph_Driver\src\stm32f4xx_fmc.c(195): error:  #20: identifier "FMC_BCR1_MUXEN" is undefined
StdPeriph_Driver\src\stm32f4xx_fmc.c(195): error:  #20: identifier "FMC_BCR1_MTYP" is undefined
StdPeriph_Driver\src\stm32f4xx_fmc.c(196): error:  #20: identifier "FMC_BCR1_MWID" is undefined
StdPeriph_Driver\src\stm32f4xx_fmc.c(196): error:  #20: identifier "FMC_BCR1_FACCEN" is undefined
StdPeriph_Driver\src\stm32f4xx_fmc.c(196): error:  #20: identifier "FMC_BCR1_BURSTEN" is undefined
StdPeriph_Driver\src\stm32f4xx_fmc.c(197): error:  #20: identifier "FMC_BCR1_WAITPOL" is undefined
StdPeriph_Driver\src\stm32f4xx_fmc.c(197): error:  #20: identifier "FMC_BCR1_WRAPMOD" is undefined
StdPeriph_Driver\src\stm32f4xx_fmc.c(197): error:  #20: identifier "FMC_BCR1_WAITCFG" is undefined
StdPeriph_Driver\src\stm32f4xx_fmc.c(198): error:  #20: identifier "FMC_BCR1_WREN" is undefined
StdPeriph_Driver\src\stm32f4xx_fmc.c(198): error:  #20: identifier "FMC_BCR1_WAITEN" is undefined
StdPeriph_Driver\src\stm32f4xx_fmc.c(198): error:  #20: identifier "FMC_BCR1_EXTMOD" is undefined
StdPeriph_Driver\src\stm32f4xx_fmc.c(199): error:  #20: identifier "FMC_BCR1_ASYNCWAIT" is undefined
StdPeriph_Driver\src\stm32f4xx_fmc.c(199): error:  #20: identifier "FMC_BCR1_CBURSTRW" is undefined
StdPeriph_Driver\src\stm32f4xx_fmc.c(199): error:  #20: identifier "FMC_BCR1_CCLKEN" is undefined
StdPeriph_Driver\src\stm32f4xx_fmc.c(253): error:  #20: identifier "FMC_Bank1E" is undefined
StdPeriph_Driver\src\stm32f4xx_fmc.c(263): error:  #20: identifier "FMC_Bank1E" is undefined
StdPeriph_Driver\src\stm32f4xx_fmc.c(315): error:  #20: identifier "FMC_Bank1" is undefined
StdPeriph_Driver\src\stm32f4xx_fmc.c(320): error:  #20: identifier "FMC_Bank1" is undefined
StdPeriph_Driver\src\stm32f4xx_fmc.c(388): error:  #20: identifier "FMC_Bank2" is undefined
StdPeriph_Driver\src\stm32f4xx_fmc.c(397): error:  #20: identifier "FMC_Bank3" is undefined
StdPeriph_Driver\src\stm32f4xx_fmc.c(435): error:  #20: identifier "FMC_Bank2" is undefined
StdPeriph_Driver\src\stm32f4xx_fmc.c(440): error:  #20: identifier "FMC_Bank3" is undefined
StdPeriph_Driver\src\stm32f4xx_fmc.c(444): error:  #20: identifier "FMC_PCR2_PWAITEN" is undefined
StdPeriph_Driver\src\stm32f4xx_fmc.c(444): error:  #20: identifier "FMC_PCR2_PBKEN" is undefined
compiling GUIDRV_Template.c...
.\emWin522\inc\LCD_Private.h(57): error:  #5: cannot open source input file "LCDConf.h": No such file or directory
compiling LCDConf_Lin_Template.c...
emWin522\Config\LCDConf_Lin_Template.c(164): error:  #20: identifier "CUSTOM_LCD_CopyBuffer" is undefined
emWin522\Config\LCDConf_Lin_Template.c(165): error:  #20: identifier "CUSTOM_LCD_CopyRect" is undefined
emWin522\Config\LCDConf_Lin_Template.c(166): error:  #20: identifier "CUSTOM_LCD_FillRect" is undefined
emWin522\Config\LCDConf_Lin_Template.c(167): error:  #20: identifier "CUSTOM_LCD_DrawBitmap8bpp" is undefined
emWin522\Config\LCDConf_Lin_Template.c(168): error:  #20: identifier "CUSTOM_LCD_DrawBitmap16bpp" is undefined
emWin522\Config\LCDConf_Lin_Template.c(211): warning:  #550-D: variable "p" was set but never used
emWin522\Config\LCDConf_Lin_Template.c(220): warning:  #550-D: variable "p" was set but never used
emWin522\Config\LCDConf_Lin_Template.c(229): warning:  #550-D: variable "p" was set but never used
emWin522\Config\LCDConf_Lin_Template.c(238): warning:  #550-D: variable "p" was set but never used
compiling TFT.c...
BSP\TFT.c(81): warning:  #223-D: function "delay_ms" declared implicitly
BSP\TFT.c(139): warning:  #550-D: variable "dummy" was set but never used
BSP\TFT.c(169): warning:  #223-D: function "delay_ms" declared implicitly
BSP\TFT.c(220): warning:  #223-D: function "delay_ms" declared implicitly
BSP\TFT.c(415): error:  #20: identifier "Efont" is undefined
BSP\TFT.c(435): error:  #20: identifier "Efont" is undefined
BSP\TFT.c(458): error:  #20: identifier "Efont" is undefined
BSP\TFT.c(469): error:  #20: identifier "Efont" is undefined
BSP\TFT.c(473): error:  #20: identifier "Efont" is undefined
compiling main.c...
USER\main.h(46): error:  #35: #error directive: "Please select first the Evaluation board used in your application (in Project Options)"
".\My_DISCO_emWin.axf" - 42 Errors, 8 Warning(s).
Target not created
Build target 'Emwin_Demo'
compiling stm32f4xx_fmc.c...
StdPeriph_Driver\src\stm32f4xx_fmc.c(144): error:  #20: identifier "FMC_Bank1" is undefined
StdPeriph_Driver\src\stm32f4xx_fmc.c(149): error:  #20: identifier "FMC_Bank1" is undefined
StdPeriph_Driver\src\stm32f4xx_fmc.c(151): error:  #20: identifier "FMC_Bank1" is undefined
StdPeriph_Driver\src\stm32f4xx_fmc.c(152): error:  #20: identifier "FMC_Bank1E" is undefined
StdPeriph_Driver\src\stm32f4xx_fmc.c(191): error:  #20: identifier "FMC_Bank1" is undefined
StdPeriph_Driver\src\stm32f4xx_fmc.c(195): error:  #20: identifier "FMC_BCR1_MBKEN" is undefined
StdPeriph_Driver\src\stm32f4xx_fmc.c(195): error:  #20: identifier "FMC_BCR1_MUXEN" is undefined
StdPeriph_Driver\src\stm32f4xx_fmc.c(195): error:  #20: identifier "FMC_BCR1_MTYP" is undefined
StdPeriph_Driver\src\stm32f4xx_fmc.c(196): error:  #20: identifier "FMC_BCR1_MWID" is undefined
StdPeriph_Driver\src\stm32f4xx_fmc.c(196): error:  #20: identifier "FMC_BCR1_FACCEN" is undefined
StdPeriph_Driver\src\stm32f4xx_fmc.c(196): error:  #20: identifier "FMC_BCR1_BURSTEN" is undefined
StdPeriph_Driver\src\stm32f4xx_fmc.c(197): error:  #20: identifier "FMC_BCR1_WAITPOL" is undefined
StdPeriph_Driver\src\stm32f4xx_fmc.c(197): error:  #20: identifier "FMC_BCR1_WRAPMOD" is undefined
StdPeriph_Driver\src\stm32f4xx_fmc.c(197): error:  #20: identifier "FMC_BCR1_WAITCFG" is undefined
StdPeriph_Driver\src\stm32f4xx_fmc.c(198): error:  #20: identifier "FMC_BCR1_WREN" is undefined
StdPeriph_Driver\src\stm32f4xx_fmc.c(198): error:  #20: identifier "FMC_BCR1_WAITEN" is undefined
StdPeriph_Driver\src\stm32f4xx_fmc.c(198): error:  #20: identifier "FMC_BCR1_EXTMOD" is undefined
StdPeriph_Driver\src\stm32f4xx_fmc.c(199): error:  #20: identifier "FMC_BCR1_ASYNCWAIT" is undefined
StdPeriph_Driver\src\stm32f4xx_fmc.c(199): error:  #20: identifier "FMC_BCR1_CBURSTRW" is undefined
StdPeriph_Driver\src\stm32f4xx_fmc.c(199): error:  #20: identifier "FMC_BCR1_CCLKEN" is undefined
StdPeriph_Driver\src\stm32f4xx_fmc.c(253): error:  #20: identifier "FMC_Bank1E" is undefined
StdPeriph_Driver\src\stm32f4xx_fmc.c(263): error:  #20: identifier "FMC_Bank1E" is undefined
StdPeriph_Driver\src\stm32f4xx_fmc.c(315): error:  #20: identifier "FMC_Bank1" is undefined
StdPeriph_Driver\src\stm32f4xx_fmc.c(320): error:  #20: identifier "FMC_Bank1" is undefined
StdPeriph_Driver\src\stm32f4xx_fmc.c(388): error:  #20: identifier "FMC_Bank2" is undefined
StdPeriph_Driver\src\stm32f4xx_fmc.c(397): error:  #20: identifier "FMC_Bank3" is undefined
StdPeriph_Driver\src\stm32f4xx_fmc.c(435): error:  #20: identifier "FMC_Bank2" is undefined
StdPeriph_Driver\src\stm32f4xx_fmc.c(440): error:  #20: identifier "FMC_Bank3" is undefined
StdPeriph_Driver\src\stm32f4xx_fmc.c(444): error:  #20: identifier "FMC_PCR2_PWAITEN" is undefined
StdPeriph_Driver\src\stm32f4xx_fmc.c(444): error:  #20: identifier "FMC_PCR2_PBKEN" is undefined
compiling GUIDRV_Template.c...
.\emWin522\inc\LCD_Private.h(57): error:  #5: cannot open source input file "LCDConf.h": No such file or directory
compiling LCDConf_Lin_Template.c...
emWin522\Config\LCDConf_Lin_Template.c(164): error:  #20: identifier "CUSTOM_LCD_CopyBuffer" is undefined
emWin522\Config\LCDConf_Lin_Template.c(165): error:  #20: identifier "CUSTOM_LCD_CopyRect" is undefined
emWin522\Config\LCDConf_Lin_Template.c(166): error:  #20: identifier "CUSTOM_LCD_FillRect" is undefined
emWin522\Config\LCDConf_Lin_Template.c(167): error:  #20: identifier "CUSTOM_LCD_DrawBitmap8bpp" is undefined
emWin522\Config\LCDConf_Lin_Template.c(168): error:  #20: identifier "CUSTOM_LCD_DrawBitmap16bpp" is undefined
emWin522\Config\LCDConf_Lin_Template.c(211): warning:  #550-D: variable "p" was set but never used
emWin522\Config\LCDConf_Lin_Template.c(220): warning:  #550-D: variable "p" was set but never used
emWin522\Config\LCDConf_Lin_Template.c(229): warning:  #550-D: variable "p" was set but never used
emWin522\Config\LCDConf_Lin_Template.c(238): warning:  #550-D: variable "p" was set but never used
compiling TFT.c...
BSP\TFT.c(81): warning:  #223-D: function "delay_ms" declared implicitly
BSP\TFT.c(139): warning:  #550-D: variable "dummy" was set but never used
BSP\TFT.c(169): warning:  #223-D: function "delay_ms" declared implicitly
BSP\TFT.c(220): warning:  #223-D: function "delay_ms" declared implicitly
compiling main.c...
USER\main.h(46): error:  #35: #error directive: "Please select first the Evaluation board used in your application (in Project Options)"
".\My_DISCO_emWin.axf" - 37 Errors, 8 Warning(s).
Target not created
Build target 'Emwin_Demo'
compiling stm32f4xx_fmc.c...
StdPeriph_Driver\src\stm32f4xx_fmc.c(144): error:  #20: identifier "FMC_Bank1" is undefined
StdPeriph_Driver\src\stm32f4xx_fmc.c(149): error:  #20: identifier "FMC_Bank1" is undefined
StdPeriph_Driver\src\stm32f4xx_fmc.c(151): error:  #20: identifier "FMC_Bank1" is undefined
StdPeriph_Driver\src\stm32f4xx_fmc.c(152): error:  #20: identifier "FMC_Bank1E" is undefined
StdPeriph_Driver\src\stm32f4xx_fmc.c(191): error:  #20: identifier "FMC_Bank1" is undefined
StdPeriph_Driver\src\stm32f4xx_fmc.c(195): error:  #20: identifier "FMC_BCR1_MBKEN" is undefined
StdPeriph_Driver\src\stm32f4xx_fmc.c(195): error:  #20: identifier "FMC_BCR1_MUXEN" is undefined
StdPeriph_Driver\src\stm32f4xx_fmc.c(195): error:  #20: identifier "FMC_BCR1_MTYP" is undefined
StdPeriph_Driver\src\stm32f4xx_fmc.c(196): error:  #20: identifier "FMC_BCR1_MWID" is undefined
StdPeriph_Driver\src\stm32f4xx_fmc.c(196): error:  #20: identifier "FMC_BCR1_FACCEN" is undefined
StdPeriph_Driver\src\stm32f4xx_fmc.c(196): error:  #20: identifier "FMC_BCR1_BURSTEN" is undefined
StdPeriph_Driver\src\stm32f4xx_fmc.c(197): error:  #20: identifier "FMC_BCR1_WAITPOL" is undefined
StdPeriph_Driver\src\stm32f4xx_fmc.c(197): error:  #20: identifier "FMC_BCR1_WRAPMOD" is undefined
StdPeriph_Driver\src\stm32f4xx_fmc.c(197): error:  #20: identifier "FMC_BCR1_WAITCFG" is undefined
StdPeriph_Driver\src\stm32f4xx_fmc.c(198): error:  #20: identifier "FMC_BCR1_WREN" is undefined
StdPeriph_Driver\src\stm32f4xx_fmc.c(198): error:  #20: identifier "FMC_BCR1_WAITEN" is undefined
StdPeriph_Driver\src\stm32f4xx_fmc.c(198): error:  #20: identifier "FMC_BCR1_EXTMOD" is undefined
StdPeriph_Driver\src\stm32f4xx_fmc.c(199): error:  #20: identifier "FMC_BCR1_ASYNCWAIT" is undefined
StdPeriph_Driver\src\stm32f4xx_fmc.c(199): error:  #20: identifier "FMC_BCR1_CBURSTRW" is undefined
StdPeriph_Driver\src\stm32f4xx_fmc.c(199): error:  #20: identifier "FMC_BCR1_CCLKEN" is undefined
StdPeriph_Driver\src\stm32f4xx_fmc.c(253): error:  #20: identifier "FMC_Bank1E" is undefined
StdPeriph_Driver\src\stm32f4xx_fmc.c(263): error:  #20: identifier "FMC_Bank1E" is undefined
StdPeriph_Driver\src\stm32f4xx_fmc.c(315): error:  #20: identifier "FMC_Bank1" is undefined
StdPeriph_Driver\src\stm32f4xx_fmc.c(320): error:  #20: identifier "FMC_Bank1" is undefined
StdPeriph_Driver\src\stm32f4xx_fmc.c(388): error:  #20: identifier "FMC_Bank2" is undefined
StdPeriph_Driver\src\stm32f4xx_fmc.c(397): error:  #20: identifier "FMC_Bank3" is undefined
StdPeriph_Driver\src\stm32f4xx_fmc.c(435): error:  #20: identifier "FMC_Bank2" is undefined
StdPeriph_Driver\src\stm32f4xx_fmc.c(440): error:  #20: identifier "FMC_Bank3" is undefined
StdPeriph_Driver\src\stm32f4xx_fmc.c(444): error:  #20: identifier "FMC_PCR2_PWAITEN" is undefined
StdPeriph_Driver\src\stm32f4xx_fmc.c(444): error:  #20: identifier "FMC_PCR2_PBKEN" is undefined
compiling GUIDRV_Template.c...
.\emWin522\inc\LCD_ConfDefaults.h(57): error:  #5: cannot open source input file "LCDConf.h": No such file or directory
compiling LCDConf_Lin_Template.c...
emWin522\Config\LCDConf_Lin_Template.c(164): error:  #20: identifier "CUSTOM_LCD_CopyBuffer" is undefined
emWin522\Config\LCDConf_Lin_Template.c(165): error:  #20: identifier "CUSTOM_LCD_CopyRect" is undefined
emWin522\Config\LCDConf_Lin_Template.c(166): error:  #20: identifier "CUSTOM_LCD_FillRect" is undefined
emWin522\Config\LCDConf_Lin_Template.c(167): error:  #20: identifier "CUSTOM_LCD_DrawBitmap8bpp" is undefined
emWin522\Config\LCDConf_Lin_Template.c(168): error:  #20: identifier "CUSTOM_LCD_DrawBitmap16bpp" is undefined
emWin522\Config\LCDConf_Lin_Template.c(211): warning:  #550-D: variable "p" was set but never used
emWin522\Config\LCDConf_Lin_Template.c(220): warning:  #550-D: variable "p" was set but never used
emWin522\Config\LCDConf_Lin_Template.c(229): warning:  #550-D: variable "p" was set but never used
emWin522\Config\LCDConf_Lin_Template.c(238): warning:  #550-D: variable "p" was set but never used
compiling TFT.c...
BSP\TFT.c(81): warning:  #223-D: function "delay_ms" declared implicitly
BSP\TFT.c(139): warning:  #550-D: variable "dummy" was set but never used
BSP\TFT.c(169): warning:  #223-D: function "delay_ms" declared implicitly
BSP\TFT.c(220): warning:  #223-D: function "delay_ms" declared implicitly
compiling main.c...
USER\main.h(46): error:  #35: #error directive: "Please select first the Evaluation board used in your application (in Project Options)"
".\My_DISCO_emWin.axf" - 37 Errors, 8 Warning(s).
Target not created
Build target 'Emwin_Demo'
compiling stm32f4xx_fmc.c...
StdPeriph_Driver\src\stm32f4xx_fmc.c(144): error:  #20: identifier "FMC_Bank1" is undefined
StdPeriph_Driver\src\stm32f4xx_fmc.c(149): error:  #20: identifier "FMC_Bank1" is undefined
StdPeriph_Driver\src\stm32f4xx_fmc.c(151): error:  #20: identifier "FMC_Bank1" is undefined
StdPeriph_Driver\src\stm32f4xx_fmc.c(152): error:  #20: identifier "FMC_Bank1E" is undefined
StdPeriph_Driver\src\stm32f4xx_fmc.c(191): error:  #20: identifier "FMC_Bank1" is undefined
StdPeriph_Driver\src\stm32f4xx_fmc.c(195): error:  #20: identifier "FMC_BCR1_MBKEN" is undefined
StdPeriph_Driver\src\stm32f4xx_fmc.c(195): error:  #20: identifier "FMC_BCR1_MUXEN" is undefined
StdPeriph_Driver\src\stm32f4xx_fmc.c(195): error:  #20: identifier "FMC_BCR1_MTYP" is undefined
StdPeriph_Driver\src\stm32f4xx_fmc.c(196): error:  #20: identifier "FMC_BCR1_MWID" is undefined
StdPeriph_Driver\src\stm32f4xx_fmc.c(196): error:  #20: identifier "FMC_BCR1_FACCEN" is undefined
StdPeriph_Driver\src\stm32f4xx_fmc.c(196): error:  #20: identifier "FMC_BCR1_BURSTEN" is undefined
StdPeriph_Driver\src\stm32f4xx_fmc.c(197): error:  #20: identifier "FMC_BCR1_WAITPOL" is undefined
StdPeriph_Driver\src\stm32f4xx_fmc.c(197): error:  #20: identifier "FMC_BCR1_WRAPMOD" is undefined
StdPeriph_Driver\src\stm32f4xx_fmc.c(197): error:  #20: identifier "FMC_BCR1_WAITCFG" is undefined
StdPeriph_Driver\src\stm32f4xx_fmc.c(198): error:  #20: identifier "FMC_BCR1_WREN" is undefined
StdPeriph_Driver\src\stm32f4xx_fmc.c(198): error:  #20: identifier "FMC_BCR1_WAITEN" is undefined
StdPeriph_Driver\src\stm32f4xx_fmc.c(198): error:  #20: identifier "FMC_BCR1_EXTMOD" is undefined
StdPeriph_Driver\src\stm32f4xx_fmc.c(199): error:  #20: identifier "FMC_BCR1_ASYNCWAIT" is undefined
StdPeriph_Driver\src\stm32f4xx_fmc.c(199): error:  #20: identifier "FMC_BCR1_CBURSTRW" is undefined
StdPeriph_Driver\src\stm32f4xx_fmc.c(199): error:  #20: identifier "FMC_BCR1_CCLKEN" is undefined
StdPeriph_Driver\src\stm32f4xx_fmc.c(253): error:  #20: identifier "FMC_Bank1E" is undefined
StdPeriph_Driver\src\stm32f4xx_fmc.c(263): error:  #20: identifier "FMC_Bank1E" is undefined
StdPeriph_Driver\src\stm32f4xx_fmc.c(315): error:  #20: identifier "FMC_Bank1" is undefined
StdPeriph_Driver\src\stm32f4xx_fmc.c(320): error:  #20: identifier "FMC_Bank1" is undefined
StdPeriph_Driver\src\stm32f4xx_fmc.c(388): error:  #20: identifier "FMC_Bank2" is undefined
StdPeriph_Driver\src\stm32f4xx_fmc.c(397): error:  #20: identifier "FMC_Bank3" is undefined
StdPeriph_Driver\src\stm32f4xx_fmc.c(435): error:  #20: identifier "FMC_Bank2" is undefined
StdPeriph_Driver\src\stm32f4xx_fmc.c(440): error:  #20: identifier "FMC_Bank3" is undefined
StdPeriph_Driver\src\stm32f4xx_fmc.c(444): error:  #20: identifier "FMC_PCR2_PWAITEN" is undefined
StdPeriph_Driver\src\stm32f4xx_fmc.c(444): error:  #20: identifier "FMC_PCR2_PBKEN" is undefined
compiling GUIDRV_Template.c...
compiling LCDConf_Lin_Template.c...
emWin522\Config\LCDConf_Lin_Template.c(164): error:  #20: identifier "CUSTOM_LCD_CopyBuffer" is undefined
emWin522\Config\LCDConf_Lin_Template.c(165): error:  #20: identifier "CUSTOM_LCD_CopyRect" is undefined
emWin522\Config\LCDConf_Lin_Template.c(166): error:  #20: identifier "CUSTOM_LCD_FillRect" is undefined
emWin522\Config\LCDConf_Lin_Template.c(167): error:  #20: identifier "CUSTOM_LCD_DrawBitmap8bpp" is undefined
emWin522\Config\LCDConf_Lin_Template.c(168): error:  #20: identifier "CUSTOM_LCD_DrawBitmap16bpp" is undefined
emWin522\Config\LCDConf_Lin_Template.c(211): warning:  #550-D: variable "p" was set but never used
emWin522\Config\LCDConf_Lin_Template.c(220): warning:  #550-D: variable "p" was set but never used
emWin522\Config\LCDConf_Lin_Template.c(229): warning:  #550-D: variable "p" was set but never used
emWin522\Config\LCDConf_Lin_Template.c(238): warning:  #550-D: variable "p" was set but never used
compiling main.c...
USER\main.h(46): error:  #35: #error directive: "Please select first the Evaluation board used in your application (in Project Options)"
".\My_DISCO_emWin.axf" - 36 Errors, 4 Warning(s).
Target not created
Build target 'Emwin_Demo'
compiling stm32f4xx_fmc.c...
StdPeriph_Driver\src\stm32f4xx_fmc.c(144): error:  #20: identifier "FMC_Bank1" is undefined
StdPeriph_Driver\src\stm32f4xx_fmc.c(149): error:  #20: identifier "FMC_Bank1" is undefined
StdPeriph_Driver\src\stm32f4xx_fmc.c(151): error:  #20: identifier "FMC_Bank1" is undefined
StdPeriph_Driver\src\stm32f4xx_fmc.c(152): error:  #20: identifier "FMC_Bank1E" is undefined
StdPeriph_Driver\src\stm32f4xx_fmc.c(191): error:  #20: identifier "FMC_Bank1" is undefined
StdPeriph_Driver\src\stm32f4xx_fmc.c(195): error:  #20: identifier "FMC_BCR1_MBKEN" is undefined
StdPeriph_Driver\src\stm32f4xx_fmc.c(195): error:  #20: identifier "FMC_BCR1_MUXEN" is undefined
StdPeriph_Driver\src\stm32f4xx_fmc.c(195): error:  #20: identifier "FMC_BCR1_MTYP" is undefined
StdPeriph_Driver\src\stm32f4xx_fmc.c(196): error:  #20: identifier "FMC_BCR1_MWID" is undefined
StdPeriph_Driver\src\stm32f4xx_fmc.c(196): error:  #20: identifier "FMC_BCR1_FACCEN" is undefined
StdPeriph_Driver\src\stm32f4xx_fmc.c(196): error:  #20: identifier "FMC_BCR1_BURSTEN" is undefined
StdPeriph_Driver\src\stm32f4xx_fmc.c(197): error:  #20: identifier "FMC_BCR1_WAITPOL" is undefined
StdPeriph_Driver\src\stm32f4xx_fmc.c(197): error:  #20: identifier "FMC_BCR1_WRAPMOD" is undefined
StdPeriph_Driver\src\stm32f4xx_fmc.c(197): error:  #20: identifier "FMC_BCR1_WAITCFG" is undefined
StdPeriph_Driver\src\stm32f4xx_fmc.c(198): error:  #20: identifier "FMC_BCR1_WREN" is undefined
StdPeriph_Driver\src\stm32f4xx_fmc.c(198): error:  #20: identifier "FMC_BCR1_WAITEN" is undefined
StdPeriph_Driver\src\stm32f4xx_fmc.c(198): error:  #20: identifier "FMC_BCR1_EXTMOD" is undefined
StdPeriph_Driver\src\stm32f4xx_fmc.c(199): error:  #20: identifier "FMC_BCR1_ASYNCWAIT" is undefined
StdPeriph_Driver\src\stm32f4xx_fmc.c(199): error:  #20: identifier "FMC_BCR1_CBURSTRW" is undefined
StdPeriph_Driver\src\stm32f4xx_fmc.c(199): error:  #20: identifier "FMC_BCR1_CCLKEN" is undefined
StdPeriph_Driver\src\stm32f4xx_fmc.c(253): error:  #20: identifier "FMC_Bank1E" is undefined
StdPeriph_Driver\src\stm32f4xx_fmc.c(263): error:  #20: identifier "FMC_Bank1E" is undefined
StdPeriph_Driver\src\stm32f4xx_fmc.c(315): error:  #20: identifier "FMC_Bank1" is undefined
StdPeriph_Driver\src\stm32f4xx_fmc.c(320): error:  #20: identifier "FMC_Bank1" is undefined
StdPeriph_Driver\src\stm32f4xx_fmc.c(388): error:  #20: identifier "FMC_Bank2" is undefined
StdPeriph_Driver\src\stm32f4xx_fmc.c(397): error:  #20: identifier "FMC_Bank3" is undefined
StdPeriph_Driver\src\stm32f4xx_fmc.c(435): error:  #20: identifier "FMC_Bank2" is undefined
StdPeriph_Driver\src\stm32f4xx_fmc.c(440): error:  #20: identifier "FMC_Bank3" is undefined
StdPeriph_Driver\src\stm32f4xx_fmc.c(444): error:  #20: identifier "FMC_PCR2_PWAITEN" is undefined
StdPeriph_Driver\src\stm32f4xx_fmc.c(444): error:  #20: identifier "FMC_PCR2_PBKEN" is undefined
compiling GUIDRV_Template.c...
compiling LCDConf_Lin_Template.c...
emWin522\Config\LCDConf_Lin_Template.c(164): error:  #20: identifier "CUSTOM_LCD_CopyBuffer" is undefined
emWin522\Config\LCDConf_Lin_Template.c(165): error:  #20: identifier "CUSTOM_LCD_CopyRect" is undefined
emWin522\Config\LCDConf_Lin_Template.c(166): error:  #20: identifier "CUSTOM_LCD_FillRect" is undefined
emWin522\Config\LCDConf_Lin_Template.c(167): error:  #20: identifier "CUSTOM_LCD_DrawBitmap8bpp" is undefined
emWin522\Config\LCDConf_Lin_Template.c(168): error:  #20: identifier "CUSTOM_LCD_DrawBitmap16bpp" is undefined
emWin522\Config\LCDConf_Lin_Template.c(211): warning:  #550-D: variable "p" was set but never used
emWin522\Config\LCDConf_Lin_Template.c(220): warning:  #550-D: variable "p" was set but never used
emWin522\Config\LCDConf_Lin_Template.c(229): warning:  #550-D: variable "p" was set but never used
emWin522\Config\LCDConf_Lin_Template.c(238): warning:  #550-D: variable "p" was set but never used
compiling main.c...
USER\main.h(46): error:  #35: #error directive: "Please select first the Evaluation board used in your application (in Project Options)"
".\My_DISCO_emWin.axf" - 36 Errors, 4 Warning(s).
Target not created
Build target 'Emwin_Demo'
compiling LCDConf_Lin_Template.c...
emWin522\Config\LCDConf_Lin_Template.c(164): error:  #20: identifier "CUSTOM_LCD_CopyBuffer" is undefined
emWin522\Config\LCDConf_Lin_Template.c(165): error:  #20: identifier "CUSTOM_LCD_CopyRect" is undefined
emWin522\Config\LCDConf_Lin_Template.c(166): error:  #20: identifier "CUSTOM_LCD_FillRect" is undefined
emWin522\Config\LCDConf_Lin_Template.c(167): error:  #20: identifier "CUSTOM_LCD_DrawBitmap8bpp" is undefined
emWin522\Config\LCDConf_Lin_Template.c(168): error:  #20: identifier "CUSTOM_LCD_DrawBitmap16bpp" is undefined
emWin522\Config\LCDConf_Lin_Template.c(211): warning:  #550-D: variable "p" was set but never used
emWin522\Config\LCDConf_Lin_Template.c(220): warning:  #550-D: variable "p" was set but never used
emWin522\Config\LCDConf_Lin_Template.c(229): warning:  #550-D: variable "p" was set but never used
emWin522\Config\LCDConf_Lin_Template.c(238): warning:  #550-D: variable "p" was set but never used
compiling main.c...
USER\main.h(46): error:  #35: #error directive: "Please select first the Evaluation board used in your application (in Project Options)"
".\My_DISCO_emWin.axf" - 6 Errors, 4 Warning(s).
Target not created
Build target 'Emwin_Demo'
compiling LCDConf_Lin_Template.c...
emWin522\Config\LCDConf_Lin_Template.c(211): warning:  #550-D: variable "p" was set but never used
emWin522\Config\LCDConf_Lin_Template.c(220): warning:  #550-D: variable "p" was set but never used
emWin522\Config\LCDConf_Lin_Template.c(229): warning:  #550-D: variable "p" was set but never used
emWin522\Config\LCDConf_Lin_Template.c(238): warning:  #550-D: variable "p" was set but never used
compiling main.c...
USER\main.h(46): error:  #35: #error directive: "Please select first the Evaluation board used in your application (in Project Options)"
".\My_DISCO_emWin.axf" - 1 Errors, 4 Warning(s).
Target not created
Build target 'Emwin_Demo'
compiling main.c...
linking...
.\My_DISCO_emWin.axf: Error: L6218E: Undefined symbol GUIDRV_Win_API (referred from lcdconf_lin_template.o).
.\My_DISCO_emWin.axf: Error: L6218E: Undefined symbol delay_ms (referred from tft.o).
".\My_DISCO_emWin.axf" - 2 Errors, 0 Warning(s).
Target not created
Build target 'Emwin_Demo'
compiling LCDConf_Lin_Template.c...
emWin522\Config\LCDConf_Lin_Template.c(142): error:  #20: identifier "GUIDRV_WIN16" is undefined
emWin522\Config\LCDConf_Lin_Template.c(211): warning:  #550-D: variable "p" was set but never used
emWin522\Config\LCDConf_Lin_Template.c(220): warning:  #550-D: variable "p" was set but never used
emWin522\Config\LCDConf_Lin_Template.c(229): warning:  #550-D: variable "p" was set but never used
emWin522\Config\LCDConf_Lin_Template.c(238): warning:  #550-D: variable "p" was set but never used
compiling main.c...
".\My_DISCO_emWin.axf" - 1 Errors, 4 Warning(s).
Target not created
Build target 'Emwin_Demo'
compiling LCDConf_Lin_Template.c...
emWin522\Config\LCDConf_Lin_Template.c(142): error:  #254: type name is not allowed
emWin522\Config\LCDConf_Lin_Template.c(211): warning:  #550-D: variable "p" was set but never used
emWin522\Config\LCDConf_Lin_Template.c(220): warning:  #550-D: variable "p" was set but never used
emWin522\Config\LCDConf_Lin_Template.c(229): warning:  #550-D: variable "p" was set but never used
emWin522\Config\LCDConf_Lin_Template.c(238): warning:  #550-D: variable "p" was set but never used
".\My_DISCO_emWin.axf" - 1 Errors, 4 Warning(s).
Target not created
Build target 'Emwin_Demo'
compiling LCDConf_Lin_Template.c...
emWin522\Config\LCDConf_Lin_Template.c(211): warning:  #550-D: variable "p" was set but never used
emWin522\Config\LCDConf_Lin_Template.c(220): warning:  #550-D: variable "p" was set but never used
emWin522\Config\LCDConf_Lin_Template.c(229): warning:  #550-D: variable "p" was set but never used
emWin522\Config\LCDConf_Lin_Template.c(238): warning:  #550-D: variable "p" was set but never used
linking...
.\My_DISCO_emWin.axf: Error: L6218E: Undefined symbol delay_ms (referred from tft.o).
".\My_DISCO_emWin.axf" - 1 Errors, 4 Warning(s).
Target not created
Build target 'Emwin_Demo'
compiling TFT.c...
BSP\TFT.c(145): warning:  #550-D: variable "dummy" was set but never used
linking...
Program Size: Code=6100 RO-data=516 RW-data=52 ZI-data=1884  
".\My_DISCO_emWin.axf" - 0 Errors, 1 Warning(s).
Build target 'Emwin_Demo'
compiling TFT.c...
BSP\TFT.c(151): warning:  #550-D: variable "dummy" was set but never used
linking...
Program Size: Code=6100 RO-data=516 RW-data=52 ZI-data=1884  
".\My_DISCO_emWin.axf" - 0 Errors, 1 Warning(s).
Build target 'Emwin_Demo'
compiling TFT.c...
BSP\TFT.c(245): warning:  #550-D: variable "dummy" was set but never used
BSP\TFT.c(256): error:  #20: identifier "lcdid" is undefined
BSP\TFT.c(279): error:  #20: identifier "lcdid" is undefined
".\My_DISCO_emWin.axf" - 2 Errors, 1 Warning(s).
Target not created
Build target 'Emwin_Demo'
compiling TFT.c...
BSP\TFT.c(245): warning:  #550-D: variable "dummy" was set but never used
linking...
Program Size: Code=6100 RO-data=516 RW-data=52 ZI-data=1884  
".\My_DISCO_emWin.axf" - 0 Errors, 1 Warning(s).
Build target 'Emwin_Demo'
compiling TFT.c...
BSP\TFT.c(245): warning:  #550-D: variable "dummy" was set but never used
compiling main.c...
USER\main.c(63): warning:  #223-D: function "SSD1963_Init" declared implicitly
USER\main.c(44): warning:  #177-D: function "USART_Config" was declared but never referenced
linking...
Program Size: Code=6288 RO-data=452 RW-data=40 ZI-data=1632  
".\My_DISCO_emWin.axf" - 0 Errors, 3 Warning(s).
Build target 'Emwin_Demo'
compiling main.c...
USER\main.c(44): warning:  #177-D: function "USART_Config" was declared but never referenced
linking...
Program Size: Code=6288 RO-data=452 RW-data=40 ZI-data=1632  
".\My_DISCO_emWin.axf" - 0 Errors, 1 Warning(s).
Build target 'Emwin_Demo'
compiling main.c...
linking...
Program Size: Code=6288 RO-data=452 RW-data=40 ZI-data=1632  
".\My_DISCO_emWin.axf" - 0 Errors, 0 Warning(s).
Build target 'Emwin_Demo'
compiling main.c...
linking...
Program Size: Code=6304 RO-data=452 RW-data=40 ZI-data=1632  
".\My_DISCO_emWin.axf" - 0 Errors, 0 Warning(s).
Load "D:\\My_temp_project\\My_STM32F407_Project\\My_DISCO_STM32F407_emWin\\Demo\\My_DISCO_emWin.axf" 
Internal DLL Error
Build target 'Emwin_Demo'
linking...
Program Size: Code=6304 RO-data=452 RW-data=40 ZI-data=1632  
".\My_DISCO_emWin.axf" - 0 Errors, 0 Warning(s).
Load "D:\\My_temp_project\\My_STM32F407_Project\\My_DISCO_STM32F407_emWin\\Demo\\My_DISCO_emWin.axf" 

Cannot load driver 'D:\Keil\ARM\STLink\ST-LINKIII-KEIL.dll'.

Possible Reasons:
 - Driver DLL could not be found in the specified path
 - Driver DLL requires additional DLL's which are not installed
 - Required Hardware Drivers are not installed
Build target 'Emwin_Demo'
assembling startup_stm32f40xx.s...
compiling system_stm32f4xx.c...
compiling misc.c...
compiling stm32f4xx_adc.c...
compiling stm32f4xx_can.c...
compiling stm32f4xx_cec.c...
compiling stm32f4xx_crc.c...
compiling stm32f4xx_cryp.c...
compiling stm32f4xx_cryp_aes.c...
compiling stm32f4xx_cryp_des.c...
compiling stm32f4xx_cryp_tdes.c...
compiling stm32f4xx_dac.c...
compiling stm32f4xx_dbgmcu.c...
compiling stm32f4xx_dcmi.c...
compiling stm32f4xx_dma.c...
compiling stm32f4xx_dma2d.c...
compiling stm32f4xx_exti.c...
compiling stm32f4xx_flash.c...
compiling stm32f4xx_flash_ramfunc.c...
compiling stm32f4xx_fmpi2c.c...
compiling stm32f4xx_fsmc.c...
compiling stm32f4xx_gpio.c...
compiling stm32f4xx_hash.c...
compiling stm32f4xx_hash_md5.c...
compiling stm32f4xx_hash_sha1.c...
compiling stm32f4xx_i2c.c...
compiling stm32f4xx_iwdg.c...
compiling stm32f4xx_ltdc.c...
compiling stm32f4xx_pwr.c...
compiling stm32f4xx_qspi.c...
compiling stm32f4xx_rcc.c...
compiling stm32f4xx_rng.c...
compiling stm32f4xx_rtc.c...
compiling stm32f4xx_sai.c...
compiling stm32f4xx_sdio.c...
compiling stm32f4xx_spdifrx.c...
compiling stm32f4xx_spi.c...
compiling stm32f4xx_syscfg.c...
compiling stm32f4xx_tim.c...
compiling stm32f4xx_usart.c...
compiling stm32f4xx_wwdg.c...
compiling GUIConf.c...
compiling GUIDRV_Template.c...
compiling LCDConf_Lin_Template.c...
emWin522\Config\LCDConf_Lin_Template.c(211): warning:  #550-D: variable "p" was set but never used
emWin522\Config\LCDConf_Lin_Template.c(220): warning:  #550-D: variable "p" was set but never used
emWin522\Config\LCDConf_Lin_Template.c(229): warning:  #550-D: variable "p" was set but never used
emWin522\Config\LCDConf_Lin_Template.c(238): warning:  #550-D: variable "p" was set but never used
compiling GUI_X.c...
compiling TFT.c...
BSP\TFT.c(245): warning:  #550-D: variable "dummy" was set but never used
compiling main.c...
compiling stm32f4xx_it.c...
linking...
Program Size: Code=6304 RO-data=452 RW-data=40 ZI-data=1632  
FromELF: creating hex file...
".\Output\My_DISCO_emWin.axf" - 0 Errors, 5 Warning(s).
Build target 'Emwin_Demo'
assembling startup_stm32f40xx.s...
compiling system_stm32f4xx.c...
compiling misc.c...
compiling stm32f4xx_adc.c...
compiling stm32f4xx_can.c...
compiling stm32f4xx_cec.c...
compiling stm32f4xx_crc.c...
compiling stm32f4xx_cryp.c...
compiling stm32f4xx_cryp_aes.c...
compiling stm32f4xx_cryp_des.c...
compiling stm32f4xx_cryp_tdes.c...
compiling stm32f4xx_dac.c...
compiling stm32f4xx_dbgmcu.c...
compiling stm32f4xx_dcmi.c...
compiling stm32f4xx_dma.c...
compiling stm32f4xx_dma2d.c...
compiling stm32f4xx_exti.c...
compiling stm32f4xx_flash.c...
compiling stm32f4xx_flash_ramfunc.c...
compiling stm32f4xx_fmpi2c.c...
compiling stm32f4xx_fsmc.c...
compiling stm32f4xx_gpio.c...
compiling stm32f4xx_hash.c...
compiling stm32f4xx_hash_md5.c...
compiling stm32f4xx_hash_sha1.c...
compiling stm32f4xx_i2c.c...
compiling stm32f4xx_iwdg.c...
compiling stm32f4xx_ltdc.c...
compiling stm32f4xx_pwr.c...
compiling stm32f4xx_qspi.c...
compiling stm32f4xx_rcc.c...
compiling stm32f4xx_rng.c...
compiling stm32f4xx_rtc.c...
compiling stm32f4xx_sai.c...
compiling stm32f4xx_sdio.c...
compiling stm32f4xx_spdifrx.c...
compiling stm32f4xx_spi.c...
compiling stm32f4xx_syscfg.c...
compiling stm32f4xx_tim.c...
compiling stm32f4xx_usart.c...
compiling stm32f4xx_wwdg.c...
compiling GUIConf.c...
compiling GUIDRV_Template.c...
compiling LCDConf_Lin_Template.c...
emWin522\Config\LCDConf_Lin_Template.c(211): warning:  #550-D: variable "p" was set but never used
emWin522\Config\LCDConf_Lin_Template.c(220): warning:  #550-D: variable "p" was set but never used
emWin522\Config\LCDConf_Lin_Template.c(229): warning:  #550-D: variable "p" was set but never used
emWin522\Config\LCDConf_Lin_Template.c(238): warning:  #550-D: variable "p" was set but never used
compiling GUI_X.c...
compiling TFT.c...
BSP\TFT.c(325): warning:  #223-D: function "LCD_Point" declared implicitly
BSP\TFT.c(352): warning:  #223-D: function "LCD_Cursor" declared implicitly
BSP\TFT.c(354): warning:  #223-D: function "LCD_WriteRAM" declared implicitly
compiling main.c...
compiling stm32f4xx_it.c...
linking...
.\Output\My_DISCO_emWin.axf: Error: L6218E: Undefined symbol LCD_Cursor (referred from tft.o).
.\Output\My_DISCO_emWin.axf: Error: L6218E: Undefined symbol LCD_Point (referred from tft.o).
.\Output\My_DISCO_emWin.axf: Error: L6218E: Undefined symbol LCD_WriteRAM (referred from tft.o).
".\Output\My_DISCO_emWin.axf" - 3 Errors, 7 Warning(s).
Target not created
Build target 'Emwin_Demo'
compiling TFT.c...
compiling main.c...
linking...
Program Size: Code=6280 RO-data=452 RW-data=40 ZI-data=1632  
FromELF: creating hex file...
".\Output\My_DISCO_emWin.axf" - 0 Errors, 0 Warning(s).
Build target 'Emwin_Demo'
compiling GUI_X.c...
compiling TFT.c...
compiling main.c...
compiling stm32f4xx_it.c...
linking...
Program Size: Code=6424 RO-data=452 RW-data=52 ZI-data=1636  
FromELF: creating hex file...
".\Output\My_DISCO_emWin.axf" - 0 Errors, 0 Warning(s).
Load "D:\\My_temp_project\\My_STM32F407_Project\\My_DISCO_STM32F407_emWin\\Demo\\Output\\My_DISCO_emWin.axf" 

Cannot load driver 'D:\Keil\ARM\STLink\ST-LINKIII-KEIL.dll'.

Possible Reasons:
 - Driver DLL could not be found in the specified path
 - Driver DLL requires additional DLL's which are not installed
 - Required Hardware Drivers are not installed
