ARM Linker, 5.03 [Build 76] [MDK-ARM Lite]

==============================================================================

Section Cross References

    startup_stm32f40xx.o(RESET) refers to startup_stm32f40xx.o(STACK) for __initial_sp
    startup_stm32f40xx.o(RESET) refers to startup_stm32f40xx.o(.text) for Reset_Handler
    startup_stm32f40xx.o(RESET) refers to stm32f4xx_it.o(.text) for NMI_Handler
    startup_stm32f40xx.o(RESET) refers to my_disco_bsp.o(.text) for SPI2_IRQHandler
    startup_stm32f40xx.o(.text) refers to system_stm32f4xx.o(.text) for SystemInit
    startup_stm32f40xx.o(.text) refers to entry.o(.ARM.Collect$$$$00000000) for __main
    system_stm32f4xx.o(.text) refers to system_stm32f4xx.o(.data) for SystemCoreClock
    stm32f4xx_adc.o(.text) refers to stm32f4xx_rcc.o(.text) for RCC_APB2PeriphResetCmd
    stm32f4xx_can.o(.text) refers to stm32f4xx_rcc.o(.text) for RCC_APB1PeriphResetCmd
    stm32f4xx_cryp.o(.text) refers to stm32f4xx_rcc.o(.text) for RCC_AHB2PeriphResetCmd
    stm32f4xx_cryp_aes.o(.text) refers to stm32f4xx_cryp.o(.text) for CRYP_KeyStructInit
    stm32f4xx_cryp_des.o(.text) refers to stm32f4xx_cryp.o(.text) for CRYP_KeyStructInit
    stm32f4xx_cryp_tdes.o(.text) refers to stm32f4xx_cryp.o(.text) for CRYP_KeyStructInit
    stm32f4xx_dac.o(.text) refers to stm32f4xx_rcc.o(.text) for RCC_APB1PeriphResetCmd
    stm32f4xx_dma2d.o(.text) refers to stm32f4xx_rcc.o(.text) for RCC_AHB1PeriphResetCmd
    stm32f4xx_fsmc.o(.text) refers to stm32f4xx_fsmc.o(.constdata) for FSMC_DefaultTimingStruct
    stm32f4xx_gpio.o(.text) refers to stm32f4xx_rcc.o(.text) for RCC_AHB1PeriphResetCmd
    stm32f4xx_hash.o(.text) refers to stm32f4xx_rcc.o(.text) for RCC_AHB2PeriphResetCmd
    stm32f4xx_hash_md5.o(.text) refers to stm32f4xx_hash.o(.text) for HASH_DeInit
    stm32f4xx_hash_sha1.o(.text) refers to stm32f4xx_hash.o(.text) for HASH_DeInit
    stm32f4xx_i2c.o(.text) refers to stm32f4xx_rcc.o(.text) for RCC_APB1PeriphResetCmd
    stm32f4xx_ltdc.o(.text) refers to stm32f4xx_rcc.o(.text) for RCC_APB2PeriphResetCmd
    stm32f4xx_pwr.o(.text) refers to stm32f4xx_rcc.o(.text) for RCC_APB1PeriphResetCmd
    stm32f4xx_rcc.o(.text) refers to stm32f4xx_rcc.o(.data) for APBAHBPrescTable
    stm32f4xx_rng.o(.text) refers to stm32f4xx_rcc.o(.text) for RCC_AHB2PeriphResetCmd
    stm32f4xx_sai.o(.text) refers to stm32f4xx_rcc.o(.text) for RCC_APB2PeriphResetCmd
    stm32f4xx_sdio.o(.text) refers to stm32f4xx_rcc.o(.text) for RCC_APB2PeriphResetCmd
    stm32f4xx_spi.o(.text) refers to stm32f4xx_rcc.o(.text) for RCC_APB2PeriphResetCmd
    stm32f4xx_syscfg.o(.text) refers to stm32f4xx_rcc.o(.text) for RCC_APB2PeriphResetCmd
    stm32f4xx_tim.o(.text) refers to stm32f4xx_rcc.o(.text) for RCC_APB2PeriphResetCmd
    stm32f4xx_usart.o(.text) refers to stm32f4xx_rcc.o(.text) for RCC_APB2PeriphResetCmd
    stm32f4xx_wwdg.o(.text) refers to stm32f4xx_rcc.o(.text) for RCC_APB1PeriphResetCmd
    guiconf.o(.text) refers to gui_alloc.o(i.GUI_ALLOC_AssignMemory) for GUI_ALLOC_AssignMemory
    guiconf.o(.text) refers to gui_core.o(i.GUI_SetDefaultFont) for GUI_SetDefaultFont
    guiconf.o(.text) refers to guiconf.o(.bss) for aMemory
    guiconf.o(.text) refers to f8x16.o(.constdata) for GUI_Font8x16
    guidrv_template.o(.text) refers to ssd1963.o(.text) for SSD1963_Point
    guidrv_template.o(.text) refers to gui_core.o(.data) for GUI_pContext
    guidrv_template.o(.text) refers to gui_alloc.o(i.GUI_ALLOC_GetFixedBlock) for GUI_ALLOC_GetFixedBlock
    guidrv_template.o(.text) refers to lcd_getex.o(i.LCD__GetBPP) for LCD__GetBPP
    guidrv_template.o(.text) refers to lcdconf_flexcolor_template.o(.text) for LCD_X_DisplayDriver
    guidrv_template.o(.text) refers to guidev_16.o(.constdata) for GUI_MEMDEV_DEVICE_16
    guidrv_template.o(.constdata) refers to guidrv_template.o(.text) for _DrawBitmap
    lcdconf_flexcolor_template.o(.text) refers to gui_device.o(i.GUI_DEVICE_CreateAndLink) for GUI_DEVICE_CreateAndLink
    lcdconf_flexcolor_template.o(.text) refers to lcd_set.o(i.LCD_SetSizeEx) for LCD_SetSizeEx
    lcdconf_flexcolor_template.o(.text) refers to lcd_set.o(i.LCD_SetVSizeEx) for LCD_SetVSizeEx
    lcdconf_flexcolor_template.o(.text) refers to ssd1963.o(.text) for SSD1963_Init
    lcdconf_flexcolor_template.o(.text) refers to guicc_m565.o(.constdata) for LCD_API_ColorConv_M565
    lcdconf_flexcolor_template.o(.text) refers to guidrv_template.o(.constdata) for GUIDRV_Template_API
    gui_x.o(.text) refers to ssd1963.o(.text) for SSD1963_Init
    gui_x.o(.text) refers to gui_x.o(.data) for OS_TimeMS
    my_disco_bsp.o(.text) refers to stm32f4xx_rcc.o(.text) for RCC_AHB1PeriphClockCmd
    my_disco_bsp.o(.text) refers to stm32f4xx_gpio.o(.text) for GPIO_Init
    my_disco_bsp.o(.text) refers to stm32f4xx_spi.o(.text) for SPI_I2S_DeInit
    my_disco_bsp.o(.text) refers to misc.o(.text) for NVIC_PriorityGroupConfig
    my_disco_bsp.o(.text) refers to my_disco_bsp_debug.o(.text) for Debug_ShowRegister
[...]
    .constdata                               0x08007f94   Section        8  f8x16.o(.constdata)
    TransInfo8x16                            0x08007f94   Data           8  f8x16.o(.constdata)
    .constdata                               0x08007f9c   Section       20  f8x16.o(.constdata)
    FontMono8x16                             0x08007f9c   Data          20  f8x16.o(.constdata)
    .constdata                               0x08007fb0   Section       36  f8x16.o(.constdata)
    .constdata                               0x08007fd4   Section      116  guidev_16.o(.constdata)
    aID                                      0x08007fd4   Data          64  guidev_16.o(.constdata)
    .constdata                               0x08008048   Section      256  gui__divtbl_255_31.o(.constdata)
    .constdata                               0x08008148   Section      256  gui__divtbl_255_63.o(.constdata)
    .constdata                               0x08008248   Section       32  gui__divtbl_31_255.o(.constdata)
    .constdata                               0x08008268   Section       64  gui__divtbl_63_255.o(.constdata)
    .constdata                               0x080082a8   Section       40  gui_adddecshift.o(.constdata)
    .constdata                               0x080082d0   Section       16  gui_uc_encodenone.o(.constdata)
    .constdata                               0x080082e0   Section       12  lcd.o(.constdata)
    _SetColorAPI                             0x080082e0   Data          12  lcd.o(.constdata)
    .constdata                               0x080082ec   Section      256  lcd_mirror.o(.constdata)
    .constdata                               0x080083ec   Section     1304  f6x8.o(.constdata)
    GUI_acFont6x8                            0x080083ec   Data        1304  f6x8.o(.constdata)
    .constdata                               0x08008904   Section      448  f6x8.o(.constdata)
    GUI_F6x8_TL8859_1                        0x08008904   Data         448  f6x8.o(.constdata)
    .constdata                               0x08008ac4   Section        8  f6x8.o(.constdata)
    GUI_F6x8_TI8859_1                        0x08008ac4   Data           8  f6x8.o(.constdata)
    .constdata                               0x08008acc   Section       20  f6x8.o(.constdata)
    GUI_F6x8_Mono                            0x08008acc   Data          20  f6x8.o(.constdata)
    .constdata                               0x08008ae0   Section       36  f6x8.o(.constdata)
    .constdata                               0x08008b04   Section        8  guidev_writetoactiveopaque.o(.constdata)
    .constdata                               0x08008b0c   Section       24  guicc_0.o(.constdata)
    .conststring                             0x08008b24   Section      286  my_disco_bsp_debug.o(.conststring)
    .data                                    0x20000000   Section       20  system_stm32f4xx.o(.data)
    .data                                    0x20000014   Section       16  stm32f4xx_rcc.o(.data)
    APBAHBPrescTable                         0x20000014   Data          16  stm32f4xx_rcc.o(.data)
    .data                                    0x20000024   Section        4  gui_x.o(.data)
    .data                                    0x20000028   Section      102  my_disco_bsp.o(.data)
    .data                                    0x20000090   Section       16  main.o(.data)
    i                                        0x20000090   Data           4  main.o(.data)
    TimingDelay                              0x2000009c   Data           4  main.o(.data)
    .data                                    0x200000a0   Section        8  guicc_m565.o(.data)
    _pfColor2IndexBulk                       0x200000a0   Data           4  guicc_m565.o(.data)
    _pfIndex2ColorBulk                       0x200000a4   Data           4  guicc_m565.o(.data)
    .data                                    0x200000a8   Section        8  gui_alloc.o(.data)
    RegisterExit                             0x200000a8   Data           8  gui_alloc.o(.data)
    .data                                    0x200000b0   Section       44  gui_core.o(.data)
    _pFirstExit                              0x200000c4   Data           4  gui_core.o(.data)
    _IsInitialized                           0x200000c8   Data           4  gui_core.o(.data)
    RegisterExit                             0x200000cc   Data           8  gui_core.o(.data)
    .data                                    0x200000dc   Section        4  gui_core.o(.data)
    .data                                    0x200000e0   Section        4  gui_core.o(.data)
    .data                                    0x200000e4   Section        2  gui_core.o(.data)
    .data                                    0x200000e6   Section        2  gui_core.o(.data)
    .data                                    0x200000e8   Section        4  lcd.o(.data)
    .data                                    0x200000ec   Section       16  lcd_color.o(.data)
    _NumColors                               0x200000ec   Data           4  lcd_color.o(.data)
    RegisterExit                             0x200000f4   Data           8  lcd_color.o(.data)
    .data                                    0x200000fc   Section       88  wm.o(.data)
    _IsInited                                0x200000fd   Data           1  wm.o(.data)
    _NextDrawWin                             0x20000124   Data           4  wm.o(.data)
    _DeleteWindows                           0x20000128   Data           4  wm.o(.data)
    RegisterExit                             0x2000012c   Data           8  wm.o(.data)
    .data                                    0x20000154   Section        8  gui__managecache.o(.data)
    aLockCnt                                 0x20000154   Data           8  gui__managecache.o(.data)
    .data                                    0x2000015c   Section        4  gui_charline.o(.data)
    .data                                    0x20000160   Section       12  gui_onkey.o(.data)
    _pReadKey                                0x20000160   Data           4  gui_onkey.o(.data)
    _pWriteKey                               0x20000164   Data           4  gui_onkey.o(.data)
    _Key                                     0x20000168   Data           4  gui_onkey.o(.data)
    .data                                    0x2000016c   Section       12  gui_waitevent.o(.data)
    _pfSignalEvent                           0x2000016c   Data           4  gui_waitevent.o(.data)
    _pfWaitEvent                             0x20000170   Data           4  gui_waitevent.o(.data)
    _pfWaitEventTimed                        0x20000174   Data           4  gui_waitevent.o(.data)
    .data                                    0x20000178   Section        4  wm__sendmessage.o(.data)
    _EntranceCnt                             0x20000178   Data           4  wm__sendmessage.o(.data)
    .data                                    0x2000017c   Section        4  stdout.o(.data)
    .bss                                     0x20000180   Section    102400  guiconf.o(.bss)
    aMemory                                  0x20000180   Data       102400  guiconf.o(.bss)
    .bss                                     0x20019180   Section      100  my_disco_bsp.o(.bss)
    .bss                                     0x200191e4   Section      200  gui_alloc.o(.bss)
    _Config                                  0x200192a0   Data          12  gui_alloc.o(.bss)
    .bss                                     0x200192ac   Section      120  gui_core.o(.bss)
    GUI__Context                             0x200192ac   Data         120  gui_core.o(.bss)
    .bss                                     0x20019324   Section       24  wm.o(.bss)
    _ClipContext                             0x20019324   Data          24  wm.o(.bss)
    .bss                                     0x2001933c   Section       88  gui_onkey.o(.bss)
    _aState                                  0x2001933c   Data          88  gui_onkey.o(.bss)
    .bss                                     0x20019394   Section       72  wm_touch.o(.bss)
    _aStateLast                              0x20019394   Data          24  wm_touch.o(.bss)
    STACK                                    0x200193e0   Section     2048  startup_stm32f40xx.o(STACK)

    Global Symbols

    Symbol Name                              Value     Ov Type        Size  Object(Section)

    BuildAttributes$$THM_ISAv4$E$P$D$K$B$S$7EM$VFPi3$EXTD16$VFPS$VFMA$PE$A:L22UL41UL21$X:L11$S22US41US21$IEEE1$IW$USESV6$~STKCKD$USESV7$~SHL$OSPACE$ROPI$EBA8$MICROLIB$REQ8$PRES8$EABIv2 0x00000000   Number         0  anon$$obj.o ABSOLUTE
    __ARM_use_no_argv                        0x00000000   Number         0  main.o ABSOLUTE
    _printf_a                                0x00000000   Number         0  stubs.o ABSOLUTE
    _printf_c                                0x00000000   Number         0  stubs.o ABSOLUTE
    _printf_charcount                        0x00000000   Number         0  stubs.o ABSOLUTE
    _printf_d                                0x00000000   Number         0  stubs.o ABSOLUTE
    _printf_e                                0x00000000   Number         0  stubs.o ABSOLUTE
    _printf_f                                0x00000000   Number         0  stubs.o ABSOLUTE
    _printf_flags                            0x00000000   Number         0  stubs.o ABSOLUTE
    _printf_fp_dec                           0x00000000   Number         0  stubs.o ABSOLUTE
    _printf_fp_hex                           0x00000000   Number         0  stubs.o ABSOLUTE
    _printf_g                                0x00000000   Number         0  stubs.o ABSOLUTE
    _printf_i                                0x00000000   Number         0  stubs.o ABSOLUTE
    _printf_int_dec                          0x00000000   Number         0  stubs.o ABSOLUTE
    _printf_l                                0x00000000   Number         0  stubs.o ABSOLUTE
    _printf_lc                               0x00000000   Number         0  stubs.o ABSOLUTE
    _printf_ll                               0x00000000   Number         0  stubs.o ABSOLUTE
    _printf_lld                              0x00000000   Number         0  stubs.o ABSOLUTE
    _printf_lli                              0x00000000   Number         0  stubs.o ABSOLUTE
    _printf_llo                              0x00000000   Number         0  stubs.o ABSOLUTE
    _printf_llu                              0x00000000   Number         0  stubs.o ABSOLUTE
    _printf_llx                              0x00000000   Number         0  stubs.o ABSOLUTE
    _printf_longlong_dec                     0x00000000   Number         0  stubs.o ABSOLUTE
    _printf_longlong_hex                     0x00000000   Number         0  stubs.o ABSOLUTE
    _printf_longlong_oct                     0x00000000   Number         0  stubs.o ABSOLUTE
    _printf_ls                               0x00000000   Number         0  stubs.o ABSOLUTE
    _printf_mbtowc                           0x00000000   Number         0  stubs.o ABSOLUTE
    _printf_n                                0x00000000   Number         0  stubs.o ABSOLUTE
    _printf_o                                0x00000000   Number         0  stubs.o ABSOLUTE
    _printf_p                                0x00000000   Number         0  stubs.o ABSOLUTE
    _printf_percent                          0x00000000   Number         0  stubs.o ABSOLUTE
    _printf_pre_padding                      0x00000000   Number         0  stubs.o ABSOLUTE
    _printf_return_value                     0x00000000   Number         0  stubs.o ABSOLUTE
    _printf_s                                0x00000000   Number         0  stubs.o ABSOLUTE
    _printf_sizespec                         0x00000000   Number         0  stubs.o ABSOLUTE
    _printf_str                              0x00000000   Number         0  stubs.o ABSOLUTE
    _printf_truncate_signed                  0x00000000   Number         0  stubs.o ABSOLUTE
    _printf_truncate_unsigned                0x00000000   Number         0  stubs.o ABSOLUTE
    _printf_u                                0x00000000   Number         0  stubs.o ABSOLUTE
    _printf_wc                               0x00000000   Number         0  stubs.o ABSOLUTE
    _printf_wctomb                           0x00000000   Number         0  stubs.o ABSOLUTE
    _printf_widthprec                        0x00000000   Number         0  stubs.o ABSOLUTE
    _printf_x                                0x00000000   Number         0  stubs.o ABSOLUTE
    __cpp_initialize__aeabi_                  - Undefined Weak Reference
    __cxa_finalize                            - Undefined Weak Reference
    _clock_init                               - Undefined Weak Reference
    _microlib_exit                            - Undefined Weak Reference
    __Vectors_Size                           0x00000188   Number         0  startup_stm32f40xx.o ABSOLUTE
    __Vectors                                0x08000000   Data           4  startup_stm32f40xx.o(RESET)
    __Vectors_End                            0x08000188   Data           0  startup_stm32f40xx.o(RESET)
    __main                                   0x08000189   Thumb Code     0  entry.o(.ARM.Collect$$$$00000000)
    _main_stk                                0x08000189   Thumb Code     0  entry2.o(.ARM.Collect$$$$00000001)
    _main_scatterload                        0x0800018d   Thumb Code     0  entry5.o(.ARM.Collect$$$$00000004)
    __main_after_scatterload                 0x08000191   Thumb Code     0  entry5.o(.ARM.Collect$$$$00000004)
    _main_clock                              0x08000191   Thumb Code     0  entry7b.o(.ARM.Collect$$$$00000008)
    _main_cpp_init                           0x08000191   Thumb Code     0  entry8b.o(.ARM.Collect$$$$0000000A)
    _main_init                               0x08000191   Thumb Code     0  entry9a.o(.ARM.Collect$$$$0000000B)
    __rt_final_cpp                           0x08000199   Thumb Code     0  entry10a.o(.ARM.Collect$$$$0000000D)
    __rt_final_exit                          0x08000199   Thumb Code     0  entry11a.o(.ARM.Collect$$$$0000000F)
    Reset_Handler                            0x0800019d   Thumb Code     8  startup_stm32f40xx.o(.text)
    ADC_IRQHandler                           0x080001b7   Thumb Code     0  startup_stm32f40xx.o(.text)
    CAN1_RX0_IRQHandler                      0x080001b7   Thumb Code     0  startup_stm32f40xx.o(.text)
    CAN1_RX1_IRQHandler                      0x080001b7   Thumb Code     0  startup_stm32f40xx.o(.text)
    CAN1_SCE_IRQHandler                      0x080001b7   Thumb Code     0  startup_stm32f40xx.o(.text)
    CAN1_TX_IRQHandler                       0x080001b7   Thumb Code     0  startup_stm32f40xx.o(.text)
    CAN2_RX0_IRQHandler                      0x080001b7   Thumb Code     0  startup_stm32f40xx.o(.text)
    CAN2_RX1_IRQHandler                      0x080001b7   Thumb Code     0  startup_stm32f40xx.o(.text)
    CAN2_SCE_IRQHandler                      0x080001b7   Thumb Code     0  startup_stm32f40xx.o(.text)
    CAN2_TX_IRQHandler                       0x080001b7   Thumb Code     0  startup_stm32f40xx.o(.text)
    CRYP_IRQHandler                          0x080001b7   Thumb Code     0  startup_stm32f40xx.o(.text)
    DCMI_IRQHandler                          0x080001b7   Thumb Code     0  startup_stm32f40xx.o(.text)
    DMA1_Stream0_IRQHandler                  0x080001b7   Thumb Code     0  startup_stm32f40xx.o(.text)
    DMA1_Stream1_IRQHandler                  0x080001b7   Thumb Code     0  startup_stm32f40xx.o(.text)
    DMA1_Stream2_IRQHandler                  0x080001b7   Thumb Code     0  startup_stm32f40xx.o(.text)
    DMA1_Stream3_IRQHandler                  0x080001b7   Thumb Code     0  startup_stm32f40xx.o(.text)
    DMA1_Stream4_IRQHandler                  0x080001b7   Thumb Code     0  startup_stm32f40xx.o(.text)
    DMA1_Stream5_IRQHandler                  0x080001b7   Thumb Code     0  startup_stm32f40xx.o(.text)
    DMA1_Stream6_IRQHandler                  0x080001b7   Thumb Code     0  startup_stm32f40xx.o(.text)
    DMA1_Stream7_IRQHandler                  0x080001b7   Thumb Code     0  startup_stm32f40xx.o(.text)
    DMA2_Stream0_IRQHandler                  0x080001b7   Thumb Code     0  startup_stm32f40xx.o(.text)
    DMA2_Stream1_IRQHandler                  0x080001b7   Thumb Code     0  startup_stm32f40xx.o(.text)
    DMA2_Stream2_IRQHandler                  0x080001b7   Thumb Code     0  startup_stm32f40xx.o(.text)
    DMA2_Stream3_IRQHandler                  0x080001b7   Thumb Code     0  startup_stm32f40xx.o(.text)
    DMA2_Stream4_IRQHandler                  0x080001b7   Thumb Code     0  startup_stm32f40xx.o(.text)
    DMA2_Stream5_IRQHandler                  0x080001b7   Thumb Code     0  startup_stm32f40xx.o(.text)
    DMA2_Stream6_IRQHandler                  0x080001b7   Thumb Code     0  startup_stm32f40xx.o(.text)
    DMA2_Stream7_IRQHandler                  0x080001b7   Thumb Code     0  startup_stm32f40xx.o(.text)
    ETH_IRQHandler                           0x080001b7   Thumb Code     0  startup_stm32f40xx.o(.text)
    ETH_WKUP_IRQHandler                      0x080001b7   Thumb Code     0  startup_stm32f40xx.o(.text)
    EXTI0_IRQHandler                         0x080001b7   Thumb Code     0  startup_stm32f40xx.o(.text)
    EXTI15_10_IRQHandler                     0x080001b7   Thumb Code     0  startup_stm32f40xx.o(.text)
    EXTI1_IRQHandler                         0x080001b7   Thumb Code     0  startup_stm32f40xx.o(.text)
    EXTI2_IRQHandler                         0x080001b7   Thumb Code     0  startup_stm32f40xx.o(.text)
    EXTI3_IRQHandler                         0x080001b7   Thumb Code     0  startup_stm32f40xx.o(.text)
    EXTI4_IRQHandler                         0x080001b7   Thumb Code     0  startup_stm32f40xx.o(.text)
    EXTI9_5_IRQHandler                       0x080001b7   Thumb Code     0  startup_stm32f40xx.o(.text)
    FLASH_IRQHandler                         0x080001b7   Thumb Code     0  startup_stm32f40xx.o(.text)
    FPU_IRQHandler                           0x080001b7   Thumb Code     0  startup_stm32f40xx.o(.text)
    FSMC_IRQHandler                          0x080001b7   Thumb Code     0  startup_stm32f40xx.o(.text)
    HASH_RNG_IRQHandler                      0x080001b7   Thumb Code     0  startup_stm32f40xx.o(.text)
    I2C1_ER_IRQHandler                       0x080001b7   Thumb Code     0  startup_stm32f40xx.o(.text)
    I2C1_EV_IRQHandler                       0x080001b7   Thumb Code     0  startup_stm32f40xx.o(.text)
    I2C2_ER_IRQHandler                       0x080001b7   Thumb Code     0  startup_stm32f40xx.o(.text)
    I2C2_EV_IRQHandler                       0x080001b7   Thumb Code     0  startup_stm32f40xx.o(.text)
    I2C3_ER_IRQHandler                       0x080001b7   Thumb Code     0  startup_stm32f40xx.o(.text)
    I2C3_EV_IRQHandler                       0x080001b7   Thumb Code     0  startup_stm32f40xx.o(.text)
    OTG_FS_IRQHandler                        0x080001b7   Thumb Code     0  startup_stm32f40xx.o(.text)
    OTG_FS_WKUP_IRQHandler                   0x080001b7   Thumb Code     0  startup_stm32f40xx.o(.text)
    OTG_HS_EP1_IN_IRQHandler                 0x080001b7   Thumb Code     0  startup_stm32f40xx.o(.text)
    OTG_HS_EP1_OUT_IRQHandler                0x080001b7   Thumb Code     0  startup_stm32f40xx.o(.text)
    OTG_HS_IRQHandler                        0x080001b7   Thumb Code     0  startup_stm32f40xx.o(.text)
    OTG_HS_WKUP_IRQHandler                   0x080001b7   Thumb Code     0  startup_stm32f40xx.o(.text)
    PVD_IRQHandler                           0x080001b7   Thumb Code     0  startup_stm32f40xx.o(.text)
    RCC_IRQHandler                           0x080001b7   Thumb Code     0  startup_stm32f40xx.o(.text)
    RTC_Alarm_IRQHandler                     0x080001b7   Thumb Code     0  startup_stm32f40xx.o(.text)
    RTC_WKUP_IRQHandler                      0x080001b7   Thumb Code     0  startup_stm32f40xx.o(.text)
    SDIO_IRQHandler                          0x080001b7   Thumb Code     0  startup_stm32f40xx.o(.text)
    SPI1_IRQHandler                          0x080001b7   Thumb Code     0  startup_stm32f40xx.o(.text)
    SPI3_IRQHandler                          0x080001b7   Thumb Code     0  startup_stm32f40xx.o(.text)
    TAMP_STAMP_IRQHandler                    0x080001b7   Thumb Code     0  startup_stm32f40xx.o(.text)
    TIM1_BRK_TIM9_IRQHandler                 0x080001b7   Thumb Code     0  startup_stm32f40xx.o(.text)
    TIM1_CC_IRQHandler                       0x080001b7   Thumb Code     0  startup_stm32f40xx.o(.text)
    TIM1_TRG_COM_TIM11_IRQHandler            0x080001b7   Thumb Code     0  startup_stm32f40xx.o(.text)
    TIM1_UP_TIM10_IRQHandler                 0x080001b7   Thumb Code     0  startup_stm32f40xx.o(.text)
    TIM2_IRQHandler                          0x080001b7   Thumb Code     0  startup_stm32f40xx.o(.text)
    TIM3_IRQHandler                          0x080001b7   Thumb Code     0  startup_stm32f40xx.o(.text)
    TIM4_IRQHandler                          0x080001b7   Thumb Code     0  startup_stm32f40xx.o(.text)
    TIM5_IRQHandler                          0x080001b7   Thumb Code     0  startup_stm32f40xx.o(.text)
    TIM6_DAC_IRQHandler                      0x080001b7   Thumb Code     0  startup_stm32f40xx.o(.text)
    TIM7_IRQHandler                          0x080001b7   Thumb Code     0  startup_stm32f40xx.o(.text)
    TIM8_BRK_TIM12_IRQHandler                0x080001b7   Thumb Code     0  startup_stm32f40xx.o(.text)
    TIM8_CC_IRQHandler                       0x080001b7   Thumb Code     0  startup_stm32f40xx.o(.text)
    TIM8_TRG_COM_TIM14_IRQHandler            0x080001b7   Thumb Code     0  startup_stm32f40xx.o(.text)
    TIM8_UP_TIM13_IRQHandler                 0x080001b7   Thumb Code     0  startup_stm32f40xx.o(.text)
    UART4_IRQHandler                         0x080001b7   Thumb Code     0  startup_stm32f40xx.o(.text)
    UART5_IRQHandler                         0x080001b7   Thumb Code     0  startup_stm32f40xx.o(.text)
    USART1_IRQHandler                        0x080001b7   Thumb Code     0  startup_stm32f40xx.o(.text)
    USART2_IRQHandler                        0x080001b7   Thumb Code     0  startup_stm32f40xx.o(.text)
    USART3_IRQHandler                        0x080001b7   Thumb Code     0  startup_stm32f40xx.o(.text)
    USART6_IRQHandler                        0x080001b7   Thumb Code     0  startup_stm32f40xx.o(.text)
    WWDG_IRQHandler                          0x080001b7   Thumb Code     0  startup_stm32f40xx.o(.text)
    SystemInit                               0x0800029b   Thumb Code   176  system_stm32f4xx.o(.text)
    SystemCoreClockUpdate                    0x0800034b   Thumb Code   174  system_stm32f4xx.o(.text)
    NVIC_PriorityGroupConfig                 0x08000429   Thumb Code    10  misc.o(.text)
    NVIC_Init                                0x08000433   Thumb Code   108  misc.o(.text)
    NVIC_SetVectorTable                      0x0800049f   Thumb Code    14  misc.o(.text)
    NVIC_SystemLPConfig                      0x080004ad   Thumb Code    34  misc.o(.text)
    SysTick_CLKSourceConfig                  0x080004cf   Thumb Code    40  misc.o(.text)
    FSMC_NORSRAMDeInit                       0x0800050d   Thumb Code    56  stm32f4xx_fsmc.o(.text)
    FSMC_NORSRAMInit                         0x08000545   Thumb Code   288  stm32f4xx_fsmc.o(.text)
    FSMC_NORSRAMStructInit                   0x08000665   Thumb Code    48  stm32f4xx_fsmc.o(.text)
    FSMC_NORSRAMCmd                          0x08000695   Thumb Code    46  stm32f4xx_fsmc.o(.text)
    FSMC_NANDDeInit                          0x080006c3   Thumb Code    62  stm32f4xx_fsmc.o(.text)
    FSMC_NANDInit                            0x08000701   Thumb Code   214  stm32f4xx_fsmc.o(.text)
    FSMC_NANDStructInit                      0x080007d7   Thumb Code    54  stm32f4xx_fsmc.o(.text)
    FSMC_NANDCmd                             0x0800080d   Thumb Code    86  stm32f4xx_fsmc.o(.text)
    FSMC_NANDECCCmd                          0x08000863   Thumb Code    86  stm32f4xx_fsmc.o(.text)
    FSMC_GetECC                              0x080008b9   Thumb Code    22  stm32f4xx_fsmc.o(.text)
    FSMC_PCCARDDeInit                        0x080008cf   Thumb Code    40  stm32f4xx_fsmc.o(.text)
    FSMC_PCCARDInit                          0x080008f7   Thumb Code   246  stm32f4xx_fsmc.o(.text)
    FSMC_PCCARDStructInit                    0x080009ed   Thumb Code    60  stm32f4xx_fsmc.o(.text)
    FSMC_PCCARDCmd                           0x08000a29   Thumb Code    40  stm32f4xx_fsmc.o(.text)
    FSMC_ITConfig                            0x08000a51   Thumb Code   128  stm32f4xx_fsmc.o(.text)
    FSMC_GetFlagStatus                       0x08000ad1   Thumb Code    48  stm32f4xx_fsmc.o(.text)
    FSMC_ClearFlag                           0x08000b01   Thumb Code    62  stm32f4xx_fsmc.o(.text)
    FSMC_GetITStatus                         0x08000b3f   Thumb Code    60  stm32f4xx_fsmc.o(.text)
    FSMC_ClearITPendingBit                   0x08000b7b   Thumb Code    64  stm32f4xx_fsmc.o(.text)
    GPIO_DeInit                              0x08000bd5   Thumb Code   268  stm32f4xx_gpio.o(.text)
    GPIO_Init                                0x08000ce1   Thumb Code   144  stm32f4xx_gpio.o(.text)
    GPIO_StructInit                          0x08000d71   Thumb Code    18  stm32f4xx_gpio.o(.text)
    GPIO_PinLockConfig                       0x08000d83   Thumb Code    34  stm32f4xx_gpio.o(.text)
    GPIO_ReadInputDataBit                    0x08000da5   Thumb Code    18  stm32f4xx_gpio.o(.text)
    GPIO_ReadInputData                       0x08000db7   Thumb Code     8  stm32f4xx_gpio.o(.text)
    GPIO_ReadOutputDataBit                   0x08000dbf   Thumb Code    18  stm32f4xx_gpio.o(.text)
    GPIO_ReadOutputData                      0x08000dd1   Thumb Code     8  stm32f4xx_gpio.o(.text)
    GPIO_SetBits                             0x08000dd9   Thumb Code     4  stm32f4xx_gpio.o(.text)
    GPIO_ResetBits                           0x08000ddd   Thumb Code     4  stm32f4xx_gpio.o(.text)
    GPIO_WriteBit                            0x08000de1   Thumb Code    10  stm32f4xx_gpio.o(.text)
    GPIO_Write                               0x08000deb   Thumb Code     4  stm32f4xx_gpio.o(.text)
    GPIO_ToggleBits                          0x08000def   Thumb Code     8  stm32f4xx_gpio.o(.text)
    GPIO_PinAFConfig                         0x08000df7   Thumb Code    70  stm32f4xx_gpio.o(.text)
    RCC_DeInit                               0x08000e69   Thumb Code    82  stm32f4xx_rcc.o(.text)
    RCC_HSEConfig                            0x08000ebb   Thumb Code    14  stm32f4xx_rcc.o(.text)
    RCC_GetFlagStatus                        0x08000ec9   Thumb Code    60  stm32f4xx_rcc.o(.text)
    RCC_WaitForHSEStartUp                    0x08000f05   Thumb Code    56  stm32f4xx_rcc.o(.text)
    RCC_AdjustHSICalibrationValue            0x08000f3d   Thumb Code    20  stm32f4xx_rcc.o(.text)
    RCC_HSICmd                               0x08000f51   Thumb Code     6  stm32f4xx_rcc.o(.text)
    RCC_LSEConfig                            0x08000f57   Thumb Code    46  stm32f4xx_rcc.o(.text)
    RCC_LSICmd                               0x08000f85   Thumb Code     6  stm32f4xx_rcc.o(.text)
    RCC_PLLConfig                            0x08000f8b   Thumb Code    32  stm32f4xx_rcc.o(.text)
    RCC_PLLCmd                               0x08000fab   Thumb Code     6  stm32f4xx_rcc.o(.text)
    RCC_PLLI2SConfig                         0x08000fb1   Thumb Code    14  stm32f4xx_rcc.o(.text)
    RCC_PLLI2SCmd                            0x08000fbf   Thumb Code     6  stm32f4xx_rcc.o(.text)
    RCC_PLLSAIConfig                         0x08000fc5   Thumb Code    20  stm32f4xx_rcc.o(.text)
    RCC_PLLSAICmd                            0x08000fd9   Thumb Code     6  stm32f4xx_rcc.o(.text)
    RCC_ClockSecuritySystemCmd               0x08000fdf   Thumb Code     6  stm32f4xx_rcc.o(.text)
    RCC_MCO1Config                           0x08000fe5   Thumb Code    28  stm32f4xx_rcc.o(.text)
    RCC_MCO2Config                           0x08001001   Thumb Code    28  stm32f4xx_rcc.o(.text)
    RCC_SYSCLKConfig                         0x0800101d   Thumb Code    20  stm32f4xx_rcc.o(.text)
    RCC_GetSYSCLKSource                      0x08001031   Thumb Code    12  stm32f4xx_rcc.o(.text)
    RCC_HCLKConfig                           0x0800103d   Thumb Code    20  stm32f4xx_rcc.o(.text)
    RCC_PCLK1Config                          0x08001051   Thumb Code    20  stm32f4xx_rcc.o(.text)
    RCC_PCLK2Config                          0x08001065   Thumb Code    22  stm32f4xx_rcc.o(.text)
    RCC_GetClocksFreq                        0x0800107b   Thumb Code   222  stm32f4xx_rcc.o(.text)
    RCC_RTCCLKConfig                         0x08001159   Thumb Code    54  stm32f4xx_rcc.o(.text)
    RCC_RTCCLKCmd                            0x0800118f   Thumb Code     8  stm32f4xx_rcc.o(.text)
    RCC_BackupResetCmd                       0x08001197   Thumb Code     8  stm32f4xx_rcc.o(.text)
    RCC_I2SCLKConfig                         0x0800119f   Thumb Code     6  stm32f4xx_rcc.o(.text)
    RCC_SAIBlockACLKConfig                   0x080011a5   Thumb Code    20  stm32f4xx_rcc.o(.text)
    RCC_SAIBlockBCLKConfig                   0x080011b9   Thumb Code    20  stm32f4xx_rcc.o(.text)
    RCC_SAIPLLI2SClkDivConfig                0x080011cd   Thumb Code    26  stm32f4xx_rcc.o(.text)
    RCC_SAIPLLSAIClkDivConfig                0x080011e7   Thumb Code    28  stm32f4xx_rcc.o(.text)
    RCC_LTDCCLKDivConfig                     0x08001203   Thumb Code    20  stm32f4xx_rcc.o(.text)
    RCC_TIMCLKPresConfig                     0x08001217   Thumb Code     6  stm32f4xx_rcc.o(.text)
    RCC_AHB1PeriphClockCmd                   0x0800121d   Thumb Code    34  stm32f4xx_rcc.o(.text)
    RCC_AHB2PeriphClockCmd                   0x0800123f   Thumb Code    78  stm32f4xx_rcc.o(.text)
    RCC_AHB3PeriphClockCmd                   0x0800128d   Thumb Code    34  stm32f4xx_rcc.o(.text)
    RCC_APB1PeriphClockCmd                   0x080012af   Thumb Code    34  stm32f4xx_rcc.o(.text)
    RCC_APB2PeriphClockCmd                   0x080012d1   Thumb Code    34  stm32f4xx_rcc.o(.text)
    RCC_AHB1PeriphResetCmd                   0x080012f3   Thumb Code    34  stm32f4xx_rcc.o(.text)
    RCC_AHB2PeriphResetCmd                   0x08001315   Thumb Code    34  stm32f4xx_rcc.o(.text)
    RCC_AHB3PeriphResetCmd                   0x08001337   Thumb Code    34  stm32f4xx_rcc.o(.text)
    RCC_APB1PeriphResetCmd                   0x08001359   Thumb Code    34  stm32f4xx_rcc.o(.text)
    RCC_APB2PeriphResetCmd                   0x0800137b   Thumb Code    34  stm32f4xx_rcc.o(.text)
    RCC_AHB1PeriphClockLPModeCmd             0x0800139d   Thumb Code    34  stm32f4xx_rcc.o(.text)
    RCC_AHB2PeriphClockLPModeCmd             0x080013bf   Thumb Code    34  stm32f4xx_rcc.o(.text)
    RCC_AHB3PeriphClockLPModeCmd             0x080013e1   Thumb Code    34  stm32f4xx_rcc.o(.text)
    RCC_APB1PeriphClockLPModeCmd             0x08001403   Thumb Code    34  stm32f4xx_rcc.o(.text)
    RCC_APB2PeriphClockLPModeCmd             0x08001425   Thumb Code    34  stm32f4xx_rcc.o(.text)
    RCC_LSEModeConfig                        0x08001447   Thumb Code    40  stm32f4xx_rcc.o(.text)
    RCC_ITConfig                             0x0800146f   Thumb Code    34  stm32f4xx_rcc.o(.text)
    RCC_ClearFlag                            0x08001491   Thumb Code    18  stm32f4xx_rcc.o(.text)
    RCC_GetITStatus                          0x080014a3   Thumb Code    22  stm32f4xx_rcc.o(.text)
    RCC_ClearITPendingBit                    0x080014b9   Thumb Code     8  stm32f4xx_rcc.o(.text)
    SPI_I2S_DeInit                           0x080014c5   Thumb Code   152  stm32f4xx_spi.o(.text)
    SPI_Init                                 0x0800155d   Thumb Code    60  stm32f4xx_spi.o(.text)
    I2S_Init                                 0x08001599   Thumb Code   392  stm32f4xx_spi.o(.text)
    SPI_StructInit                           0x08001721   Thumb Code    24  stm32f4xx_spi.o(.text)
    I2S_StructInit                           0x08001739   Thumb Code    20  stm32f4xx_spi.o(.text)
    SPI_Cmd                                  0x0800174d   Thumb Code    24  stm32f4xx_spi.o(.text)
    I2S_Cmd                                  0x08001765   Thumb Code    24  stm32f4xx_spi.o(.text)
    SPI_DataSizeConfig                       0x0800177d   Thumb Code    18  stm32f4xx_spi.o(.text)
    SPI_BiDirectionalLineConfig              0x0800178f   Thumb Code    28  stm32f4xx_spi.o(.text)
    SPI_NSSInternalSoftwareConfig            0x080017ab   Thumb Code    30  stm32f4xx_spi.o(.text)
    SPI_SSOutputCmd                          0x080017c9   Thumb Code    24  stm32f4xx_spi.o(.text)
    SPI_TIModeCmd                            0x080017e1   Thumb Code    24  stm32f4xx_spi.o(.text)
    I2S_FullDuplexConfig                     0x080017f9   Thumb Code    80  stm32f4xx_spi.o(.text)
    SPI_I2S_ReceiveData                      0x08001849   Thumb Code     6  stm32f4xx_spi.o(.text)
    SPI_I2S_SendData                         0x0800184f   Thumb Code     4  stm32f4xx_spi.o(.text)
    SPI_CalculateCRC                         0x08001853   Thumb Code    24  stm32f4xx_spi.o(.text)
    SPI_TransmitCRC                          0x0800186b   Thumb Code    10  stm32f4xx_spi.o(.text)
    SPI_GetCRC                               0x08001875   Thumb Code    16  stm32f4xx_spi.o(.text)
    SPI_GetCRCPolynomial                     0x08001885   Thumb Code     6  stm32f4xx_spi.o(.text)
    SPI_I2S_DMACmd                           0x0800188b   Thumb Code    18  stm32f4xx_spi.o(.text)
    SPI_I2S_ITConfig                         0x0800189d   Thumb Code    68  stm32f4xx_spi.o(.text)
    SPI_I2S_GetFlagStatus                    0x080018e1   Thumb Code    18  stm32f4xx_spi.o(.text)
    SPI_I2S_ClearFlag                        0x080018f3   Thumb Code     6  stm32f4xx_spi.o(.text)
    SPI_I2S_GetITStatus                      0x080018f9   Thumb Code    52  stm32f4xx_spi.o(.text)
    SPI_I2S_ClearITPendingBit                0x0800192d   Thumb Code    20  stm32f4xx_spi.o(.text)
    GUI_X_Config                             0x08001941   Thumb Code    20  guiconf.o(.text)
    LCD_X_Config                             0x080021eb   Thumb Code    44  lcdconf_flexcolor_template.o(.text)
    LCD_X_DisplayDriver                      0x08002217   Thumb Code    34  lcdconf_flexcolor_template.o(.text)
    GUI_X_GetTime                            0x08002245   Thumb Code     6  gui_x.o(.text)
    GUI_X_Delay                              0x0800224b   Thumb Code    20  gui_x.o(.text)
    GUI_X_TimerTick                          0x0800225f   Thumb Code    12  gui_x.o(.text)
    GUI_X_Init                               0x0800226b   Thumb Code     8  gui_x.o(.text)
    GUI_X_ExecIdle                           0x08002273   Thumb Code     2  gui_x.o(.text)
    GUI_X_Log                                0x08002275   Thumb Code     2  gui_x.o(.text)
    GUI_X_Warn                               0x08002277   Thumb Code     2  gui_x.o(.text)
    GUI_X_ErrorOut                           0x08002279   Thumb Code     2  gui_x.o(.text)
    BSP_KeyInit                              0x08002281   Thumb Code    38  my_disco_bsp.o(.text)
    BSP_GetKeyState                          0x080022a7   Thumb Code    20  my_disco_bsp.o(.text)
    BSP_SPI_Init                             0x080022bb   Thumb Code   322  my_disco_bsp.o(.text)
    SPI2_IRQHandler                          0x080023fd   Thumb Code   110  my_disco_bsp.o(.text)
    Debug_ShowRegister                       0x08002489   Thumb Code   100  my_disco_bsp_debug.o(.text)
    SSD1963_Delayms                          0x0800252d   Thumb Code    20  ssd1963.o(.text)
    SSD1963_GPIOInit                         0x08002541   Thumb Code   332  ssd1963.o(.text)
    SSD1963_Rest                             0x0800268d   Thumb Code    26  ssd1963.o(.text)
    SSD1963_FSMCInit                         0x080026a7   Thumb Code   102  ssd1963.o(.text)
    SSD1963_Init                             0x0800270d   Thumb Code   344  ssd1963.o(.text)
    SSD1963_Clear                            0x08002865   Thumb Code    72  ssd1963.o(.text)
    SSD1963_Cursor                           0x080028ad   Thumb Code    58  ssd1963.o(.text)
    SSD1963_Point                            0x080028e7   Thumb Code    22  ssd1963.o(.text)
    SSD1963_Fill                             0x080028fd   Thumb Code    98  ssd1963.o(.text)
    LCD_BGR2RGB                              0x0800295f   Thumb Code    26  ssd1963.o(.text)
    LCD_Circle                               0x08002979   Thumb Code   174  ssd1963.o(.text)
    main                                     0x08002a41   Thumb Code   134  main.o(.text)
    TimingDelay_Decrement                    0x08002ac7   Thumb Code    18  main.o(.text)
    NMI_Handler                              0x08002aed   Thumb Code     2  stm32f4xx_it.o(.text)
    HardFault_Handler                        0x08002aef   Thumb Code     4  stm32f4xx_it.o(.text)
    MemManage_Handler                        0x08002af3   Thumb Code     4  stm32f4xx_it.o(.text)
    BusFault_Handler                         0x08002af7   Thumb Code     4  stm32f4xx_it.o(.text)
    UsageFault_Handler                       0x08002afb   Thumb Code     4  stm32f4xx_it.o(.text)
    SVC_Handler                              0x08002aff   Thumb Code     2  stm32f4xx_it.o(.text)
    DebugMon_Handler                         0x08002b01   Thumb Code     2  stm32f4xx_it.o(.text)
    PendSV_Handler                           0x08002b03   Thumb Code     2  stm32f4xx_it.o(.text)
    SysTick_Handler                          0x08002b05   Thumb Code    12  stm32f4xx_it.o(.text)
    ___aeabi_memcpy8$move                    0x08002b11   Thumb Code     0  memmovea.o(.text)
    __aeabi_memcpy                           0x08002b11   Thumb Code    64  memmovea.o(.text)
    __aeabi_memcpy4                          0x08002b11   Thumb Code     0  memmovea.o(.text)
    __aeabi_memmove                          0x08002b11   Thumb Code     0  memmovea.o(.text)
    __aeabi_memmove4                         0x08002b11   Thumb Code     0  memmovea.o(.text)
    __aeabi_memmove8                         0x08002b11   Thumb Code     0  memmovea.o(.text)
    strncmp                                  0x08002b51   Thumb Code    30  strncmp.o(.text)
    __aeabi_uldivmod                         0x08002b6f   Thumb Code    98  uldiv.o(.text)
    __scatterload                            0x08002bd1   Thumb Code    28  init.o(.text)
    __scatterload_rt2                        0x08002bd1   Thumb Code     0  init.o(.text)
    __aeabi_llsl                             0x08002bf5   Thumb Code    30  llshl.o(.text)
    __semihosting_library_function           0x08002bf5   Thumb Code     0  semi.o(.text)
    _ll_shift_l                              0x08002bf5   Thumb Code     0  llshl.o(.text)
    __aeabi_llsr                             0x08002c13   Thumb Code    32  llushr.o(.text)
    _ll_ushift_r                             0x08002c13   Thumb Code     0  llushr.o(.text)
    __I$use$semihosting$fputc                0x08002c33   Thumb Code     0  iusesemip.o(.text)
    __decompress                             0x08002c33   Thumb Code     0  __dczerorl2.o(.text)
    __decompress1                            0x08002c33   Thumb Code    92  __dczerorl2.o(.text)
    GUIMONO_DispChar                         0x08002c91   Thumb Code   302  gui_charm.o(i.GUIMONO_DispChar)
    GUIMONO_GetCharDistX                     0x08002dc5   Thumb Code    18  gui_charm.o(i.GUIMONO_GetCharDistX)
    GUIMONO_GetFontInfo                      0x08002ddd   Thumb Code     6  gui_charm.o(i.GUIMONO_GetFontInfo)
    GUIMONO_IsInFont                         0x08002de3   Thumb Code    56  gui_charm.o(i.GUIMONO_IsInFont)
    GUI_ALLOC_AllocNoInit                    0x08002e1b   Thumb Code    10  gui_alloc.o(i.GUI_ALLOC_AllocNoInit)
    GUI_ALLOC_AllocZero                      0x08002e25   Thumb Code    36  gui_alloc_alloczero.o(i.GUI_ALLOC_AllocZero)
    GUI_ALLOC_AssignMemory                   0x08002e49   Thumb Code    12  gui_alloc.o(i.GUI_ALLOC_AssignMemory)
    GUI_ALLOC_Free                           0x08002e59   Thumb Code    50  gui_alloc.o(i.GUI_ALLOC_Free)
    GUI_ALLOC_FreeFixedBlock                 0x08002e91   Thumb Code    18  gui_alloc.o(i.GUI_ALLOC_FreeFixedBlock)
    GUI_ALLOC_GetFixedBlock                  0x08002ea9   Thumb Code   164  gui_alloc.o(i.GUI_ALLOC_GetFixedBlock)
    GUI_ALLOC_LockH                          0x08002f51   Thumb Code    24  gui_alloc.o(i.GUI_ALLOC_LockH)
    GUI_ALLOC_UnlockH                        0x08002f6d   Thumb Code    42  gui_alloc.o(i.GUI_ALLOC_UnlockH)
    GUI_ALLOC_h2p                            0x08002f9d   Thumb Code    20  gui_alloc.o(i.GUI_ALLOC_h2p)
    GUI_AddDecShift                          0x08002fb5   Thumb Code   142  gui_adddecshift.o(i.GUI_AddDecShift)
    GUI_CalcColorDist                        0x0800304d   Thumb Code    68  gui_calccolordist.o(i.GUI_CalcColorDist)
    GUI_Clear                                0x08003091   Thumb Code    28  gui_core.o(i.GUI_Clear)
    GUI_ClearRect                            0x080030ad   Thumb Code    90  gui_core.o(i.GUI_ClearRect)
    GUI_DEVICE_Create                        0x0800310d   Thumb Code    76  gui_device.o(i.GUI_DEVICE_Create)
    GUI_DEVICE_CreateAndLink                 0x0800315d   Thumb Code    36  gui_device.o(i.GUI_DEVICE_CreateAndLink)
    GUI_DEVICE_Delete                        0x08003185   Thumb Code     4  gui_device.o(i.GUI_DEVICE_Delete)
    GUI_DEVICE_Link                          0x08003189   Thumb Code   124  gui_device.o(i.GUI_DEVICE_Link)
    GUI_DEVICE_Unlink                        0x08003209   Thumb Code     4  gui_device.o(i.GUI_DEVICE_Unlink)
    GUI_DEVICE__GetpDriver                   0x0800320d   Thumb Code    32  gui_device.o(i.GUI_DEVICE__GetpDriver)
    GUI_DispDec                              0x08003231   Thumb Code     6  gui_val.o(i.GUI_DispDec)
    GUI_DispDecShift                         0x08003237   Thumb Code    20  gui_val.o(i.GUI_DispDecShift)
    GUI_DispString                           0x0800324d   Thumb Code   252  gui_dispstring.o(i.GUI_DispString)
    GUI_GetBitsPerPixelEx                    0x0800334d   Thumb Code    14  lcd_getex.o(i.GUI_GetBitsPerPixelEx)
    GUI_GetCharDistX                         0x08003361   Thumb Code    12  gui_char.o(i.GUI_GetCharDistX)
    GUI_GetCharDistXEx                       0x08003371   Thumb Code    10  gui_char.o(i.GUI_GetCharDistXEx)
    GUI_GetFontDistY                         0x08003381   Thumb Code    10  gui_char.o(i.GUI_GetFontDistY)
    GUI_GetYAdjust                           0x08003391   Thumb Code    42  gui_char.o(i.GUI_GetYAdjust)
    GUI_GetpfColor2IndexEx                   0x080033c1   Thumb Code    12  lcd_getex.o(i.GUI_GetpfColor2IndexEx)
    GUI_GetpfIndex2ColorEx                   0x080033d1   Thumb Code    12  lcd_getex.o(i.GUI_GetpfIndex2ColorEx)
    GUI_GotoXY                               0x080033e1   Thumb Code    20  gui_goto.o(i.GUI_GotoXY)
    GUI_Init                                 0x080033f5   Thumb Code    74  gui_core.o(i.GUI_Init)
    GUI_MEMDEV_Delete                        0x08003459   Thumb Code    58  guidev.o(i.GUI_MEMDEV_Delete)
    GUI_MEMDEV_GetBitsPerPixel               0x08003499   Thumb Code    36  guidev.o(i.GUI_MEMDEV_GetBitsPerPixel)
    GUI_MEMDEV_GetDataPtr                    0x080034bd   Thumb Code    22  guidev_getdataptr.o(i.GUI_MEMDEV_GetDataPtr)
    GUI_MEMDEV__WriteToActiveOpaque          0x080034d3   Thumb Code    60  guidev_writetoactiveopaque.o(i.GUI_MEMDEV__WriteToActiveOpaque)
    GUI_MergeRect                            0x0800350f   Thumb Code    88  gui_mergerect.o(i.GUI_MergeRect)
    GUI_MoveRect                             0x08003567   Thumb Code    30  gui_moverect.o(i.GUI_MoveRect)
    GUI_RectsIntersect                       0x08003585   Thumb Code    56  gui_rectsintersect.o(i.GUI_RectsIntersect)
    GUI_SelectLCD                            0x080035bd   Thumb Code    18  gui_selectlcd.o(i.GUI_SelectLCD)
    GUI_SelectLayer                          0x080035d1   Thumb Code    28  gui_selectlayer.o(i.GUI_SelectLayer)
    GUI_SetBkColor                           0x080035f5   Thumb Code     4  gui_setcolor.o(i.GUI_SetBkColor)
    GUI_SetColor                             0x080035f9   Thumb Code     4  gui_setcolor.o(i.GUI_SetColor)
    GUI_SetDefaultFont                       0x080035fd   Thumb Code     6  gui_core.o(i.GUI_SetDefaultFont)
    GUI_SetOrg                               0x08003609   Thumb Code    38  gui_setorg.o(i.GUI_SetOrg)
    GUI_SignalEvent                          0x08003641   Thumb Code    12  gui_waitevent.o(i.GUI_SignalEvent)
    GUI_StoreKey                             0x08003651   Thumb Code    12  gui_onkey.o(i.GUI_StoreKey)
    GUI_UC__GetCharCodeInc                   0x08003661   Thumb Code    38  gui_uc.o(i.GUI_UC__GetCharCodeInc)
    GUI_UC__NumChars2NumBytes                0x0800368d   Thumb Code    36  gui_uc.o(i.GUI_UC__NumChars2NumBytes)
    GUI_USAGE_AddRect                        0x080036b5   Thumb Code    40  guidev_usage.o(i.GUI_USAGE_AddRect)
    GUI_USAGE_DecUseCnt                      0x080036dd   Thumb Code    36  guidev_usage.o(i.GUI_USAGE_DecUseCnt)
    GUI__CompactPixelIndices                 0x08003701   Thumb Code   296  gui__compactpixelindices.o(i.GUI__CompactPixelIndices)
    GUI__Config                              0x08003829   Thumb Code    42  gui_core.o(i.GUI__Config)
    GUI__DispLine                            0x0800385d   Thumb Code   166  gui_charline.o(i.GUI__DispLine)
    GUI__GetLineDistX                        0x0800390d   Thumb Code    74  gui_charline.o(i.GUI__GetLineDistX)
    GUI__GetLineNumChars                     0x08003961   Thumb Code    52  gui_charline.o(i.GUI__GetLineNumChars)
    GUI__GetOverlap                          0x08003999   Thumb Code    24  gui_charline.o(i.GUI__GetOverlap)
    GUI__IntersectRect                       0x080039b1   Thumb Code    58  gui__intersectrect.o(i.GUI__IntersectRect)
    GUI__IntersectRects                      0x080039eb   Thumb Code    82  gui__intersectrects.o(i.GUI__IntersectRects)
    GUI__ManageCache                         0x08003a3d   Thumb Code    12  gui__managecache.o(i.GUI__ManageCache)
    GUI__ManageCacheEx                       0x08003a4d   Thumb Code   168  gui__managecache.o(i.GUI__ManageCacheEx)
    GUI__RegisterExit                        0x08003af9   Thumb Code    10  gui_core.o(i.GUI__RegisterExit)
    GUI__memset                              0x08003b09   Thumb Code    76  gui__memset.o(i.GUI__memset)
    GUI__memset16                            0x08003b55   Thumb Code    58  gui__memset16.o(i.GUI__memset16)
    LCD_Color2Index                          0x08003b91   Thumb Code    18  lcd.o(i.LCD_Color2Index)
    LCD_DrawBitmap                           0x08003bad   Thumb Code   508  lcd.o(i.LCD_DrawBitmap)
    LCD_DrawHLine                            0x08003db5   Thumb Code    78  lcd.o(i.LCD_DrawHLine)
    LCD_DrawPixel                            0x08003e0d   Thumb Code    96  lcd.o(i.LCD_DrawPixel)
    LCD_FillRect                             0x08003e75   Thumb Code    80  lcd.o(i.LCD_FillRect)
    LCD_GetBitsPerPixelEx                    0x08003ecd   Thumb Code     6  lcd_getex.o(i.LCD_GetBitsPerPixelEx)
    LCD_GetNumColors                         0x08003ed5   Thumb Code    12  lcd_getex.o(i.LCD_GetNumColors)
    LCD_GetNumColorsEx                       0x08003ee5   Thumb Code     6  lcd_getex.o(i.LCD_GetNumColorsEx)
    LCD_GetNumLayers                         0x08003eeb   Thumb Code    26  lcd_getnumdisplays.o(i.LCD_GetNumLayers)
    LCD_GetPalette                           0x08003f05   Thumb Code    10  lcd_getex.o(i.LCD_GetPalette)
    LCD_GetPaletteEx                         0x08003f15   Thumb Code    24  lcd_getex.o(i.LCD_GetPaletteEx)
    LCD_GetpPalConvTableBM                   0x08003f2d   Thumb Code     4  lcd_color.o(i.LCD_GetpPalConvTableBM)
    LCD_GetpPalConvTableUncached             0x08003f31   Thumb Code    68  lcd_color.o(i.LCD_GetpPalConvTableUncached)
    LCD_Index2Color                          0x08003f79   Thumb Code    18  lcd.o(i.LCD_Index2Color)
    LCD_Index2Color_M565                     0x08003f95   Thumb Code    34  guicc_m565_index2color.o(i.LCD_Index2Color_M565)
    LCD_InitColors                           0x08003fc1   Thumb Code    42  lcd_color.o(i.LCD_InitColors)
    LCD_InitLUT                              0x08003ff5   Thumb Code   104  lcd_color.o(i.LCD_InitLUT)
    LCD_SelectLCD                            0x08004065   Thumb Code    58  lcd_selectlcd.o(i.LCD_SelectLCD)
    LCD_SetBkColor                           0x080040a9   Thumb Code     8  lcd.o(i.LCD_SetBkColor)
    LCD_SetBkColorIndex                      0x080040b5   Thumb Code    20  lcd.o(i.LCD_SetBkColorIndex)
    LCD_SetClipRectEx                        0x080040cd   Thumb Code    38  lcd_setcliprectex.o(i.LCD_SetClipRectEx)
    LCD_SetClipRectMax                       0x080040fd   Thumb Code    20  lcd.o(i.LCD_SetClipRectMax)
    LCD_SetColor                             0x08004119   Thumb Code     8  lcd.o(i.LCD_SetColor)
    LCD_SetColorIndex                        0x08004125   Thumb Code    20  lcd.o(i.LCD_SetColorIndex)
    LCD_SetDrawMode                          0x0800413d   Thumb Code     8  lcd.o(i.LCD_SetDrawMode)
    LCD_SetLUTEntryEx                        0x08004149   Thumb Code    44  lcd_set.o(i.LCD_SetLUTEntryEx)
    LCD_SetSizeEx                            0x08004175   Thumb Code    44  lcd_set.o(i.LCD_SetSizeEx)
    LCD_SetVSizeEx                           0x080041a1   Thumb Code    44  lcd_set.o(i.LCD_SetVSizeEx)
    LCD_UpdateColorIndices                   0x080041cd   Thumb Code    32  lcd_updatecolorindices.o(i.LCD_UpdateColorIndices)
    LCD__DrawBitmap_1bpp                     0x080041f1   Thumb Code   424  lcd.o(i.LCD__DrawBitmap_1bpp)
    LCD__GetBPP                              0x080043a5   Thumb Code    92  lcd_getex.o(i.LCD__GetBPP)
    LCD__GetBPPDevice                        0x08004401   Thumb Code    50  lcd_getex.o(i.LCD__GetBPPDevice)
    WM_Activate                              0x08004435   Thumb Code    12  wm.o(i.WM_Activate)
    WM_BringToBottom                         0x08004445   Thumb Code   126  wm_bringtobottom.o(i.WM_BringToBottom)
    WM_CreateWindowAsChild                   0x080044c5   Thumb Code   318  wm.o(i.WM_CreateWindowAsChild)
    WM_DefaultProc                           0x08004611   Thumb Code    70  wm.o(i.WM_DefaultProc)
    WM_GetDesktopWindow                      0x08004659   Thumb Code    14  wm_getdesktopwindow.o(i.WM_GetDesktopWindow)
    WM_GetFirstChild                         0x08004671   Thumb Code    14  wm_getfirstchild.o(i.WM_GetFirstChild)
    WM_GetParent                             0x0800467f   Thumb Code    14  wm_getparent.o(i.WM_GetParent)
    WM_Init                                  0x0800468d   Thumb Code   184  wm.o(i.WM_Init)
    WM_InvalidateRect                        0x08004761   Thumb Code   118  wm.o(i.WM_InvalidateRect)
    WM_InvalidateWindow                      0x080047d7   Thumb Code     6  wm.o(i.WM_InvalidateWindow)
    WM_InvalidateWindowAndDescsEx            0x080047dd   Thumb Code    94  wm.o(i.WM_InvalidateWindowAndDescsEx)
    WM_SelectWindow                          0x0800483d   Thumb Code    52  wm.o(i.WM_SelectWindow)
    WM_SendToParent                          0x08004879   Thumb Code    30  wm_sendtoparent.o(i.WM_SendToParent)
    WM__ActivateClipRect                     0x08004899   Thumb Code    58  wm.o(i.WM__ActivateClipRect)
    WM__AddCriticalHandle                    0x080048e1   Thumb Code    10  wm_criticalhandle.o(i.WM__AddCriticalHandle)
    WM__Client2Screen                        0x080048f1   Thumb Code    16  wm.o(i.WM__Client2Screen)
    WM__ClipAtParentBorders                  0x08004901   Thumb Code    78  wm.o(i.WM__ClipAtParentBorders)
    WM__GetClientRectEx                      0x0800494f   Thumb Code    32  wm_getclientrect.o(i.WM__GetClientRectEx)
    WM__GetClientRectWin                     0x0800496f   Thumb Code    24  wm.o(i.WM__GetClientRectWin)
    WM__GetFirstSibling                      0x08004987   Thumb Code    18  wm__getfirstsibling.o(i.WM__GetFirstSibling)
    WM__GetNextIVR                           0x08004999   Thumb Code    54  wm.o(i.WM__GetNextIVR)
    WM__GetPrevSibling                       0x080049d9   Thumb Code    36  wm__getprevsibling.o(i.WM__GetPrevSibling)
    WM__GetTopLevelLayer                     0x080049fd   Thumb Code    24  wm.o(i.WM__GetTopLevelLayer)
    WM__InitIVRSearch                        0x08004a15   Thumb Code   228  wm.o(i.WM__InitIVRSearch)
    WM__InsertWindowIntoList                 0x08004b05   Thumb Code   164  wm.o(i.WM__InsertWindowIntoList)
    WM__Invalidate1Abs                       0x08004ba9   Thumb Code     6  wm.o(i.WM__Invalidate1Abs)
    WM__InvalidateDrawAndDescs               0x08004baf   Thumb Code    70  wm.o(i.WM__InvalidateDrawAndDescs)
    WM__InvalidateRect                       0x08004bf5   Thumb Code   118  wm.o(i.WM__InvalidateRect)
    WM__InvalidateRectEx                     0x08004c6b   Thumb Code     6  wm.o(i.WM__InvalidateRectEx)
    WM__RectIsNZ                             0x08004c71   Thumb Code    32  wm.o(i.WM__RectIsNZ)
    WM__SelectTopLevelLayer                  0x08004c91   Thumb Code    20  wm.o(i.WM__SelectTopLevelLayer)
    WM__SendMessage                          0x08004ca5   Thumb Code    54  wm__sendmessage.o(i.WM__SendMessage)
    WM__SendMsgNoData                        0x08004ce1   Thumb Code    14  wm.o(i.WM__SendMsgNoData)
    __0printf$8                              0x080068d5   Thumb Code    22  printf8.o(i.__0printf$8)
    __1printf$8                              0x080068d5   Thumb Code     0  printf8.o(i.__0printf$8)
    __2printf                                0x080068d5   Thumb Code     0  printf8.o(i.__0printf$8)
    __scatterload_copy                       0x080068f5   Thumb Code    14  handlers.o(i.__scatterload_copy)
    __scatterload_null                       0x08006903   Thumb Code     2  handlers.o(i.__scatterload_null)
    __scatterload_zeroinit                   0x08006905   Thumb Code    14  handlers.o(i.__scatterload_zeroinit)
    emWin_LCD_Init                           0x08006dc5   Thumb Code   138  lcd.o(i.emWin_LCD_Init)
    fputc                                    0x08006e4f   Thumb Code    18  fputc.o(i.fputc)
    FSMC_DefaultTimingStruct                 0x08006e60   Data          28  stm32f4xx_fsmc.o(.constdata)
    GUIDRV_Template_API                      0x08006e7c   Data          52  guidrv_template.o(.constdata)
    DeBugSPI                                 0x08006eb0   Data         412  my_disco_bsp_debug.o(.constdata)
    DeBugGPIO                                0x0800704c   Data         412  my_disco_bsp_debug.o(.constdata)
    DeBugRCC                                 0x080071e8   Data         412  my_disco_bsp_debug.o(.constdata)
    LCD_API_ColorConv_M565                   0x08007384   Data          24  guicc_m565.o(.constdata)
    GUI_Font8x16                             0x08007fb0   Data          36  f8x16.o(.constdata)
    GUI_MEMDEV_DEVICE_16                     0x08008014   Data          52  guidev_16.o(.constdata)
    GUI__aConvert_255_31                     0x08008048   Data         256  gui__divtbl_255_31.o(.constdata)
    GUI__aConvert_255_63                     0x08008148   Data         256  gui__divtbl_255_63.o(.constdata)
    GUI__aConvert_31_255                     0x08008248   Data          32  gui__divtbl_31_255.o(.constdata)
    GUI__aConvert_63_255                     0x08008268   Data          64  gui__divtbl_63_255.o(.constdata)
    GUI_Pow10                                0x080082a8   Data          40  gui_adddecshift.o(.constdata)
    GUI_UC_None                              0x080082d0   Data          16  gui_uc_encodenone.o(.constdata)
    LCD_aMirror                              0x080082ec   Data         256  lcd_mirror.o(.constdata)
    GUI_Font6x8                              0x08008ae0   Data          36  f6x8.o(.constdata)
    LCD_API_ColorConv_0                      0x08008b0c   Data          24  guicc_0.o(.constdata)
    Region$$Table$$Base                      0x08008c44   Number         0  anon$$obj.o(Region$$Table)
    Region$$Table$$Limit                     0x08008c64   Number         0  anon$$obj.o(Region$$Table)
    SystemCoreClock                          0x20000000   Data           4  system_stm32f4xx.o(.data)
    AHBPrescTable                            0x20000004   Data          16  system_stm32f4xx.o(.data)
    OS_TimeMS                                0x20000024   Data           4  gui_x.o(.data)
    aTxBuffer                                0x20000028   Data         100  my_disco_bsp.o(.data)
    ubRxIndex                                0x2000008c   Data           1  my_disco_bsp.o(.data)
    ubTxIndex                                0x2000008d   Data           1  my_disco_bsp.o(.data)
    GPIO_InitStructure                       0x20000094   Data           8  main.o(.data)
    GUI_DecChar                              0x200000b0   Data           1  gui_core.o(.data)
    GUI_pfGetpPalConvTable                   0x200000b4   Data           4  gui_core.o(.data)
    GUI__pFontDefault                        0x200000b8   Data           4  gui_core.o(.data)
    GUI_pContext                             0x200000bc   Data           4  gui_core.o(.data)
    GUI_pUC_API                              0x200000c0   Data           4  gui_core.o(.data)
    GUI__apDevice                            0x200000d4   Data           8  gui_core.o(.data)
    GUI_pfDispCharStyle                      0x200000dc   Data           4  gui_core.o(.data)
    GUI_pLCD_APIList                         0x200000e0   Data           4  gui_core.o(.data)
    GUI_OrgX                                 0x200000e4   Data           2  gui_core.o(.data)
    GUI_OrgY                                 0x200000e6   Data           2  gui_core.o(.data)
    LCD__pSetColorAPI                        0x200000e8   Data           4  lcd.o(.data)
    LCD__aConvTable                          0x200000f0   Data           4  lcd_color.o(.data)
    WM__PaintCallbackCnt                     0x200000fc   Data           1  wm.o(.data)
    WM__NumWindows                           0x200000fe   Data           2  wm.o(.data)
    WM__NumInvalidWindows                    0x20000100   Data           2  wm.o(.data)
    WM__TouchedLayer                         0x20000104   Data           4  wm.o(.data)
    WM__FirstWin                             0x20000108   Data           4  wm.o(.data)
    WM__pFirstCriticalHandle                 0x2000010c   Data           4  wm.o(.data)
    WM__CreateFlags                          0x20000110   Data           4  wm.o(.data)
    WM_pfPollPID                             0x20000114   Data           4  wm.o(.data)
    WM_MULTIBUF__pAPI                        0x20000118   Data           4  wm.o(.data)
    WM__TransWindowCnt                       0x2000011c   Data           4  wm.o(.data)
    WM__hATransWindow                        0x20000120   Data           4  wm.o(.data)
    WM__ahDesktopWin                         0x20000134   Data           8  wm.o(.data)
    WM__aBkColor                             0x2000013c   Data           8  wm.o(.data)
    WM__ahCapture                            0x20000144   Data           8  wm.o(.data)
    WM__ahWinFocus                           0x2000014c   Data           8  wm.o(.data)
    GUI_CharLine_pfLog2Vis                   0x2000015c   Data           4  gui_charline.o(.data)
    __stdout                                 0x2000017c   Data           4  stdout.o(.data)
    aRxBuffer                                0x20019180   Data         100  my_disco_bsp.o(.bss)
    GUI_ALLOC__Context                       0x200191e4   Data         188  gui_alloc.o(.bss)
    WM__aCHWinModal                          0x200193ac   Data          16  wm_touch.o(.bss)
    WM__aCHWinLast                           0x200193bc   Data          16  wm_touch.o(.bss)
    WM__aCHWinMouseOver                      0x200193cc   Data          16  wm_touch.o(.bss)
    __initial_sp                             0x20019be0   Data           0  startup_stm32f40xx.o(STACK)



==============================================================================

Memory Map of the image

  Image Entry point : 0x08000189

  Load Region LR_IROM1 (Base: 0x08000000, Size: 0x00008de4, Max: 0x00100000, ABSOLUTE, COMPRESSED[0x00008ce0])

    Execution Region ER_IROM1 (Base: 0x08000000, Size: 0x00008c64, Max: 0x00100000, ABSOLUTE)

    Base Addr    Size         Type   Attr      Idx    E Section Name        Object

    0x08000000   0x00000188   Data   RO            3    RESET               startup_stm32f40xx.o
    0x08000188   0x00000000   Code   RO         2722  * .ARM.Collect$$$$00000000  mc_w.l(entry.o)
    0x08000188   0x00000004   Code   RO         2998    .ARM.Collect$$$$00000001  mc_w.l(entry2.o)
    0x0800018c   0x00000004   Code   RO         3001    .ARM.Collect$$$$00000004  mc_w.l(entry5.o)
    0x08000190   0x00000000   Code   RO         3003    .ARM.Collect$$$$00000008  mc_w.l(entry7b.o)
    0x08000190   0x00000000   Code   RO         3005    .ARM.Collect$$$$0000000A  mc_w.l(entry8b.o)
    0x08000190   0x00000008   Code   RO         3006    .ARM.Collect$$$$0000000B  mc_w.l(entry9a.o)
    0x08000198   0x00000000   Code   RO         3008    .ARM.Collect$$$$0000000D  mc_w.l(entry10a.o)
    0x08000198   0x00000000   Code   RO         3010    .ARM.Collect$$$$0000000F  mc_w.l(entry11a.o)
    0x08000198   0x00000004   Code   RO         2999    .ARM.Collect$$$$00002712  mc_w.l(entry2.o)
    0x0800019c   0x00000024   Code   RO            4    .text               startup_stm32f40xx.o
    0x080001c0   0x00000268   Code   RO           13    .text               system_stm32f4xx.o
    0x08000428   0x000000e4   Code   RO          144    .text               misc.o
    0x0800050c   0x000006c8   Code   RO          599    .text               stm32f4xx_fsmc.o
    0x08000bd4   0x00000294   Code   RO          626    .text               stm32f4xx_gpio.o
    0x08000e68   0x0000065c   Code   RO          842    .text               stm32f4xx_rcc.o
    0x080014c4   0x0000047c   Code   RO          988    .text               stm32f4xx_spi.o
    0x08001940   0x0000001c   Code   RO         1105    .text               guiconf.o
    0x0800195c   0x00000868   Code   RO         1145    .text               guidrv_template.o
    0x080021c4   0x00000080   Code   RO         1216    .text               lcdconf_flexcolor_template.o
    0x08002244   0x0000003c   Code   RO         1241    .text               gui_x.o
    0x08002280   0x00000208   Code   RO         1259    .text               my_disco_bsp.o
    0x08002488   0x000000a4   Code   RO         1300    .text               my_disco_bsp_debug.o
    0x0800252c   0x00000500   Code   RO         1335    .text               ssd1963.o
    0x08002a2c   0x000000c0   Code   RO         1362    .text               main.o
    0x08002aec   0x00000024   Code   RO         1406    .text               stm32f4xx_it.o
    0x08002b10   0x00000040   Code   RO         2727    .text               mc_w.l(memmovea.o)
    0x08002b50   0x0000001e   Code   RO         2731    .text               mc_w.l(strncmp.o)
    0x08002b6e   0x00000062   Code   RO         3017    .text               mc_w.l(uldiv.o)
    0x08002bd0   0x00000024   Code   RO         3030    .text               mc_w.l(init.o)
    0x08002bf4   0x00000000   Code   RO         3032    .text               mc_w.l(semi.o)
    0x08002bf4   0x0000001e   Code   RO         3033    .text               mc_w.l(llshl.o)
    0x08002c12   0x00000020   Code   RO         3035    .text               mc_w.l(llushr.o)
    0x08002c32   0x00000000   Code   RO         3039    .text               mc_w.l(iusesemip.o)
    0x08002c32   0x0000005c   Code   RO         3050    .text               mc_w.l(__dczerorl2.o)
    0x08002c8e   0x00000002   PAD
    0x08002c90   0x00000134   Code   RO         1770    i.GUIMONO_DispChar  STemWin522_CM4_Keil.lib(gui_charm.o)
    0x08002dc4   0x00000018   Code   RO         1771    i.GUIMONO_GetCharDistX  STemWin522_CM4_Keil.lib(gui_charm.o)
    0x08002ddc   0x00000006   Code   RO         1772    i.GUIMONO_GetFontInfo  STemWin522_CM4_Keil.lib(gui_charm.o)
    0x08002de2   0x00000038   Code   RO         1773    i.GUIMONO_IsInFont  STemWin522_CM4_Keil.lib(gui_charm.o)
    0x08002e1a   0x0000000a   Code   RO         1442    i.GUI_ALLOC_AllocNoInit  STemWin522_CM4_Keil.lib(gui_alloc.o)
    0x08002e24   0x00000024   Code   RO         2010    i.GUI_ALLOC_AllocZero  STemWin522_CM4_Keil.lib(gui_alloc_alloczero.o)
    0x08002e48   0x00000010   Code   RO         1443    i.GUI_ALLOC_AssignMemory  STemWin522_CM4_Keil.lib(gui_alloc.o)
    0x08002e58   0x00000038   Code   RO         1444    i.GUI_ALLOC_Free    STemWin522_CM4_Keil.lib(gui_alloc.o)
    0x08002e90   0x00000018   Code   RO         1445    i.GUI_ALLOC_FreeFixedBlock  STemWin522_CM4_Keil.lib(gui_alloc.o)
    0x08002ea8   0x000000a8   Code   RO         1448    i.GUI_ALLOC_GetFixedBlock  STemWin522_CM4_Keil.lib(gui_alloc.o)
    0x08002f50   0x0000001c   Code   RO         1456    i.GUI_ALLOC_LockH   STemWin522_CM4_Keil.lib(gui_alloc.o)
    0x08002f6c   0x00000030   Code   RO         1461    i.GUI_ALLOC_UnlockH  STemWin522_CM4_Keil.lib(gui_alloc.o)
    0x08002f9c   0x00000018   Code   RO         1462    i.GUI_ALLOC_h2p     STemWin522_CM4_Keil.lib(gui_alloc.o)
    0x08002fb4   0x00000098   Code   RO         1763    i.GUI_AddDecShift   STemWin522_CM4_Keil.lib(gui_adddecshift.o)
    0x0800304c   0x00000044   Code   RO         2252    i.GUI_CalcColorDist  STemWin522_CM4_Keil.lib(gui_calccolordist.o)
    0x08003090   0x0000001c   Code   RO         1512    i.GUI_Clear         STemWin522_CM4_Keil.lib(gui_core.o)
    0x080030ac   0x00000060   Code   RO         1513    i.GUI_ClearRect     STemWin522_CM4_Keil.lib(gui_core.o)
    0x0800310c   0x00000050   Code   RO         1541    i.GUI_DEVICE_Create  STemWin522_CM4_Keil.lib(gui_device.o)
    0x0800315c   0x00000028   Code   RO         1542    i.GUI_DEVICE_CreateAndLink  STemWin522_CM4_Keil.lib(gui_device.o)
    0x08003184   0x00000004   Code   RO         1543    i.GUI_DEVICE_Delete  STemWin522_CM4_Keil.lib(gui_device.o)
    0x08003188   0x00000080   Code   RO         1544    i.GUI_DEVICE_Link   STemWin522_CM4_Keil.lib(gui_device.o)
    0x08003208   0x00000004   Code   RO         1546    i.GUI_DEVICE_Unlink  STemWin522_CM4_Keil.lib(gui_device.o)
    0x0800320c   0x00000024   Code   RO         1549    i.GUI_DEVICE__GetpDriver  STemWin522_CM4_Keil.lib(gui_device.o)
    0x08003230   0x00000006   Code   RO         1566    i.GUI_DispDec       STemWin522_CM4_Keil.lib(gui_val.o)
    0x08003236   0x00000014   Code   RO         1569    i.GUI_DispDecShift  STemWin522_CM4_Keil.lib(gui_val.o)
    0x0800324a   0x00000002   PAD
    0x0800324c   0x00000100   Code   RO         1778    i.GUI_DispString    STemWin522_CM4_Keil.lib(gui_dispstring.o)
    0x0800334c   0x00000014   Code   RO         1580    i.GUI_GetBitsPerPixelEx  STemWin522_CM4_Keil.lib(lcd_getex.o)
    0x08003360   0x00000010   Code   RO         2014    i.GUI_GetCharDistX  STemWin522_CM4_Keil.lib(gui_char.o)
    0x08003370   0x00000010   Code   RO         2015    i.GUI_GetCharDistXEx  STemWin522_CM4_Keil.lib(gui_char.o)
    0x08003380   0x00000010   Code   RO         2016    i.GUI_GetFontDistY  STemWin522_CM4_Keil.lib(gui_char.o)
    0x08003390   0x00000030   Code   RO         2017    i.GUI_GetYAdjust    STemWin522_CM4_Keil.lib(gui_char.o)
    0x080033c0   0x00000010   Code   RO         1581    i.GUI_GetpfColor2IndexEx  STemWin522_CM4_Keil.lib(lcd_getex.o)
    0x080033d0   0x00000010   Code   RO         1582    i.GUI_GetpfIndex2ColorEx  STemWin522_CM4_Keil.lib(lcd_getex.o)
    0x080033e0   0x00000014   Code   RO         1783    i.GUI_GotoXY        STemWin522_CM4_Keil.lib(gui_goto.o)
    0x080033f4   0x00000064   Code   RO         1515    i.GUI_Init          STemWin522_CM4_Keil.lib(gui_core.o)
    0x08003458   0x00000040   Code   RO         2134    i.GUI_MEMDEV_Delete  STemWin522_CM4_Keil.lib(guidev.o)
    0x08003498   0x00000024   Code   RO         2135    i.GUI_MEMDEV_GetBitsPerPixel  STemWin522_CM4_Keil.lib(guidev.o)
    0x080034bc   0x00000016   Code   RO         2157    i.GUI_MEMDEV_GetDataPtr  STemWin522_CM4_Keil.lib(guidev_getdataptr.o)
    0x080034d2   0x0000003c   Code   RO         1873    i.GUI_MEMDEV__WriteToActiveOpaque  STemWin522_CM4_Keil.lib(guidev_writetoactiveopaque.o)
    0x0800350e   0x00000058   Code   RO         2037    i.GUI_MergeRect     STemWin522_CM4_Keil.lib(gui_mergerect.o)
    0x08003566   0x0000001e   Code   RO         2039    i.GUI_MoveRect      STemWin522_CM4_Keil.lib(gui_moverect.o)
    0x08003584   0x00000038   Code   RO         2061    i.GUI_RectsIntersect  STemWin522_CM4_Keil.lib(gui_rectsintersect.o)
    0x080035bc   0x00000012   Code   RO         2318    i.GUI_SelectLCD     STemWin522_CM4_Keil.lib(gui_selectlcd.o)
    0x080035ce   0x00000002   PAD
    0x080035d0   0x00000024   Code   RO         2070    i.GUI_SelectLayer   STemWin522_CM4_Keil.lib(gui_selectlayer.o)
    0x080035f4   0x00000004   Code   RO         1562    i.GUI_SetBkColor    STemWin522_CM4_Keil.lib(gui_setcolor.o)
    0x080035f8   0x00000004   Code   RO         1563    i.GUI_SetColor      STemWin522_CM4_Keil.lib(gui_setcolor.o)
    0x080035fc   0x0000000c   Code   RO         1516    i.GUI_SetDefaultFont  STemWin522_CM4_Keil.lib(gui_core.o)
    0x08003608   0x00000038   Code   RO         1792    i.GUI_SetOrg        STemWin522_CM4_Keil.lib(gui_setorg.o)
    0x08003640   0x00000010   Code   RO         2105    i.GUI_SignalEvent   STemWin522_CM4_Keil.lib(gui_waitevent.o)
    0x08003650   0x00000010   Code   RO         2046    i.GUI_StoreKey      STemWin522_CM4_Keil.lib(gui_onkey.o)
    0x08003660   0x0000002c   Code   RO         2092    i.GUI_UC__GetCharCodeInc  STemWin522_CM4_Keil.lib(gui_uc.o)
    0x0800368c   0x00000028   Code   RO         2094    i.GUI_UC__NumChars2NumBytes  STemWin522_CM4_Keil.lib(gui_uc.o)
    0x080036b4   0x00000028   Code   RO         1867    i.GUI_USAGE_AddRect  STemWin522_CM4_Keil.lib(guidev_usage.o)
    0x080036dc   0x00000024   Code   RO         1868    i.GUI_USAGE_DecUseCnt  STemWin522_CM4_Keil.lib(guidev_usage.o)
    0x08003700   0x00000128   Code   RO         1997    i.GUI__CompactPixelIndices  STemWin522_CM4_Keil.lib(gui__compactpixelindices.o)
    0x08003828   0x00000034   Code   RO         1518    i.GUI__Config       STemWin522_CM4_Keil.lib(gui_core.o)
    0x0800385c   0x000000b0   Code   RO         2024    i.GUI__DispLine     STemWin522_CM4_Keil.lib(gui_charline.o)
    0x0800390c   0x00000054   Code   RO         2025    i.GUI__GetLineDistX  STemWin522_CM4_Keil.lib(gui_charline.o)
    0x08003960   0x00000038   Code   RO         2026    i.GUI__GetLineNumChars  STemWin522_CM4_Keil.lib(gui_charline.o)
    0x08003998   0x00000018   Code   RO         2027    i.GUI__GetOverlap   STemWin522_CM4_Keil.lib(gui_charline.o)
    0x080039b0   0x0000003a   Code   RO         2001    i.GUI__IntersectRect  STemWin522_CM4_Keil.lib(gui__intersectrect.o)
    0x080039ea   0x00000052   Code   RO         2003    i.GUI__IntersectRects  STemWin522_CM4_Keil.lib(gui__intersectrects.o)
    0x08003a3c   0x00000010   Code   RO         2005    i.GUI__ManageCache  STemWin522_CM4_Keil.lib(gui__managecache.o)
    0x08003a4c   0x000000ac   Code   RO         2006    i.GUI__ManageCacheEx  STemWin522_CM4_Keil.lib(gui__managecache.o)
    0x08003af8   0x00000010   Code   RO         1519    i.GUI__RegisterExit  STemWin522_CM4_Keil.lib(gui_core.o)
    0x08003b08   0x0000004c   Code   RO         1757    i.GUI__memset       STemWin522_CM4_Keil.lib(gui__memset.o)
    0x08003b54   0x0000003a   Code   RO         1759    i.GUI__memset16     STemWin522_CM4_Keil.lib(gui__memset16.o)
    0x08003b8e   0x00000002   PAD
    0x08003b90   0x0000001c   Code   RO         1807    i.LCD_Color2Index   STemWin522_CM4_Keil.lib(lcd.o)
    0x08003bac   0x00000208   Code   RO         1808    i.LCD_DrawBitmap    STemWin522_CM4_Keil.lib(lcd.o)
    0x08003db4   0x00000058   Code   RO         1809    i.LCD_DrawHLine     STemWin522_CM4_Keil.lib(lcd.o)
    0x08003e0c   0x00000068   Code   RO         1810    i.LCD_DrawPixel     STemWin522_CM4_Keil.lib(lcd.o)
    0x08003e74   0x00000058   Code   RO         1812    i.LCD_FillRect      STemWin522_CM4_Keil.lib(lcd.o)
    0x08003ecc   0x00000006   Code   RO         1584    i.LCD_GetBitsPerPixelEx  STemWin522_CM4_Keil.lib(lcd_getex.o)
    0x08003ed2   0x00000002   PAD
    0x08003ed4   0x00000010   Code   RO         1591    i.LCD_GetNumColors  STemWin522_CM4_Keil.lib(lcd_getex.o)
    0x08003ee4   0x00000006   Code   RO         1592    i.LCD_GetNumColorsEx  STemWin522_CM4_Keil.lib(lcd_getex.o)
    0x08003eea   0x0000001a   Code   RO         2126    i.LCD_GetNumLayers  STemWin522_CM4_Keil.lib(lcd_getnumdisplays.o)
    0x08003f04   0x00000010   Code   RO         1593    i.LCD_GetPalette    STemWin522_CM4_Keil.lib(lcd_getex.o)
    0x08003f14   0x00000018   Code   RO         1594    i.LCD_GetPaletteEx  STemWin522_CM4_Keil.lib(lcd_getex.o)
    0x08003f2c   0x00000004   Code   RO         1846    i.LCD_GetpPalConvTableBM  STemWin522_CM4_Keil.lib(lcd_color.o)
    0x08003f30   0x00000048   Code   RO         1847    i.LCD_GetpPalConvTableUncached  STemWin522_CM4_Keil.lib(lcd_color.o)
    0x08003f78   0x0000001c   Code   RO         1813    i.LCD_Index2Color   STemWin522_CM4_Keil.lib(lcd.o)
    0x08003f94   0x0000002c   Code   RO         1805    i.LCD_Index2Color_M565  STemWin522_CM4_Keil.lib(guicc_m565_index2color.o)
    0x08003fc0   0x00000034   Code   RO         1848    i.LCD_InitColors    STemWin522_CM4_Keil.lib(lcd_color.o)
    0x08003ff4   0x00000070   Code   RO         1849    i.LCD_InitLUT       STemWin522_CM4_Keil.lib(lcd_color.o)
    0x08004064   0x00000044   Code   RO         2687    i.LCD_SelectLCD     STemWin522_CM4_Keil.lib(lcd_selectlcd.o)
    0x080040a8   0x0000000c   Code   RO         1814    i.LCD_SetBkColor    STemWin522_CM4_Keil.lib(lcd.o)
    0x080040b4   0x00000018   Code   RO         1815    i.LCD_SetBkColorIndex  STemWin522_CM4_Keil.lib(lcd.o)
    0x080040cc   0x00000030   Code   RO         2128    i.LCD_SetClipRectEx  STemWin522_CM4_Keil.lib(lcd_setcliprectex.o)
    0x080040fc   0x0000001c   Code   RO         1816    i.LCD_SetClipRectMax  STemWin522_CM4_Keil.lib(lcd.o)
    0x08004118   0x0000000c   Code   RO         1817    i.LCD_SetColor      STemWin522_CM4_Keil.lib(lcd.o)
    0x08004124   0x00000018   Code   RO         1818    i.LCD_SetColorIndex  STemWin522_CM4_Keil.lib(lcd.o)
    0x0800413c   0x0000000c   Code   RO         1819    i.LCD_SetDrawMode   STemWin522_CM4_Keil.lib(lcd.o)
    0x08004148   0x0000002c   Code   RO         1672    i.LCD_SetLUTEntryEx  STemWin522_CM4_Keil.lib(lcd_set.o)
    0x08004174   0x0000002c   Code   RO         1676    i.LCD_SetSizeEx     STemWin522_CM4_Keil.lib(lcd_set.o)
    0x080041a0   0x0000002c   Code   RO         1680    i.LCD_SetVSizeEx    STemWin522_CM4_Keil.lib(lcd_set.o)
    0x080041cc   0x00000024   Code   RO         2448    i.LCD_UpdateColorIndices  STemWin522_CM4_Keil.lib(lcd_updatecolorindices.o)
    0x080041f0   0x000001b4   Code   RO         1820    i.LCD__DrawBitmap_1bpp  STemWin522_CM4_Keil.lib(lcd.o)
    0x080043a4   0x0000005c   Code   RO         1615    i.LCD__GetBPP       STemWin522_CM4_Keil.lib(lcd_getex.o)
    0x08004400   0x00000032   Code   RO         1616    i.LCD__GetBPPDevice  STemWin522_CM4_Keil.lib(lcd_getex.o)
    0x08004432   0x00000002   PAD
    0x08004434   0x00000010   Code   RO         1882    i.WM_Activate       STemWin522_CM4_Keil.lib(wm.o)
    0x08004444   0x0000007e   Code   RO         2183    i.WM_BringToBottom  STemWin522_CM4_Keil.lib(wm_bringtobottom.o)
    0x080044c2   0x00000002   PAD
    0x080044c4   0x0000014c   Code   RO         1884    i.WM_CreateWindowAsChild  STemWin522_CM4_Keil.lib(wm.o)
    0x08004610   0x00000046   Code   RO         1886    i.WM_DefaultProc    STemWin522_CM4_Keil.lib(wm.o)
    0x08004656   0x00000002   PAD
    0x08004658   0x00000018   Code   RO         1995    i.WM_GetDesktopWindow  STemWin522_CM4_Keil.lib(wm_getdesktopwindow.o)
    0x08004670   0x0000000e   Code   RO         2195    i.WM_GetFirstChild  STemWin522_CM4_Keil.lib(wm_getfirstchild.o)
    0x0800467e   0x0000000e   Code   RO         2530    i.WM_GetParent      STemWin522_CM4_Keil.lib(wm_getparent.o)
    0x0800468c   0x000000d4   Code   RO         1890    i.WM_Init           STemWin522_CM4_Keil.lib(wm.o)
    0x08004760   0x00000076   Code   RO         1891    i.WM_InvalidateRect  STemWin522_CM4_Keil.lib(wm.o)
    0x080047d6   0x00000006   Code   RO         1892    i.WM_InvalidateWindow  STemWin522_CM4_Keil.lib(wm.o)
    0x080047dc   0x0000005e   Code   RO         1893    i.WM_InvalidateWindowAndDescsEx  STemWin522_CM4_Keil.lib(wm.o)
    0x0800483a   0x00000002   PAD
    0x0800483c   0x0000003c   Code   RO         1894    i.WM_SelectWindow   STemWin522_CM4_Keil.lib(wm.o)
    0x08004878   0x0000001e   Code   RO         2201    i.WM_SendToParent   STemWin522_CM4_Keil.lib(wm_sendtoparent.o)
    0x08004896   0x00000002   PAD
    0x08004898   0x00000048   Code   RO         1897    i.WM__ActivateClipRect  STemWin522_CM4_Keil.lib(wm.o)
    0x080048e0   0x00000010   Code   RO         2185    i.WM__AddCriticalHandle  STemWin522_CM4_Keil.lib(wm_criticalhandle.o)
    0x080048f0   0x00000010   Code   RO         1898    i.WM__Client2Screen  STemWin522_CM4_Keil.lib(wm.o)
    0x08004900   0x0000004e   Code   RO         1899    i.WM__ClipAtParentBorders  STemWin522_CM4_Keil.lib(wm.o)
    0x0800494e   0x00000020   Code   RO         2191    i.WM__GetClientRectEx  STemWin522_CM4_Keil.lib(wm_getclientrect.o)
    0x0800496e   0x00000018   Code   RO         1902    i.WM__GetClientRectWin  STemWin522_CM4_Keil.lib(wm.o)
    0x08004986   0x00000012   Code   RO         2691    i.WM__GetFirstSibling  STemWin522_CM4_Keil.lib(wm__getfirstsibling.o)
    0x08004998   0x00000040   Code   RO         1903    i.WM__GetNextIVR    STemWin522_CM4_Keil.lib(wm.o)
    0x080049d8   0x00000024   Code   RO         2518    i.WM__GetPrevSibling  STemWin522_CM4_Keil.lib(wm__getprevsibling.o)
    0x080049fc   0x00000018   Code   RO         1904    i.WM__GetTopLevelLayer  STemWin522_CM4_Keil.lib(wm.o)
    0x08004a14   0x000000f0   Code   RO         1905    i.WM__InitIVRSearch  STemWin522_CM4_Keil.lib(wm.o)
    0x08004b04   0x000000a4   Code   RO         1906    i.WM__InsertWindowIntoList  STemWin522_CM4_Keil.lib(wm.o)
    0x08004ba8   0x00000006   Code   RO         1907    i.WM__Invalidate1Abs  STemWin522_CM4_Keil.lib(wm.o)
    0x08004bae   0x00000046   Code   RO         1908    i.WM__InvalidateDrawAndDescs  STemWin522_CM4_Keil.lib(wm.o)
    0x08004bf4   0x00000076   Code   RO         1910    i.WM__InvalidateRect  STemWin522_CM4_Keil.lib(wm.o)
    0x08004c6a   0x00000006   Code   RO         1911    i.WM__InvalidateRectEx  STemWin522_CM4_Keil.lib(wm.o)
    0x08004c70   0x00000020   Code   RO         1916    i.WM__RectIsNZ      STemWin522_CM4_Keil.lib(wm.o)
    0x08004c90   0x00000014   Code   RO         1919    i.WM__SelectTopLevelLayer  STemWin522_CM4_Keil.lib(wm.o)
    0x08004ca4   0x0000003c   Code   RO         2180    i.WM__SendMessage   STemWin522_CM4_Keil.lib(wm__sendmessage.o)
    0x08004ce0   0x0000000e   Code   RO         1920    i.WM__SendMsgNoData  STemWin522_CM4_Keil.lib(wm.o)
    0x08004cee   0x00000002   PAD
    0x08004cf0   0x00000078   Code   RO         1464    i._AddFreeMemory    STemWin522_CM4_Keil.lib(gui_alloc.o)
    0x08004d68   0x000000bc   Code   RO         1465    i._Alloc            STemWin522_CM4_Keil.lib(gui_alloc.o)
    0x08004e24   0x00000004   Code   RO         1795    i._CalcSizeOfChar   STemWin522_CM4_Keil.lib(gui_uc_encodenone.o)
    0x08004e28   0x0000004c   Code   RO         1431    i._Color2IndexBulk  STemWin522_CM4_Keil.lib(guicc_m565.o)
    0x08004e74   0x00000054   Code   RO         2117    i._Color2Index_0    STemWin522_CM4_Keil.lib(guicc_0.o)
    0x08004ec8   0x0000002c   Code   RO         1432    i._Color2Index_M565  STemWin522_CM4_Keil.lib(guicc_m565.o)
    0x08004ef4   0x0000003e   Code   RO         1874    i._Convert16        STemWin522_CM4_Keil.lib(guidev_writetoactiveopaque.o)
    0x08004f32   0x00000002   PAD
    0x08004f34   0x00000020   Code   RO         1922    i._DesktopHandle2Index  STemWin522_CM4_Keil.lib(wm.o)
    0x08004f54   0x00000074   Code   RO         2028    i._DispLine         STemWin522_CM4_Keil.lib(gui_charline.o)
    0x08004fc8   0x00000140   Code   RO         1720    i._DrawBitLine1BPP  STemWin522_CM4_Keil.lib(guidev_16.o)
    0x08005108   0x000000e0   Code   RO         1721    i._DrawBitLine2BPP  STemWin522_CM4_Keil.lib(guidev_16.o)
    0x080051e8   0x00000158   Code   RO         1722    i._DrawBitLine4BPP  STemWin522_CM4_Keil.lib(guidev_16.o)
    0x08005340   0x000002b0   Code   RO         1723    i._DrawBitmap       STemWin522_CM4_Keil.lib(guidev_16.o)
    0x080055f0   0x0000000a   Code   RO         1724    i._DrawHLine        STemWin522_CM4_Keil.lib(guidev_16.o)
    0x080055fa   0x00000002   PAD
    0x080055fc   0x000000b8   Code   RO         1725    i._DrawVLine        STemWin522_CM4_Keil.lib(guidev_16.o)
    0x080056b4   0x00000006   Code   RO         1796    i._Encode           STemWin522_CM4_Keil.lib(gui_uc_encodenone.o)
    0x080056ba   0x00000002   PAD
    0x080056bc   0x00000094   Code   RO         1466    i._EnlargeBlocks    STemWin522_CM4_Keil.lib(gui_alloc.o)
    0x08005750   0x000000ac   Code   RO         1726    i._FillRect         STemWin522_CM4_Keil.lib(guidev_16.o)
    0x080057fc   0x00000148   Code   RO         1925    i._FindNext_IVR     STemWin522_CM4_Keil.lib(wm.o)
    0x08005944   0x0000007c   Code   RO         1926    i._Findx0           STemWin522_CM4_Keil.lib(wm.o)
    0x080059c0   0x00000072   Code   RO         1927    i._Findx1           STemWin522_CM4_Keil.lib(wm.o)
    0x08005a32   0x000000a2   Code   RO         1928    i._Findy1           STemWin522_CM4_Keil.lib(wm.o)
    0x08005ad4   0x00000004   Code   RO         1797    i._GetCharCode      STemWin522_CM4_Keil.lib(gui_uc_encodenone.o)
    0x08005ad8   0x00000004   Code   RO         1798    i._GetCharSize      STemWin522_CM4_Keil.lib(gui_uc_encodenone.o)
    0x08005adc   0x00000010   Code   RO         1727    i._GetDevData       STemWin522_CM4_Keil.lib(guidev_16.o)
    0x08005aec   0x00000010   Code   RO         1728    i._GetDevFunc       STemWin522_CM4_Keil.lib(guidev_16.o)
    0x08005afc   0x0000001e   Code   RO         1617    i._GetDevProp       STemWin522_CM4_Keil.lib(lcd_getex.o)
    0x08005b1a   0x00000008   Code   RO         1729    i._GetDevProp       STemWin522_CM4_Keil.lib(guidev_16.o)
    0x08005b22   0x00000052   Code   RO         2118    i._GetIndexMask_0   STemWin522_CM4_Keil.lib(guicc_0.o)
    0x08005b74   0x00000006   Code   RO         1433    i._GetIndexMask_M565  STemWin522_CM4_Keil.lib(guicc_m565.o)
    0x08005b7a   0x00000002   PAD
    0x08005b7c   0x0000001c   Code   RO         1467    i._GetMinIndex      STemWin522_CM4_Keil.lib(gui_alloc.o)
    0x08005b98   0x0000000e   Code   RO         1730    i._GetPixelIndex    STemWin522_CM4_Keil.lib(guidev_16.o)
    0x08005ba6   0x00000030   Code   RO         1731    i._GetRect          STemWin522_CM4_Keil.lib(guidev_16.o)
    0x08005bd6   0x00000002   PAD
    0x08005bd8   0x00000010   Code   RO         1785    i._GotoX            STemWin522_CM4_Keil.lib(gui_goto.o)
    0x08005be8   0x00000010   Code   RO         1786    i._GotoY            STemWin522_CM4_Keil.lib(gui_goto.o)
    0x08005bf8   0x00000058   Code   RO         1434    i._Index2ColorBulk  STemWin522_CM4_Keil.lib(guicc_m565.o)
    0x08005c50   0x00000020   Code   RO         2119    i._Index2Color_0    STemWin522_CM4_Keil.lib(guicc_0.o)
    0x08005c70   0x00000070   Code   RO         1520    i._InitContext      STemWin522_CM4_Keil.lib(gui_core.o)
    0x08005ce0   0x000000a4   Code   RO         1468    i._InitOnce         STemWin522_CM4_Keil.lib(gui_alloc.o)
    0x08005d84   0x00000080   Code   RO         1929    i._Invalidate1Abs   STemWin522_CM4_Keil.lib(wm.o)
    0x08005e04   0x00000002   Code   RO         2029    i._Log2VisBuffered  STemWin522_CM4_Keil.lib(gui_charline.o)
    0x08005e06   0x00000002   PAD
    0x08005e08   0x00000034   Code   RO         1469    i._OnExit           STemWin522_CM4_Keil.lib(gui_alloc.o)
    0x08005e3c   0x0000002c   Code   RO         1521    i._OnExit           STemWin522_CM4_Keil.lib(gui_core.o)
    0x08005e68   0x00000014   Code   RO         1851    i._OnExit           STemWin522_CM4_Keil.lib(lcd_color.o)
    0x08005e7c   0x00000034   Code   RO         1930    i._OnExit           STemWin522_CM4_Keil.lib(wm.o)
    0x08005eb0   0x00000040   Code   RO         1470    i._PopFreeBlock     STemWin522_CM4_Keil.lib(gui_alloc.o)
    0x08005ef0   0x00000024   Code   RO         1471    i._PushFreeBlock    STemWin522_CM4_Keil.lib(gui_alloc.o)
    0x08005f14   0x00000034   Code   RO         1472    i._RemoveFreeBlock  STemWin522_CM4_Keil.lib(gui_alloc.o)
    0x08005f48   0x000000a0   Code   RO         1473    i._RemoveHoles      STemWin522_CM4_Keil.lib(gui_alloc.o)
    0x08005fe8   0x00000020   Code   RO         1821    i._SetBkColor       STemWin522_CM4_Keil.lib(lcd.o)
    0x08006008   0x0000004c   Code   RO         1934    i._SetClipRectUserIntersect  STemWin522_CM4_Keil.lib(wm.o)
    0x08006054   0x00000020   Code   RO         1822    i._SetColor         STemWin522_CM4_Keil.lib(lcd.o)
    0x08006074   0x0000002c   Code   RO         1823    i._SetDrawMode      STemWin522_CM4_Keil.lib(lcd.o)
    0x080060a0   0x00000008   Code   RO         1732    i._SetOrg           STemWin522_CM4_Keil.lib(guidev_16.o)
    0x080060a8   0x00000048   Code   RO         1733    i._SetPixelIndex    STemWin522_CM4_Keil.lib(guidev_16.o)
    0x080060f0   0x000000ea   Code   RO         1474    i._TestRAM          STemWin522_CM4_Keil.lib(gui_alloc.o)
    0x080061da   0x00000002   PAD
    0x080061dc   0x00000030   Code   RO         1550    i._UnlinkDevice     STemWin522_CM4_Keil.lib(gui_device.o)
    0x0800620c   0x0000000e   Code   RO         1475    i._WriteTagData     STemWin522_CM4_Keil.lib(gui_alloc.o)
    0x0800621a   0x00000002   PAD
    0x0800621c   0x00000330   Code   RO         1875    i._WriteToActiveOpaque_8  STemWin522_CM4_Keil.lib(guidev_writetoactiveopaque.o)
    0x0800654c   0x000002f8   Code   RO         1876    i._WriteToActiveOpaque_HT  STemWin522_CM4_Keil.lib(guidev_writetoactiveopaque.o)
    0x08006844   0x0000003c   Code   RO         1734    i._XY2PTR           STemWin522_CM4_Keil.lib(guidev_16.o)
    0x08006880   0x00000054   Code   RO         1735    i._XorPixel         STemWin522_CM4_Keil.lib(guidev_16.o)
    0x080068d4   0x00000020   Code   RO         2944    i.__0printf$8       mc_w.l(printf8.o)
    0x080068f4   0x0000000e   Code   RO         3044    i.__scatterload_copy  mc_w.l(handlers.o)
    0x08006902   0x00000002   Code   RO         3045    i.__scatterload_null  mc_w.l(handlers.o)
    0x08006904   0x0000000e   Code   RO         3046    i.__scatterload_zeroinit  mc_w.l(handlers.o)
    0x08006912   0x00000002   PAD
    0x08006914   0x00000408   Code   RO         2951    i._printf_core      mc_w.l(printf8.o)
    0x08006d1c   0x00000026   Code   RO         2952    i._printf_post_padding  mc_w.l(printf8.o)
    0x08006d42   0x00000030   Code   RO         2953    i._printf_pre_padding  mc_w.l(printf8.o)
    0x08006d72   0x00000002   PAD
    0x08006d74   0x00000050   Code   RO         1936    i.cbBackWin         STemWin522_CM4_Keil.lib(wm.o)
    0x08006dc4   0x0000008a   Code   RO         1824    i.emWin_LCD_Init    STemWin522_CM4_Keil.lib(lcd.o)
    0x08006e4e   0x00000012   Code   RO         3012    i.fputc             mc_w.l(fputc.o)
    0x08006e60   0x0000001c   Data   RO          600    .constdata          stm32f4xx_fsmc.o
    0x08006e7c   0x00000034   Data   RO         1146    .constdata          guidrv_template.o
    0x08006eb0   0x000004d4   Data   RO         1301    .constdata          my_disco_bsp_debug.o
    0x08007384   0x00000018   Data   RO         1435    .constdata          STemWin522_CM4_Keil.lib(guicc_m565.o)
    0x0800739c   0x00000008   Data   RO         1523    .constdata          STemWin522_CM4_Keil.lib(gui_core.o)
    0x080073a4   0x00000a30   Data   RO         1708    .constdata          STemWin522_CM4_Keil.lib(f8x16.o)
    0x08007dd4   0x000001c0   Data   RO         1709    .constdata          STemWin522_CM4_Keil.lib(f8x16.o)
    0x08007f94   0x00000008   Data   RO         1710    .constdata          STemWin522_CM4_Keil.lib(f8x16.o)
    0x08007f9c   0x00000014   Data   RO         1711    .constdata          STemWin522_CM4_Keil.lib(f8x16.o)
    0x08007fb0   0x00000024   Data   RO         1712    .constdata          STemWin522_CM4_Keil.lib(f8x16.o)
    0x08007fd4   0x00000074   Data   RO         1736    .constdata          STemWin522_CM4_Keil.lib(guidev_16.o)
    0x08008048   0x00000100   Data   RO         1753    .constdata          STemWin522_CM4_Keil.lib(gui__divtbl_255_31.o)
    0x08008148   0x00000100   Data   RO         1754    .constdata          STemWin522_CM4_Keil.lib(gui__divtbl_255_63.o)
    0x08008248   0x00000020   Data   RO         1755    .constdata          STemWin522_CM4_Keil.lib(gui__divtbl_31_255.o)
    0x08008268   0x00000040   Data   RO         1756    .constdata          STemWin522_CM4_Keil.lib(gui__divtbl_63_255.o)
    0x080082a8   0x00000028   Data   RO         1766    .constdata          STemWin522_CM4_Keil.lib(gui_adddecshift.o)
    0x080082d0   0x00000010   Data   RO         1799    .constdata          STemWin522_CM4_Keil.lib(gui_uc_encodenone.o)
    0x080082e0   0x0000000c   Data   RO         1825    .constdata          STemWin522_CM4_Keil.lib(lcd.o)
    0x080082ec   0x00000100   Data   RO         1860    .constdata          STemWin522_CM4_Keil.lib(lcd_mirror.o)
    0x080083ec   0x00000518   Data   RO         1861    .constdata          STemWin522_CM4_Keil.lib(f6x8.o)
    0x08008904   0x000001c0   Data   RO         1862    .constdata          STemWin522_CM4_Keil.lib(f6x8.o)
    0x08008ac4   0x00000008   Data   RO         1863    .constdata          STemWin522_CM4_Keil.lib(f6x8.o)
    0x08008acc   0x00000014   Data   RO         1864    .constdata          STemWin522_CM4_Keil.lib(f6x8.o)
    0x08008ae0   0x00000024   Data   RO         1865    .constdata          STemWin522_CM4_Keil.lib(f6x8.o)
    0x08008b04   0x00000008   Data   RO         1877    .constdata          STemWin522_CM4_Keil.lib(guidev_writetoactiveopaque.o)
    0x08008b0c   0x00000018   Data   RO         2120    .constdata          STemWin522_CM4_Keil.lib(guicc_0.o)
    0x08008b24   0x0000011e   Data   RO         1302    .conststring        my_disco_bsp_debug.o
    0x08008c42   0x00000002   PAD
    0x08008c44   0x00000020   Data   RO         3042    Region$$Table       anon$$obj.o


    Execution Region RW_IRAM1 (Base: 0x20000000, Size: 0x00019be0, Max: 0x00020000, ABSOLUTE, COMPRESSED[0x0000007c])

    Base Addr    Size         Type   Attr      Idx    E Section Name        Object

    0x20000000   0x00000014   Data   RW           14    .data               system_stm32f4xx.o
    0x20000014   0x00000010   Data   RW          843    .data               stm32f4xx_rcc.o
    0x20000024   0x00000004   Data   RW         1242    .data               gui_x.o
    0x20000028   0x00000066   Data   RW         1261    .data               my_disco_bsp.o
    0x2000008e   0x00000002   PAD
    0x20000090   0x00000010   Data   RW         1363    .data               main.o
    0x200000a0   0x00000008   Data   RW         1436    .data               STemWin522_CM4_Keil.lib(guicc_m565.o)
    0x200000a8   0x00000008   Data   RW         1477    .data               STemWin522_CM4_Keil.lib(gui_alloc.o)
    0x200000b0   0x0000002c   Data   RW         1524    .data               STemWin522_CM4_Keil.lib(gui_core.o)
    0x200000dc   0x00000004   Data   RW         1527    .data               STemWin522_CM4_Keil.lib(gui_core.o)
    0x200000e0   0x00000004   Data   RW         1528    .data               STemWin522_CM4_Keil.lib(gui_core.o)
    0x200000e4   0x00000002   Data   RW         1529    .data               STemWin522_CM4_Keil.lib(gui_core.o)
    0x200000e6   0x00000002   Data   RW         1530    .data               STemWin522_CM4_Keil.lib(gui_core.o)
    0x200000e8   0x00000004   Data   RW         1826    .data               STemWin522_CM4_Keil.lib(lcd.o)
    0x200000ec   0x00000010   Data   RW         1852    .data               STemWin522_CM4_Keil.lib(lcd_color.o)
    0x200000fc   0x00000058   Data   RW         1938    .data               STemWin522_CM4_Keil.lib(wm.o)
    0x20000154   0x00000008   Data   RW         2007    .data               STemWin522_CM4_Keil.lib(gui__managecache.o)
    0x2000015c   0x00000004   Data   RW         2030    .data               STemWin522_CM4_Keil.lib(gui_charline.o)
    0x20000160   0x0000000c   Data   RW         2051    .data               STemWin522_CM4_Keil.lib(gui_onkey.o)
    0x2000016c   0x0000000c   Data   RW         2108    .data               STemWin522_CM4_Keil.lib(gui_waitevent.o)
    0x20000178   0x00000004   Data   RW         2181    .data               STemWin522_CM4_Keil.lib(wm__sendmessage.o)
    0x2000017c   0x00000004   Data   RW         3014    .data               mc_w.l(stdout.o)
    0x20000180   0x00019000   Zero   RW         1106    .bss                guiconf.o
    0x20019180   0x00000064   Zero   RW         1260    .bss                my_disco_bsp.o
    0x200191e4   0x000000c8   Zero   RW         1476    .bss                STemWin522_CM4_Keil.lib(gui_alloc.o)
    0x200192ac   0x00000078   Zero   RW         1522    .bss                STemWin522_CM4_Keil.lib(gui_core.o)
    0x20019324   0x00000018   Zero   RW         1937    .bss                STemWin522_CM4_Keil.lib(wm.o)
    0x2001933c   0x00000058   Zero   RW         2050    .bss                STemWin522_CM4_Keil.lib(gui_onkey.o)
    0x20019394   0x00000048   Zero   RW         2222    .bss                STemWin522_CM4_Keil.lib(wm_touch.o)
    0x200193dc   0x00000004   PAD
    0x200193e0   0x00000800   Zero   RW            1    STACK               startup_stm32f40xx.o

