ARM Linker, 5.03 [Build 76] [MDK-ARM Professional]

==============================================================================

Section Cross References

    startup_stm32f40xx.o(STACK) refers (Special) to heapauxi.o(.text) for __use_two_region_memory
    startup_stm32f40xx.o(HEAP) refers (Special) to heapauxi.o(.text) for __use_two_region_memory
    startup_stm32f40xx.o(RESET) refers (Special) to heapauxi.o(.text) for __use_two_region_memory
    startup_stm32f40xx.o(RESET) refers to startup_stm32f40xx.o(STACK) for __initial_sp
    startup_stm32f40xx.o(RESET) refers to startup_stm32f40xx.o(.text) for Reset_Handler
    startup_stm32f40xx.o(RESET) refers to stm32f4xx_it.o(.text) for NMI_Handler
    startup_stm32f40xx.o(.text) refers (Special) to heapauxi.o(.text) for __use_two_region_memory
    startup_stm32f40xx.o(.text) refers to system_stm32f4xx.o(.text) for SystemInit
    startup_stm32f40xx.o(.text) refers to __main.o(!!!main) for __main
    startup_stm32f40xx.o(.text) refers to startup_stm32f40xx.o(HEAP) for Heap_Mem
    startup_stm32f40xx.o(.text) refers to startup_stm32f40xx.o(STACK) for Stack_Mem
    system_stm32f4xx.o(.text) refers to system_stm32f4xx.o(.data) for SystemCoreClock
    stm32f4xx_adc.o(.text) refers to stm32f4xx_rcc.o(.text) for RCC_APB2PeriphResetCmd
    stm32f4xx_can.o(.text) refers to stm32f4xx_rcc.o(.text) for RCC_APB1PeriphResetCmd
    stm32f4xx_cryp.o(.text) refers to stm32f4xx_rcc.o(.text) for RCC_AHB2PeriphResetCmd
    stm32f4xx_cryp_aes.o(.text) refers to stm32f4xx_cryp.o(.text) for CRYP_KeyStructInit
    stm32f4xx_cryp_des.o(.text) refers to stm32f4xx_cryp.o(.text) for CRYP_KeyStructInit
    stm32f4xx_cryp_tdes.o(.text) refers to stm32f4xx_cryp.o(.text) for CRYP_KeyStructInit
    stm32f4xx_dac.o(.text) refers to stm32f4xx_rcc.o(.text) for RCC_APB1PeriphResetCmd
    stm32f4xx_dma2d.o(.text) refers to stm32f4xx_rcc.o(.text) for RCC_AHB1PeriphResetCmd
    stm32f4xx_fsmc.o(.text) refers to stm32f4xx_fsmc.o(.constdata) for FSMC_DefaultTimingStruct
    stm32f4xx_gpio.o(.text) refers to stm32f4xx_rcc.o(.text) for RCC_AHB1PeriphResetCmd
    stm32f4xx_hash.o(.text) refers to stm32f4xx_rcc.o(.text) for RCC_AHB2PeriphResetCmd
    stm32f4xx_hash_md5.o(.text) refers to stm32f4xx_hash.o(.text) for HASH_DeInit
    stm32f4xx_hash_sha1.o(.text) refers to stm32f4xx_hash.o(.text) for HASH_DeInit
    stm32f4xx_i2c.o(.text) refers to stm32f4xx_rcc.o(.text) for RCC_APB1PeriphResetCmd
    stm32f4xx_ltdc.o(.text) refers to stm32f4xx_rcc.o(.text) for RCC_APB2PeriphResetCmd
    stm32f4xx_pwr.o(.text) refers to stm32f4xx_rcc.o(.text) for RCC_APB1PeriphResetCmd
    stm32f4xx_rcc.o(.text) refers to stm32f4xx_rcc.o(.data) for APBAHBPrescTable
    stm32f4xx_rng.o(.text) refers to stm32f4xx_rcc.o(.text) for RCC_AHB2PeriphResetCmd
    stm32f4xx_sai.o(.text) refers to stm32f4xx_rcc.o(.text) for RCC_APB2PeriphResetCmd
    stm32f4xx_sdio.o(.text) refers to stm32f4xx_rcc.o(.text) for RCC_APB2PeriphResetCmd
    stm32f4xx_spi.o(.text) refers to stm32f4xx_rcc.o(.text) for RCC_APB2PeriphResetCmd
    stm32f4xx_syscfg.o(.text) refers to stm32f4xx_rcc.o(.text) for RCC_APB2PeriphResetCmd
    stm32f4xx_tim.o(.text) refers to stm32f4xx_rcc.o(.text) for RCC_APB2PeriphResetCmd
    stm32f4xx_usart.o(.text) refers to stm32f4xx_rcc.o(.text) for RCC_APB2PeriphResetCmd
    stm32f4xx_wwdg.o(.text) refers to stm32f4xx_rcc.o(.text) for RCC_APB1PeriphResetCmd
    guiconf.o(.text) refers to gui_alloc.o(i.GUI_ALLOC_AssignMemory) for GUI_ALLOC_AssignMemory
    guiconf.o(.text) refers to gui_core.o(i.GUI_SetDefaultFont) for GUI_SetDefaultFont
    guiconf.o(.text) refers to guiconf.o(.bss) for aMemory
    guiconf.o(.text) refers to f6x8.o(.constdata) for GUI_Font6x8
    guidrv_template.o(.text) refers to ssd1963.o(.text) for SSD1963_Point
    guidrv_template.o(.text) refers to gui_core.o(.data) for GUI_pContext
    guidrv_template.o(.text) refers to gui_alloc.o(i.GUI_ALLOC_GetFixedBlock) for GUI_ALLOC_GetFixedBlock
    guidrv_template.o(.text) refers to lcd_getex.o(i.LCD__GetBPP) for LCD__GetBPP
    guidrv_template.o(.text) refers to lcdconf_flexcolor_template.o(.text) for LCD_X_DisplayDriver
    guidrv_template.o(.text) refers to guidev_16.o(.constdata) for GUI_MEMDEV_DEVICE_16
    guidrv_template.o(.constdata) refers to guidrv_template.o(.text) for _DrawBitmap
    lcdconf_flexcolor_template.o(.text) refers to gui_device.o(i.GUI_DEVICE_CreateAndLink) for GUI_DEVICE_CreateAndLink
    lcdconf_flexcolor_template.o(.text) refers to lcd_set.o(i.LCD_SetSizeEx) for LCD_SetSizeEx
    lcdconf_flexcolor_template.o(.text) refers to lcd_set.o(i.LCD_SetVSizeEx) for LCD_SetVSizeEx
    lcdconf_flexcolor_template.o(.text) refers to ssd1963.o(.text) for SSD1963_Init
    lcdconf_flexcolor_template.o(.text) refers to guicc_m565.o(.constdata) for LCD_API_ColorConv_M565
    lcdconf_flexcolor_template.o(.text) refers to guidrv_template.o(.constdata) for GUIDRV_Template_API
    gui_x.o(.text) refers to ssd1963.o(.text) for SSD1963_Init
[...]
    USART3_IRQHandler                        0x08000243   Thumb Code     0  startup_stm32f40xx.o(.text)
    USART6_IRQHandler                        0x08000243   Thumb Code     0  startup_stm32f40xx.o(.text)
    WWDG_IRQHandler                          0x08000243   Thumb Code     0  startup_stm32f40xx.o(.text)
    __user_initial_stackheap                 0x08000245   Thumb Code     0  startup_stm32f40xx.o(.text)
    SystemInit                               0x08000343   Thumb Code   176  system_stm32f4xx.o(.text)
    SystemCoreClockUpdate                    0x080003f3   Thumb Code   174  system_stm32f4xx.o(.text)
    FSMC_NORSRAMDeInit                       0x080004d1   Thumb Code    56  stm32f4xx_fsmc.o(.text)
    FSMC_NORSRAMInit                         0x08000509   Thumb Code   288  stm32f4xx_fsmc.o(.text)
    FSMC_NORSRAMStructInit                   0x08000629   Thumb Code    48  stm32f4xx_fsmc.o(.text)
    FSMC_NORSRAMCmd                          0x08000659   Thumb Code    46  stm32f4xx_fsmc.o(.text)
    FSMC_NANDDeInit                          0x08000687   Thumb Code    62  stm32f4xx_fsmc.o(.text)
    FSMC_NANDInit                            0x080006c5   Thumb Code   214  stm32f4xx_fsmc.o(.text)
    FSMC_NANDStructInit                      0x0800079b   Thumb Code    54  stm32f4xx_fsmc.o(.text)
    FSMC_NANDCmd                             0x080007d1   Thumb Code    86  stm32f4xx_fsmc.o(.text)
    FSMC_NANDECCCmd                          0x08000827   Thumb Code    86  stm32f4xx_fsmc.o(.text)
    FSMC_GetECC                              0x0800087d   Thumb Code    22  stm32f4xx_fsmc.o(.text)
    FSMC_PCCARDDeInit                        0x08000893   Thumb Code    40  stm32f4xx_fsmc.o(.text)
    FSMC_PCCARDInit                          0x080008bb   Thumb Code   246  stm32f4xx_fsmc.o(.text)
    FSMC_PCCARDStructInit                    0x080009b1   Thumb Code    60  stm32f4xx_fsmc.o(.text)
    FSMC_PCCARDCmd                           0x080009ed   Thumb Code    40  stm32f4xx_fsmc.o(.text)
    FSMC_ITConfig                            0x08000a15   Thumb Code   128  stm32f4xx_fsmc.o(.text)
    FSMC_GetFlagStatus                       0x08000a95   Thumb Code    48  stm32f4xx_fsmc.o(.text)
    FSMC_ClearFlag                           0x08000ac5   Thumb Code    62  stm32f4xx_fsmc.o(.text)
    FSMC_GetITStatus                         0x08000b03   Thumb Code    60  stm32f4xx_fsmc.o(.text)
    FSMC_ClearITPendingBit                   0x08000b3f   Thumb Code    64  stm32f4xx_fsmc.o(.text)
    GPIO_DeInit                              0x08000b99   Thumb Code   268  stm32f4xx_gpio.o(.text)
    GPIO_Init                                0x08000ca5   Thumb Code   144  stm32f4xx_gpio.o(.text)
    GPIO_StructInit                          0x08000d35   Thumb Code    18  stm32f4xx_gpio.o(.text)
    GPIO_PinLockConfig                       0x08000d47   Thumb Code    34  stm32f4xx_gpio.o(.text)
    GPIO_ReadInputDataBit                    0x08000d69   Thumb Code    18  stm32f4xx_gpio.o(.text)
    GPIO_ReadInputData                       0x08000d7b   Thumb Code     8  stm32f4xx_gpio.o(.text)
    GPIO_ReadOutputDataBit                   0x08000d83   Thumb Code    18  stm32f4xx_gpio.o(.text)
    GPIO_ReadOutputData                      0x08000d95   Thumb Code     8  stm32f4xx_gpio.o(.text)
    GPIO_SetBits                             0x08000d9d   Thumb Code     4  stm32f4xx_gpio.o(.text)
    GPIO_ResetBits                           0x08000da1   Thumb Code     4  stm32f4xx_gpio.o(.text)
    GPIO_WriteBit                            0x08000da5   Thumb Code    10  stm32f4xx_gpio.o(.text)
    GPIO_Write                               0x08000daf   Thumb Code     4  stm32f4xx_gpio.o(.text)
    GPIO_ToggleBits                          0x08000db3   Thumb Code     8  stm32f4xx_gpio.o(.text)
    GPIO_PinAFConfig                         0x08000dbb   Thumb Code    70  stm32f4xx_gpio.o(.text)
    RCC_DeInit                               0x08000e2d   Thumb Code    82  stm32f4xx_rcc.o(.text)
    RCC_HSEConfig                            0x08000e7f   Thumb Code    14  stm32f4xx_rcc.o(.text)
    RCC_GetFlagStatus                        0x08000e8d   Thumb Code    60  stm32f4xx_rcc.o(.text)
    RCC_WaitForHSEStartUp                    0x08000ec9   Thumb Code    56  stm32f4xx_rcc.o(.text)
    RCC_AdjustHSICalibrationValue            0x08000f01   Thumb Code    20  stm32f4xx_rcc.o(.text)
    RCC_HSICmd                               0x08000f15   Thumb Code     6  stm32f4xx_rcc.o(.text)
    RCC_LSEConfig                            0x08000f1b   Thumb Code    46  stm32f4xx_rcc.o(.text)
    RCC_LSICmd                               0x08000f49   Thumb Code     6  stm32f4xx_rcc.o(.text)
    RCC_PLLConfig                            0x08000f4f   Thumb Code    32  stm32f4xx_rcc.o(.text)
    RCC_PLLCmd                               0x08000f6f   Thumb Code     6  stm32f4xx_rcc.o(.text)
    RCC_PLLI2SConfig                         0x08000f75   Thumb Code    14  stm32f4xx_rcc.o(.text)
    RCC_PLLI2SCmd                            0x08000f83   Thumb Code     6  stm32f4xx_rcc.o(.text)
    RCC_PLLSAIConfig                         0x08000f89   Thumb Code    20  stm32f4xx_rcc.o(.text)
    RCC_PLLSAICmd                            0x08000f9d   Thumb Code     6  stm32f4xx_rcc.o(.text)
    RCC_ClockSecuritySystemCmd               0x08000fa3   Thumb Code     6  stm32f4xx_rcc.o(.text)
    RCC_MCO1Config                           0x08000fa9   Thumb Code    28  stm32f4xx_rcc.o(.text)
    RCC_MCO2Config                           0x08000fc5   Thumb Code    28  stm32f4xx_rcc.o(.text)
    RCC_SYSCLKConfig                         0x08000fe1   Thumb Code    20  stm32f4xx_rcc.o(.text)
    RCC_GetSYSCLKSource                      0x08000ff5   Thumb Code    12  stm32f4xx_rcc.o(.text)
    RCC_HCLKConfig                           0x08001001   Thumb Code    20  stm32f4xx_rcc.o(.text)
    RCC_PCLK1Config                          0x08001015   Thumb Code    20  stm32f4xx_rcc.o(.text)
    RCC_PCLK2Config                          0x08001029   Thumb Code    22  stm32f4xx_rcc.o(.text)
    RCC_GetClocksFreq                        0x0800103f   Thumb Code   222  stm32f4xx_rcc.o(.text)
    RCC_RTCCLKConfig                         0x0800111d   Thumb Code    54  stm32f4xx_rcc.o(.text)
    RCC_RTCCLKCmd                            0x08001153   Thumb Code     8  stm32f4xx_rcc.o(.text)
    RCC_BackupResetCmd                       0x0800115b   Thumb Code     8  stm32f4xx_rcc.o(.text)
    RCC_I2SCLKConfig                         0x08001163   Thumb Code     6  stm32f4xx_rcc.o(.text)
    RCC_SAIBlockACLKConfig                   0x08001169   Thumb Code    20  stm32f4xx_rcc.o(.text)
    RCC_SAIBlockBCLKConfig                   0x0800117d   Thumb Code    20  stm32f4xx_rcc.o(.text)
    RCC_SAIPLLI2SClkDivConfig                0x08001191   Thumb Code    26  stm32f4xx_rcc.o(.text)
    RCC_SAIPLLSAIClkDivConfig                0x080011ab   Thumb Code    28  stm32f4xx_rcc.o(.text)
    RCC_LTDCCLKDivConfig                     0x080011c7   Thumb Code    20  stm32f4xx_rcc.o(.text)
    RCC_TIMCLKPresConfig                     0x080011db   Thumb Code     6  stm32f4xx_rcc.o(.text)
    RCC_AHB1PeriphClockCmd                   0x080011e1   Thumb Code    34  stm32f4xx_rcc.o(.text)
    RCC_AHB2PeriphClockCmd                   0x08001203   Thumb Code    78  stm32f4xx_rcc.o(.text)
    RCC_AHB3PeriphClockCmd                   0x08001251   Thumb Code    34  stm32f4xx_rcc.o(.text)
    RCC_APB1PeriphClockCmd                   0x08001273   Thumb Code    34  stm32f4xx_rcc.o(.text)
    RCC_APB2PeriphClockCmd                   0x08001295   Thumb Code    34  stm32f4xx_rcc.o(.text)
    RCC_AHB1PeriphResetCmd                   0x080012b7   Thumb Code    34  stm32f4xx_rcc.o(.text)
    RCC_AHB2PeriphResetCmd                   0x080012d9   Thumb Code    34  stm32f4xx_rcc.o(.text)
    RCC_AHB3PeriphResetCmd                   0x080012fb   Thumb Code    34  stm32f4xx_rcc.o(.text)
    RCC_APB1PeriphResetCmd                   0x0800131d   Thumb Code    34  stm32f4xx_rcc.o(.text)
    RCC_APB2PeriphResetCmd                   0x0800133f   Thumb Code    34  stm32f4xx_rcc.o(.text)
    RCC_AHB1PeriphClockLPModeCmd             0x08001361   Thumb Code    34  stm32f4xx_rcc.o(.text)
    RCC_AHB2PeriphClockLPModeCmd             0x08001383   Thumb Code    34  stm32f4xx_rcc.o(.text)
    RCC_AHB3PeriphClockLPModeCmd             0x080013a5   Thumb Code    34  stm32f4xx_rcc.o(.text)
    RCC_APB1PeriphClockLPModeCmd             0x080013c7   Thumb Code    34  stm32f4xx_rcc.o(.text)
    RCC_APB2PeriphClockLPModeCmd             0x080013e9   Thumb Code    34  stm32f4xx_rcc.o(.text)
    RCC_LSEModeConfig                        0x0800140b   Thumb Code    40  stm32f4xx_rcc.o(.text)
    RCC_ITConfig                             0x08001433   Thumb Code    34  stm32f4xx_rcc.o(.text)
    RCC_ClearFlag                            0x08001455   Thumb Code    18  stm32f4xx_rcc.o(.text)
    RCC_GetITStatus                          0x08001467   Thumb Code    22  stm32f4xx_rcc.o(.text)
    RCC_ClearITPendingBit                    0x0800147d   Thumb Code     8  stm32f4xx_rcc.o(.text)
    GUI_X_Config                             0x08001489   Thumb Code    20  guiconf.o(.text)
    LCD_X_Config                             0x08001d33   Thumb Code    44  lcdconf_flexcolor_template.o(.text)
    LCD_X_DisplayDriver                      0x08001d5f   Thumb Code    34  lcdconf_flexcolor_template.o(.text)
    GUI_X_GetTime                            0x08001d8d   Thumb Code     6  gui_x.o(.text)
    GUI_X_Delay                              0x08001d93   Thumb Code    20  gui_x.o(.text)
    GUI_X_TimerTick                          0x08001da7   Thumb Code    12  gui_x.o(.text)
    GUI_X_Init                               0x08001db3   Thumb Code     8  gui_x.o(.text)
    GUI_X_ExecIdle                           0x08001dbb   Thumb Code     2  gui_x.o(.text)
    GUI_X_Log                                0x08001dbd   Thumb Code     2  gui_x.o(.text)
    GUI_X_Warn                               0x08001dbf   Thumb Code     2  gui_x.o(.text)
    GUI_X_ErrorOut                           0x08001dc1   Thumb Code     2  gui_x.o(.text)
    SSD1963_Delayms                          0x08001dc9   Thumb Code    20  ssd1963.o(.text)
    SSD1963_GPIOInit                         0x08001ddd   Thumb Code   332  ssd1963.o(.text)
    SSD1963_Rest                             0x08001f29   Thumb Code    26  ssd1963.o(.text)
    SSD1963_FSMCInit                         0x08001f43   Thumb Code   102  ssd1963.o(.text)
    SSD1963_Init                             0x08001fa9   Thumb Code   344  ssd1963.o(.text)
    SSD1963_Clear                            0x08002101   Thumb Code    72  ssd1963.o(.text)
    SSD1963_Cursor                           0x08002149   Thumb Code    58  ssd1963.o(.text)
    SSD1963_Point                            0x08002183   Thumb Code    22  ssd1963.o(.text)
    SSD1963_Fill                             0x08002199   Thumb Code    98  ssd1963.o(.text)
    LCD_BGR2RGB                              0x080021fb   Thumb Code    26  ssd1963.o(.text)
    LCD_Circle                               0x08002215   Thumb Code   174  ssd1963.o(.text)
    main                                     0x080022dd   Thumb Code   106  main.o(.text)
    TimingDelay_Decrement                    0x08002347   Thumb Code    18  main.o(.text)
    NMI_Handler                              0x0800236d   Thumb Code     2  stm32f4xx_it.o(.text)
    HardFault_Handler                        0x0800236f   Thumb Code     4  stm32f4xx_it.o(.text)
    MemManage_Handler                        0x08002373   Thumb Code     4  stm32f4xx_it.o(.text)
    BusFault_Handler                         0x08002377   Thumb Code     4  stm32f4xx_it.o(.text)
    UsageFault_Handler                       0x0800237b   Thumb Code     4  stm32f4xx_it.o(.text)
    SVC_Handler                              0x0800237f   Thumb Code     2  stm32f4xx_it.o(.text)
    DebugMon_Handler                         0x08002381   Thumb Code     2  stm32f4xx_it.o(.text)
    PendSV_Handler                           0x08002383   Thumb Code     2  stm32f4xx_it.o(.text)
    SysTick_Handler                          0x08002385   Thumb Code    12  stm32f4xx_it.o(.text)
    __aeabi_memcpy                           0x08002391   Thumb Code     0  rt_memcpy_v6.o(.text)
    __rt_memcpy                              0x08002391   Thumb Code   138  rt_memcpy_v6.o(.text)
    _memcpy_lastbytes                        0x080023f7   Thumb Code     0  rt_memcpy_v6.o(.text)
    __aeabi_memmove                          0x0800241b   Thumb Code     0  rt_memmove_v6.o(.text)
    __rt_memmove                             0x0800241b   Thumb Code   132  rt_memmove_v6.o(.text)
    __memmove_lastfew                        0x0800247b   Thumb Code     0  rt_memmove_v6.o(.text)
    __aeabi_memcpy4                          0x0800249f   Thumb Code     0  rt_memcpy_w.o(.text)
    __aeabi_memcpy8                          0x0800249f   Thumb Code     0  rt_memcpy_w.o(.text)
    __rt_memcpy_w                            0x0800249f   Thumb Code   100  rt_memcpy_w.o(.text)
    _memcpy_lastbytes_aligned                0x080024e7   Thumb Code     0  rt_memcpy_w.o(.text)
    __use_two_region_memory                  0x08002503   Thumb Code     2  heapauxi.o(.text)
    __rt_heap_escrow$2region                 0x08002505   Thumb Code     2  heapauxi.o(.text)
    __rt_heap_expand$2region                 0x08002507   Thumb Code     2  heapauxi.o(.text)
    __aeabi_memmove4                         0x08002509   Thumb Code     0  rt_memmove_w.o(.text)
    __aeabi_memmove8                         0x08002509   Thumb Code     0  rt_memmove_w.o(.text)
    __rt_memmove_w                           0x08002509   Thumb Code   122  rt_memmove_w.o(.text)
    __memmove_aligned                        0x0800252f   Thumb Code     0  rt_memmove_w.o(.text)
    __memmove_lastfew_aligned                0x08002567   Thumb Code     0  rt_memmove_w.o(.text)
    __user_setup_stackheap                   0x08002583   Thumb Code    74  sys_stackheap_outer.o(.text)
    exit                                     0x080025cd   Thumb Code    12  exit.o(.text)
    __user_libspace                          0x080025d9   Thumb Code     8  libspace.o(.text)
    __user_perproc_libspace                  0x080025d9   Thumb Code     0  libspace.o(.text)
    __user_perthread_libspace                0x080025d9   Thumb Code     0  libspace.o(.text)
    _sys_exit                                0x080025e1   Thumb Code     8  sys_exit.o(.text)
    __I$use$semihosting                      0x080025ed   Thumb Code     0  use_no_semi.o(.text)
    __use_no_semihosting_swi                 0x080025ed   Thumb Code     2  use_no_semi.o(.text)
    __semihosting_library_function           0x080025ef   Thumb Code     0  indicate_semi.o(.text)
    GUIMONO_DispChar                         0x080025f1   Thumb Code   302  gui_charm.o(i.GUIMONO_DispChar)
    GUIMONO_GetCharDistX                     0x08002725   Thumb Code    18  gui_charm.o(i.GUIMONO_GetCharDistX)
    GUIMONO_GetFontInfo                      0x0800273d   Thumb Code     6  gui_charm.o(i.GUIMONO_GetFontInfo)
    GUIMONO_IsInFont                         0x08002743   Thumb Code    56  gui_charm.o(i.GUIMONO_IsInFont)
    GUIPROP_DispChar                         0x0800277d   Thumb Code   194  gui_charp.o(i.GUIPROP_DispChar)
    GUIPROP_GetCharDistX                     0x08002845   Thumb Code    62  gui_charp.o(i.GUIPROP_GetCharDistX)
    GUIPROP_GetFontInfo                      0x08002889   Thumb Code     6  gui_charp.o(i.GUIPROP_GetFontInfo)
    GUIPROP_IsInFont                         0x0800288f   Thumb Code    16  gui_charp.o(i.GUIPROP_IsInFont)
    GUIPROP__FindChar                        0x0800289f   Thumb Code    22  gui_charp.o(i.GUIPROP__FindChar)
    GUI_ALLOC_AllocNoInit                    0x080028b5   Thumb Code    10  gui_alloc.o(i.GUI_ALLOC_AllocNoInit)
    GUI_ALLOC_AllocZero                      0x080028bf   Thumb Code    36  gui_alloc_alloczero.o(i.GUI_ALLOC_AllocZero)
    GUI_ALLOC_AssignMemory                   0x080028e5   Thumb Code    12  gui_alloc.o(i.GUI_ALLOC_AssignMemory)
    GUI_ALLOC_Free                           0x080028f5   Thumb Code    50  gui_alloc.o(i.GUI_ALLOC_Free)
    GUI_ALLOC_FreeFixedBlock                 0x0800292d   Thumb Code    18  gui_alloc.o(i.GUI_ALLOC_FreeFixedBlock)
    GUI_ALLOC_GetFixedBlock                  0x08002945   Thumb Code   164  gui_alloc.o(i.GUI_ALLOC_GetFixedBlock)
    GUI_ALLOC_LockH                          0x080029ed   Thumb Code    24  gui_alloc.o(i.GUI_ALLOC_LockH)
    GUI_ALLOC_UnlockH                        0x08002a09   Thumb Code    42  gui_alloc.o(i.GUI_ALLOC_UnlockH)
    GUI_ALLOC_h2p                            0x08002a39   Thumb Code    20  gui_alloc.o(i.GUI_ALLOC_h2p)
    GUI_CalcColorDist                        0x08002a51   Thumb Code    68  gui_calccolordist.o(i.GUI_CalcColorDist)
    GUI_Clear                                0x08002a95   Thumb Code    28  gui_core.o(i.GUI_Clear)
    GUI_ClearRect                            0x08002ab1   Thumb Code    90  gui_core.o(i.GUI_ClearRect)
    GUI_DEVICE_Create                        0x08002b11   Thumb Code    76  gui_device.o(i.GUI_DEVICE_Create)
    GUI_DEVICE_CreateAndLink                 0x08002b61   Thumb Code    36  gui_device.o(i.GUI_DEVICE_CreateAndLink)
    GUI_DEVICE_Delete                        0x08002b89   Thumb Code     4  gui_device.o(i.GUI_DEVICE_Delete)
    GUI_DEVICE_Link                          0x08002b8d   Thumb Code   124  gui_device.o(i.GUI_DEVICE_Link)
    GUI_DEVICE_Unlink                        0x08002c0d   Thumb Code     4  gui_device.o(i.GUI_DEVICE_Unlink)
    GUI_DEVICE__GetpDriver                   0x08002c11   Thumb Code    32  gui_device.o(i.GUI_DEVICE__GetpDriver)
    GUI_DispString                           0x08002c35   Thumb Code   252  gui_dispstring.o(i.GUI_DispString)
    GUI_DispStringAt                         0x08002d35   Thumb Code    12  gui_dispstringat.o(i.GUI_DispStringAt)
    GUI_GetBitsPerPixelEx                    0x08002d45   Thumb Code    14  lcd_getex.o(i.GUI_GetBitsPerPixelEx)
    GUI_GetBkColor                           0x08002d59   Thumb Code    14  gui_getcolor.o(i.GUI_GetBkColor)
    GUI_GetCharDistX                         0x08002d69   Thumb Code    12  gui_char.o(i.GUI_GetCharDistX)
    GUI_GetCharDistXEx                       0x08002d79   Thumb Code    10  gui_char.o(i.GUI_GetCharDistXEx)
    GUI_GetColor                             0x08002d89   Thumb Code    14  gui_getcolor.o(i.GUI_GetColor)
    GUI_GetFontDistY                         0x08002d99   Thumb Code    10  gui_char.o(i.GUI_GetFontDistY)
    GUI_GetYAdjust                           0x08002da9   Thumb Code    42  gui_char.o(i.GUI_GetYAdjust)
    GUI_GetpfColor2IndexEx                   0x08002dd9   Thumb Code    12  lcd_getex.o(i.GUI_GetpfColor2IndexEx)
    GUI_GetpfIndex2ColorEx                   0x08002de9   Thumb Code    12  lcd_getex.o(i.GUI_GetpfIndex2ColorEx)
    GUI_GotoXY                               0x08002df9   Thumb Code    20  gui_goto.o(i.GUI_GotoXY)
    GUI_Init                                 0x08002e0d   Thumb Code    74  gui_core.o(i.GUI_Init)
    GUI_MEMDEV_Delete                        0x08002e71   Thumb Code    58  guidev.o(i.GUI_MEMDEV_Delete)
    GUI_MEMDEV_GetBitsPerPixel               0x08002eb1   Thumb Code    36  guidev.o(i.GUI_MEMDEV_GetBitsPerPixel)
    GUI_MEMDEV_GetDataPtr                    0x08002ed5   Thumb Code    22  guidev_getdataptr.o(i.GUI_MEMDEV_GetDataPtr)
    GUI_MEMDEV__WriteToActiveOpaque          0x08002eeb   Thumb Code    60  guidev_writetoactiveopaque.o(i.GUI_MEMDEV__WriteToActiveOpaque)
    GUI_MergeRect                            0x08002f27   Thumb Code    88  gui_mergerect.o(i.GUI_MergeRect)
    GUI_MoveRect                             0x08002f7f   Thumb Code    30  gui_moverect.o(i.GUI_MoveRect)
    GUI_RectsIntersect                       0x08002f9d   Thumb Code    56  gui_rectsintersect.o(i.GUI_RectsIntersect)
    GUI_SelectLCD                            0x08002fd5   Thumb Code    18  gui_selectlcd.o(i.GUI_SelectLCD)
    GUI_SelectLayer                          0x08002fe9   Thumb Code    28  gui_selectlayer.o(i.GUI_SelectLayer)
    GUI_SetBkColor                           0x0800300d   Thumb Code     4  gui_setcolor.o(i.GUI_SetBkColor)
    GUI_SetColor                             0x08003011   Thumb Code     4  gui_setcolor.o(i.GUI_SetColor)
    GUI_SetDefaultFont                       0x08003015   Thumb Code     6  gui_core.o(i.GUI_SetDefaultFont)
    GUI_SetFont                              0x08003021   Thumb Code    14  gui_setfont.o(i.GUI_SetFont)
    GUI_SetOrg                               0x08003035   Thumb Code    38  gui_setorg.o(i.GUI_SetOrg)
    GUI_SignalEvent                          0x0800306d   Thumb Code    12  gui_waitevent.o(i.GUI_SignalEvent)
    GUI_StoreKey                             0x0800307d   Thumb Code    12  gui_onkey.o(i.GUI_StoreKey)
    GUI_UC__GetCharCodeInc                   0x0800308d   Thumb Code    38  gui_uc.o(i.GUI_UC__GetCharCodeInc)
    GUI_UC__NumChars2NumBytes                0x080030b9   Thumb Code    36  gui_uc.o(i.GUI_UC__NumChars2NumBytes)
    GUI_USAGE_AddRect                        0x080030e1   Thumb Code    40  guidev_usage.o(i.GUI_USAGE_AddRect)
    GUI_USAGE_DecUseCnt                      0x08003109   Thumb Code    36  guidev_usage.o(i.GUI_USAGE_DecUseCnt)
    GUI__CompactPixelIndices                 0x0800312d   Thumb Code   296  gui__compactpixelindices.o(i.GUI__CompactPixelIndices)
    GUI__Config                              0x08003255   Thumb Code    42  gui_core.o(i.GUI__Config)
    GUI__DispLine                            0x08003289   Thumb Code   166  gui_charline.o(i.GUI__DispLine)
    GUI__GetLineDistX                        0x08003339   Thumb Code    74  gui_charline.o(i.GUI__GetLineDistX)
    GUI__GetLineNumChars                     0x0800338d   Thumb Code    52  gui_charline.o(i.GUI__GetLineNumChars)
    GUI__GetOverlap                          0x080033c5   Thumb Code    24  gui_charline.o(i.GUI__GetOverlap)
    GUI__IntersectRect                       0x080033dd   Thumb Code    58  gui__intersectrect.o(i.GUI__IntersectRect)
    GUI__IntersectRects                      0x08003417   Thumb Code    82  gui__intersectrects.o(i.GUI__IntersectRects)
    GUI__ManageCache                         0x08003469   Thumb Code    12  gui__managecache.o(i.GUI__ManageCache)
    GUI__ManageCacheEx                       0x08003479   Thumb Code   168  gui__managecache.o(i.GUI__ManageCacheEx)
    GUI__RegisterExit                        0x08003525   Thumb Code    10  gui_core.o(i.GUI__RegisterExit)
    GUI__memset                              0x08003535   Thumb Code    76  gui__memset.o(i.GUI__memset)
    GUI__memset16                            0x08003581   Thumb Code    58  gui__memset16.o(i.GUI__memset16)
    LCD_Color2Index                          0x080035bd   Thumb Code    18  lcd.o(i.LCD_Color2Index)
    LCD_DrawBitmap                           0x080035d9   Thumb Code   508  lcd.o(i.LCD_DrawBitmap)
    LCD_DrawHLine                            0x080037e1   Thumb Code    78  lcd.o(i.LCD_DrawHLine)
    LCD_DrawPixel                            0x08003839   Thumb Code    96  lcd.o(i.LCD_DrawPixel)
    LCD_FillRect                             0x080038a1   Thumb Code    80  lcd.o(i.LCD_FillRect)
    LCD_GetBitsPerPixelEx                    0x080038f9   Thumb Code     6  lcd_getex.o(i.LCD_GetBitsPerPixelEx)
    LCD_GetBkColorIndex                      0x08003901   Thumb Code    10  lcd_getcolorindex.o(i.LCD_GetBkColorIndex)
    LCD_GetColorIndex                        0x08003911   Thumb Code    10  lcd_getcolorindex.o(i.LCD_GetColorIndex)
    LCD_GetNumColors                         0x08003921   Thumb Code    12  lcd_getex.o(i.LCD_GetNumColors)
    LCD_GetNumColorsEx                       0x08003931   Thumb Code     6  lcd_getex.o(i.LCD_GetNumColorsEx)
    LCD_GetNumLayers                         0x08003937   Thumb Code    26  lcd_getnumdisplays.o(i.LCD_GetNumLayers)
    LCD_GetPalette                           0x08003951   Thumb Code    10  lcd_getex.o(i.LCD_GetPalette)
    LCD_GetPaletteEx                         0x08003961   Thumb Code    24  lcd_getex.o(i.LCD_GetPaletteEx)
    LCD_GetpPalConvTableBM                   0x08003979   Thumb Code     4  lcd_color.o(i.LCD_GetpPalConvTableBM)
    LCD_GetpPalConvTableUncached             0x0800397d   Thumb Code    68  lcd_color.o(i.LCD_GetpPalConvTableUncached)
    LCD_Index2Color                          0x080039c5   Thumb Code    18  lcd.o(i.LCD_Index2Color)
    LCD_Index2Color_M565                     0x080039e1   Thumb Code    34  guicc_m565_index2color.o(i.LCD_Index2Color_M565)
    LCD_InitColors                           0x08003a0d   Thumb Code    42  lcd_color.o(i.LCD_InitColors)
    LCD_InitLUT                              0x08003a41   Thumb Code   104  lcd_color.o(i.LCD_InitLUT)
    LCD_SelectLCD                            0x08003ab1   Thumb Code    58  lcd_selectlcd.o(i.LCD_SelectLCD)
    LCD_SetBkColor                           0x08003af5   Thumb Code     8  lcd.o(i.LCD_SetBkColor)
    LCD_SetBkColorIndex                      0x08003b01   Thumb Code    20  lcd.o(i.LCD_SetBkColorIndex)
    LCD_SetClipRectEx                        0x08003b19   Thumb Code    38  lcd_setcliprectex.o(i.LCD_SetClipRectEx)
    LCD_SetClipRectMax                       0x08003b49   Thumb Code    20  lcd.o(i.LCD_SetClipRectMax)
    LCD_SetColor                             0x08003b65   Thumb Code     8  lcd.o(i.LCD_SetColor)
    LCD_SetColorIndex                        0x08003b71   Thumb Code    20  lcd.o(i.LCD_SetColorIndex)
    LCD_SetDrawMode                          0x08003b89   Thumb Code     8  lcd.o(i.LCD_SetDrawMode)
    LCD_SetLUTEntryEx                        0x08003b95   Thumb Code    44  lcd_set.o(i.LCD_SetLUTEntryEx)
    LCD_SetSizeEx                            0x08003bc1   Thumb Code    44  lcd_set.o(i.LCD_SetSizeEx)
    LCD_SetVSizeEx                           0x08003bed   Thumb Code    44  lcd_set.o(i.LCD_SetVSizeEx)
    LCD_UpdateColorIndices                   0x08003c19   Thumb Code    32  lcd_updatecolorindices.o(i.LCD_UpdateColorIndices)
    LCD__DrawBitmap_1bpp                     0x08003c3d   Thumb Code   424  lcd.o(i.LCD__DrawBitmap_1bpp)
    LCD__GetBPP                              0x08003df1   Thumb Code    92  lcd_getex.o(i.LCD__GetBPP)
    LCD__GetBPPDevice                        0x08003e4d   Thumb Code    50  lcd_getex.o(i.LCD__GetBPPDevice)
    WM_Activate                              0x08003e81   Thumb Code    12  wm.o(i.WM_Activate)
    WM_BringToBottom                         0x08003e91   Thumb Code   126  wm_bringtobottom.o(i.WM_BringToBottom)
    WM_CreateWindowAsChild                   0x08003f11   Thumb Code   318  wm.o(i.WM_CreateWindowAsChild)
    WM_DefaultProc                           0x0800405d   Thumb Code    70  wm.o(i.WM_DefaultProc)
    WM_GetDesktopWindow                      0x080040a5   Thumb Code    14  wm_getdesktopwindow.o(i.WM_GetDesktopWindow)
    WM_GetFirstChild                         0x080040bd   Thumb Code    14  wm_getfirstchild.o(i.WM_GetFirstChild)
    WM_GetParent                             0x080040cb   Thumb Code    14  wm_getparent.o(i.WM_GetParent)
    WM_Init                                  0x080040d9   Thumb Code   184  wm.o(i.WM_Init)
    WM_InvalidateRect                        0x080041ad   Thumb Code   118  wm.o(i.WM_InvalidateRect)
    WM_InvalidateWindow                      0x08004223   Thumb Code     6  wm.o(i.WM_InvalidateWindow)
    WM_InvalidateWindowAndDescsEx            0x08004229   Thumb Code    94  wm.o(i.WM_InvalidateWindowAndDescsEx)
    WM_SelectWindow                          0x08004289   Thumb Code    52  wm.o(i.WM_SelectWindow)
    WM_SendToParent                          0x080042c5   Thumb Code    30  wm_sendtoparent.o(i.WM_SendToParent)
    WM__ActivateClipRect                     0x080042e5   Thumb Code    58  wm.o(i.WM__ActivateClipRect)
    WM__AddCriticalHandle                    0x0800432d   Thumb Code    10  wm_criticalhandle.o(i.WM__AddCriticalHandle)
    WM__Client2Screen                        0x0800433d   Thumb Code    16  wm.o(i.WM__Client2Screen)
    WM__ClipAtParentBorders                  0x0800434d   Thumb Code    78  wm.o(i.WM__ClipAtParentBorders)
    WM__GetClientRectEx                      0x0800439b   Thumb Code    32  wm_getclientrect.o(i.WM__GetClientRectEx)
    WM__GetClientRectWin                     0x080043bb   Thumb Code    24  wm.o(i.WM__GetClientRectWin)
    WM__GetFirstSibling                      0x080043d3   Thumb Code    18  wm__getfirstsibling.o(i.WM__GetFirstSibling)
    WM__GetNextIVR                           0x080043e5   Thumb Code    54  wm.o(i.WM__GetNextIVR)
    WM__GetPrevSibling                       0x08004425   Thumb Code    36  wm__getprevsibling.o(i.WM__GetPrevSibling)
    WM__GetTopLevelLayer                     0x08004449   Thumb Code    24  wm.o(i.WM__GetTopLevelLayer)
    WM__InitIVRSearch                        0x08004461   Thumb Code   228  wm.o(i.WM__InitIVRSearch)
    WM__InsertWindowIntoList                 0x08004551   Thumb Code   164  wm.o(i.WM__InsertWindowIntoList)
    WM__Invalidate1Abs                       0x080045f5   Thumb Code     6  wm.o(i.WM__Invalidate1Abs)
    WM__InvalidateDrawAndDescs               0x080045fb   Thumb Code    70  wm.o(i.WM__InvalidateDrawAndDescs)
    WM__InvalidateRect                       0x08004641   Thumb Code   118  wm.o(i.WM__InvalidateRect)
    WM__InvalidateRectEx                     0x080046b7   Thumb Code     6  wm.o(i.WM__InvalidateRectEx)
    WM__RectIsNZ                             0x080046bd   Thumb Code    32  wm.o(i.WM__RectIsNZ)
    WM__SelectTopLevelLayer                  0x080046dd   Thumb Code    20  wm.o(i.WM__SelectTopLevelLayer)
    WM__SendMessage                          0x080046f1   Thumb Code    54  wm__sendmessage.o(i.WM__SendMessage)
    WM__SendMsgNoData                        0x0800472d   Thumb Code    14  wm.o(i.WM__SendMsgNoData)
    emWin_LCD_Init                           0x08006371   Thumb Code   138  lcd.o(i.emWin_LCD_Init)
    _fp_init                                 0x080063fb   Thumb Code    10  fpinit.o(x$fpl$fpinit)
    __fplib_config_fpu_vfp                   0x08006403   Thumb Code     0  fpinit.o(x$fpl$fpinit)
    __fplib_config_pureend_doubles           0x08006403   Thumb Code     0  fpinit.o(x$fpl$fpinit)
    FSMC_DefaultTimingStruct                 0x08006404   Data          28  stm32f4xx_fsmc.o(.constdata)
    GUIDRV_Template_API                      0x08006420   Data          52  guidrv_template.o(.constdata)
    LCD_API_ColorConv_M565                   0x08006454   Data          24  guicc_m565.o(.constdata)
    GUI_Font24_ASCII_CharInfo                0x08007404   Data         760  f24_ascii.o(.constdata)
    GUI_Font24_ASCII                         0x08007708   Data          36  f24_ascii.o(.constdata)
    GUI_Font6x8                              0x08007e20   Data          36  f6x8.o(.constdata)
    GUI_MEMDEV_DEVICE_16                     0x08007e84   Data          52  guidev_16.o(.constdata)
    GUI__aConvert_255_31                     0x08007eb8   Data         256  gui__divtbl_255_31.o(.constdata)
    GUI__aConvert_255_63                     0x08007fb8   Data         256  gui__divtbl_255_63.o(.constdata)
    GUI__aConvert_31_255                     0x080080b8   Data          32  gui__divtbl_31_255.o(.constdata)
    GUI__aConvert_63_255                     0x080080d8   Data          64  gui__divtbl_63_255.o(.constdata)
    GUI_UC_None                              0x08008118   Data          16  gui_uc_encodenone.o(.constdata)
    LCD_aMirror                              0x08008134   Data         256  lcd_mirror.o(.constdata)
    LCD_API_ColorConv_0                      0x0800823c   Data          24  guicc_0.o(.constdata)
    Region$$Table$$Base                      0x08008254   Number         0  anon$$obj.o(Region$$Table)
    Region$$Table$$Limit                     0x08008274   Number         0  anon$$obj.o(Region$$Table)
    SystemCoreClock                          0x20000000   Data           4  system_stm32f4xx.o(.data)
    AHBPrescTable                            0x20000004   Data          16  system_stm32f4xx.o(.data)
    OS_TimeMS                                0x20000024   Data           4  gui_x.o(.data)
    GPIO_InitStructure                       0x20000028   Data           8  main.o(.data)
    GUI_DecChar                              0x20000044   Data           1  gui_core.o(.data)
    GUI_pfGetpPalConvTable                   0x20000048   Data           4  gui_core.o(.data)
    GUI__pFontDefault                        0x2000004c   Data           4  gui_core.o(.data)
    GUI_pContext                             0x20000050   Data           4  gui_core.o(.data)
    GUI_pUC_API                              0x20000054   Data           4  gui_core.o(.data)
    GUI__apDevice                            0x20000068   Data           8  gui_core.o(.data)
    GUI_pfDispCharStyle                      0x20000070   Data           4  gui_core.o(.data)
    GUI_pLCD_APIList                         0x20000074   Data           4  gui_core.o(.data)
    GUI_OrgX                                 0x20000078   Data           2  gui_core.o(.data)
    GUI_OrgY                                 0x2000007a   Data           2  gui_core.o(.data)
    LCD__pSetColorAPI                        0x2000007c   Data           4  lcd.o(.data)
    LCD__aConvTable                          0x20000084   Data           4  lcd_color.o(.data)
    WM__PaintCallbackCnt                     0x20000090   Data           1  wm.o(.data)
    WM__NumWindows                           0x20000092   Data           2  wm.o(.data)
    WM__NumInvalidWindows                    0x20000094   Data           2  wm.o(.data)
    WM__TouchedLayer                         0x20000098   Data           4  wm.o(.data)
    WM__FirstWin                             0x2000009c   Data           4  wm.o(.data)
    WM__pFirstCriticalHandle                 0x200000a0   Data           4  wm.o(.data)
    WM__CreateFlags                          0x200000a4   Data           4  wm.o(.data)
    WM_pfPollPID                             0x200000a8   Data           4  wm.o(.data)
    WM_MULTIBUF__pAPI                        0x200000ac   Data           4  wm.o(.data)
    WM__TransWindowCnt                       0x200000b0   Data           4  wm.o(.data)
    WM__hATransWindow                        0x200000b4   Data           4  wm.o(.data)
    WM__ahDesktopWin                         0x200000c8   Data           8  wm.o(.data)
    WM__aBkColor                             0x200000d0   Data           8  wm.o(.data)
    WM__ahCapture                            0x200000d8   Data           8  wm.o(.data)
    WM__ahWinFocus                           0x200000e0   Data           8  wm.o(.data)
    GUI_CharLine_pfLog2Vis                   0x200000f0   Data           4  gui_charline.o(.data)
    GUI_ALLOC__Context                       0x20019110   Data         188  gui_alloc.o(.bss)
    WM__aCHWinModal                          0x200192d8   Data          16  wm_touch.o(.bss)
    WM__aCHWinLast                           0x200192e8   Data          16  wm_touch.o(.bss)
    WM__aCHWinMouseOver                      0x200192f8   Data          16  wm_touch.o(.bss)
    __libspace_start                         0x20019308   Data          96  libspace.o(.bss)
    __temporary_stack_top$libspace           0x20019368   Data           0  libspace.o(.bss)



==============================================================================

Memory Map of the image

  Image Entry point : 0x08000189

  Load Region LR_IROM1 (Base: 0x08000000, Size: 0x00008384, Max: 0x00100000, ABSOLUTE)

    Execution Region ER_IROM1 (Base: 0x08000000, Size: 0x00008274, Max: 0x00100000, ABSOLUTE)

    Base Addr    Size         Type   Attr      Idx    E Section Name        Object

    0x08000000   0x00000188   Data   RO            3    RESET               startup_stm32f40xx.o
    0x08000188   0x00000008   Code   RO         2738  * !!!main             c_w.l(__main.o)
    0x08000190   0x00000034   Code   RO         2896    !!!scatter          c_w.l(__scatter.o)
    0x080001c4   0x0000001a   Code   RO         2898    !!handler_copy      c_w.l(__scatter_copy.o)
    0x080001de   0x00000002   PAD
    0x080001e0   0x0000001c   Code   RO         2900    !!handler_zi        c_w.l(__scatter_zi.o)
    0x080001fc   0x00000002   Code   RO         2769    .ARM.Collect$$libinit$$00000000  c_w.l(libinit.o)
    0x080001fe   0x00000004   Code   RO         2775    .ARM.Collect$$libinit$$00000001  c_w.l(libinit2.o)
    0x08000202   0x00000000   Code   RO         2779    .ARM.Collect$$libinit$$00000008  c_w.l(libinit2.o)
    0x08000202   0x00000000   Code   RO         2781    .ARM.Collect$$libinit$$0000000A  c_w.l(libinit2.o)
    0x08000202   0x00000000   Code   RO         2783    .ARM.Collect$$libinit$$0000000C  c_w.l(libinit2.o)
    0x08000202   0x00000000   Code   RO         2786    .ARM.Collect$$libinit$$0000000F  c_w.l(libinit2.o)
    0x08000202   0x00000000   Code   RO         2788    .ARM.Collect$$libinit$$00000011  c_w.l(libinit2.o)
    0x08000202   0x00000000   Code   RO         2790    .ARM.Collect$$libinit$$00000013  c_w.l(libinit2.o)
    0x08000202   0x00000000   Code   RO         2792    .ARM.Collect$$libinit$$00000015  c_w.l(libinit2.o)
    0x08000202   0x00000000   Code   RO         2794    .ARM.Collect$$libinit$$00000017  c_w.l(libinit2.o)
    0x08000202   0x00000000   Code   RO         2796    .ARM.Collect$$libinit$$00000019  c_w.l(libinit2.o)
    0x08000202   0x00000000   Code   RO         2798    .ARM.Collect$$libinit$$0000001B  c_w.l(libinit2.o)
    0x08000202   0x00000000   Code   RO         2800    .ARM.Collect$$libinit$$0000001D  c_w.l(libinit2.o)
    0x08000202   0x00000000   Code   RO         2802    .ARM.Collect$$libinit$$0000001F  c_w.l(libinit2.o)
    0x08000202   0x00000000   Code   RO         2804    .ARM.Collect$$libinit$$00000021  c_w.l(libinit2.o)
    0x08000202   0x00000000   Code   RO         2806    .ARM.Collect$$libinit$$00000023  c_w.l(libinit2.o)
    0x08000202   0x00000000   Code   RO         2810    .ARM.Collect$$libinit$$0000002A  c_w.l(libinit2.o)
    0x08000202   0x00000000   Code   RO         2812    .ARM.Collect$$libinit$$0000002C  c_w.l(libinit2.o)
    0x08000202   0x00000000   Code   RO         2814    .ARM.Collect$$libinit$$0000002E  c_w.l(libinit2.o)
    0x08000202   0x00000000   Code   RO         2816    .ARM.Collect$$libinit$$00000030  c_w.l(libinit2.o)
    0x08000202   0x00000002   Code   RO         2817    .ARM.Collect$$libinit$$00000031  c_w.l(libinit2.o)
    0x08000204   0x00000002   Code   RO         2837    .ARM.Collect$$libshutdown$$00000000  c_w.l(libshutdown.o)
    0x08000206   0x00000000   Code   RO         2851    .ARM.Collect$$libshutdown$$00000003  c_w.l(libshutdown2.o)
    0x08000206   0x00000000   Code   RO         2854    .ARM.Collect$$libshutdown$$00000006  c_w.l(libshutdown2.o)
    0x08000206   0x00000000   Code   RO         2857    .ARM.Collect$$libshutdown$$00000009  c_w.l(libshutdown2.o)
    0x08000206   0x00000000   Code   RO         2859    .ARM.Collect$$libshutdown$$0000000B  c_w.l(libshutdown2.o)
    0x08000206   0x00000000   Code   RO         2862    .ARM.Collect$$libshutdown$$0000000E  c_w.l(libshutdown2.o)
    0x08000206   0x00000002   Code   RO         2863    .ARM.Collect$$libshutdown$$0000000F  c_w.l(libshutdown2.o)
    0x08000208   0x00000000   Code   RO         2740    .ARM.Collect$$rtentry$$00000000  c_w.l(rtentry.o)
    0x08000208   0x00000000   Code   RO         2746    .ARM.Collect$$rtentry$$00000002  c_w.l(rtentry2.o)
    0x08000208   0x00000006   Code   RO         2758    .ARM.Collect$$rtentry$$00000004  c_w.l(rtentry4.o)
    0x0800020e   0x00000000   Code   RO         2748    .ARM.Collect$$rtentry$$00000009  c_w.l(rtentry2.o)
    0x0800020e   0x00000004   Code   RO         2749    .ARM.Collect$$rtentry$$0000000A  c_w.l(rtentry2.o)
    0x08000212   0x00000000   Code   RO         2751    .ARM.Collect$$rtentry$$0000000C  c_w.l(rtentry2.o)
    0x08000212   0x00000008   Code   RO         2752    .ARM.Collect$$rtentry$$0000000D  c_w.l(rtentry2.o)
    0x0800021a   0x00000002   Code   RO         2773    .ARM.Collect$$rtexit$$00000000  c_w.l(rtexit.o)
    0x0800021c   0x00000000   Code   RO         2819    .ARM.Collect$$rtexit$$00000002  c_w.l(rtexit2.o)
    0x0800021c   0x00000004   Code   RO         2820    .ARM.Collect$$rtexit$$00000003  c_w.l(rtexit2.o)
    0x08000220   0x00000006   Code   RO         2821    .ARM.Collect$$rtexit$$00000004  c_w.l(rtexit2.o)
    0x08000226   0x00000002   PAD
    0x08000228   0x00000040   Code   RO            4    .text               startup_stm32f40xx.o
    0x08000268   0x00000268   Code   RO           13    .text               system_stm32f4xx.o
    0x080004d0   0x000006c8   Code   RO          599    .text               stm32f4xx_fsmc.o
    0x08000b98   0x00000294   Code   RO          626    .text               stm32f4xx_gpio.o
    0x08000e2c   0x0000065c   Code   RO          842    .text               stm32f4xx_rcc.o
    0x08001488   0x0000001c   Code   RO         1105    .text               guiconf.o
    0x080014a4   0x00000868   Code   RO         1145    .text               guidrv_template.o
    0x08001d0c   0x00000080   Code   RO         1216    .text               lcdconf_flexcolor_template.o
    0x08001d8c   0x0000003c   Code   RO         1241    .text               gui_x.o
    0x08001dc8   0x00000500   Code   RO         1262    .text               ssd1963.o
    0x080022c8   0x000000a4   Code   RO         1289    .text               main.o
    0x0800236c   0x00000024   Code   RO         1323    .text               stm32f4xx_it.o
    0x08002390   0x0000008a   Code   RO         2726    .text               c_w.l(rt_memcpy_v6.o)
    0x0800241a   0x00000084   Code   RO         2728    .text               c_w.l(rt_memmove_v6.o)
    0x0800249e   0x00000064   Code   RO         2730    .text               c_w.l(rt_memcpy_w.o)
    0x08002502   0x00000006   Code   RO         2736    .text               c_w.l(heapauxi.o)
    0x08002508   0x0000007a   Code   RO         2741    .text               c_w.l(rt_memmove_w.o)
    0x08002582   0x0000004a   Code   RO         2760    .text               c_w.l(sys_stackheap_outer.o)
    0x080025cc   0x0000000c   Code   RO         2762    .text               c_w.l(exit.o)
    0x080025d8   0x00000008   Code   RO         2770    .text               c_w.l(libspace.o)
    0x080025e0   0x0000000c   Code   RO         2829    .text               c_w.l(sys_exit.o)
    0x080025ec   0x00000002   Code   RO         2840    .text               c_w.l(use_no_semi.o)
    0x080025ee   0x00000000   Code   RO         2842    .text               c_w.l(indicate_semi.o)
    0x080025ee   0x00000002   PAD
    0x080025f0   0x00000134   Code   RO         1760    i.GUIMONO_DispChar  STemWin522_CM4_Keil.lib(gui_charm.o)
    0x08002724   0x00000018   Code   RO         1761    i.GUIMONO_GetCharDistX  STemWin522_CM4_Keil.lib(gui_charm.o)
    0x0800273c   0x00000006   Code   RO         1762    i.GUIMONO_GetFontInfo  STemWin522_CM4_Keil.lib(gui_charm.o)
    0x08002742   0x00000038   Code   RO         1763    i.GUIMONO_IsInFont  STemWin522_CM4_Keil.lib(gui_charm.o)
    0x0800277a   0x00000002   PAD
    0x0800277c   0x000000c8   Code   RO         1768    i.GUIPROP_DispChar  STemWin522_CM4_Keil.lib(gui_charp.o)
    0x08002844   0x00000044   Code   RO         1769    i.GUIPROP_GetCharDistX  STemWin522_CM4_Keil.lib(gui_charp.o)
    0x08002888   0x00000006   Code   RO         1770    i.GUIPROP_GetFontInfo  STemWin522_CM4_Keil.lib(gui_charp.o)
    0x0800288e   0x00000010   Code   RO         1771    i.GUIPROP_IsInFont  STemWin522_CM4_Keil.lib(gui_charp.o)
    0x0800289e   0x00000016   Code   RO         1772    i.GUIPROP__FindChar  STemWin522_CM4_Keil.lib(gui_charp.o)
    0x080028b4   0x0000000a   Code   RO         1359    i.GUI_ALLOC_AllocNoInit  STemWin522_CM4_Keil.lib(gui_alloc.o)
    0x080028be   0x00000024   Code   RO         2002    i.GUI_ALLOC_AllocZero  STemWin522_CM4_Keil.lib(gui_alloc_alloczero.o)
    0x080028e2   0x00000002   PAD
    0x080028e4   0x00000010   Code   RO         1360    i.GUI_ALLOC_AssignMemory  STemWin522_CM4_Keil.lib(gui_alloc.o)
    0x080028f4   0x00000038   Code   RO         1361    i.GUI_ALLOC_Free    STemWin522_CM4_Keil.lib(gui_alloc.o)
    0x0800292c   0x00000018   Code   RO         1362    i.GUI_ALLOC_FreeFixedBlock  STemWin522_CM4_Keil.lib(gui_alloc.o)
    0x08002944   0x000000a8   Code   RO         1365    i.GUI_ALLOC_GetFixedBlock  STemWin522_CM4_Keil.lib(gui_alloc.o)
    0x080029ec   0x0000001c   Code   RO         1373    i.GUI_ALLOC_LockH   STemWin522_CM4_Keil.lib(gui_alloc.o)
    0x08002a08   0x00000030   Code   RO         1378    i.GUI_ALLOC_UnlockH  STemWin522_CM4_Keil.lib(gui_alloc.o)
    0x08002a38   0x00000018   Code   RO         1379    i.GUI_ALLOC_h2p     STemWin522_CM4_Keil.lib(gui_alloc.o)
    0x08002a50   0x00000044   Code   RO         2252    i.GUI_CalcColorDist  STemWin522_CM4_Keil.lib(gui_calccolordist.o)
    0x08002a94   0x0000001c   Code   RO         1429    i.GUI_Clear         STemWin522_CM4_Keil.lib(gui_core.o)
    0x08002ab0   0x00000060   Code   RO         1430    i.GUI_ClearRect     STemWin522_CM4_Keil.lib(gui_core.o)
    0x08002b10   0x00000050   Code   RO         1458    i.GUI_DEVICE_Create  STemWin522_CM4_Keil.lib(gui_device.o)
    0x08002b60   0x00000028   Code   RO         1459    i.GUI_DEVICE_CreateAndLink  STemWin522_CM4_Keil.lib(gui_device.o)
    0x08002b88   0x00000004   Code   RO         1460    i.GUI_DEVICE_Delete  STemWin522_CM4_Keil.lib(gui_device.o)
    0x08002b8c   0x00000080   Code   RO         1461    i.GUI_DEVICE_Link   STemWin522_CM4_Keil.lib(gui_device.o)
    0x08002c0c   0x00000004   Code   RO         1463    i.GUI_DEVICE_Unlink  STemWin522_CM4_Keil.lib(gui_device.o)
    0x08002c10   0x00000024   Code   RO         1466    i.GUI_DEVICE__GetpDriver  STemWin522_CM4_Keil.lib(gui_device.o)
    0x08002c34   0x00000100   Code   RO         1778    i.GUI_DispString    STemWin522_CM4_Keil.lib(gui_dispstring.o)
    0x08002d34   0x00000010   Code   RO         1479    i.GUI_DispStringAt  STemWin522_CM4_Keil.lib(gui_dispstringat.o)
    0x08002d44   0x00000014   Code   RO         1487    i.GUI_GetBitsPerPixelEx  STemWin522_CM4_Keil.lib(lcd_getex.o)
    0x08002d58   0x0000000e   Code   RO         2029    i.GUI_GetBkColor    STemWin522_CM4_Keil.lib(gui_getcolor.o)
    0x08002d66   0x00000002   PAD
    0x08002d68   0x00000010   Code   RO         2006    i.GUI_GetCharDistX  STemWin522_CM4_Keil.lib(gui_char.o)
    0x08002d78   0x00000010   Code   RO         2007    i.GUI_GetCharDistXEx  STemWin522_CM4_Keil.lib(gui_char.o)
    0x08002d88   0x0000000e   Code   RO         2031    i.GUI_GetColor      STemWin522_CM4_Keil.lib(gui_getcolor.o)
    0x08002d96   0x00000002   PAD
    0x08002d98   0x00000010   Code   RO         2008    i.GUI_GetFontDistY  STemWin522_CM4_Keil.lib(gui_char.o)
    0x08002da8   0x00000030   Code   RO         2009    i.GUI_GetYAdjust    STemWin522_CM4_Keil.lib(gui_char.o)
    0x08002dd8   0x00000010   Code   RO         1488    i.GUI_GetpfColor2IndexEx  STemWin522_CM4_Keil.lib(lcd_getex.o)
    0x08002de8   0x00000010   Code   RO         1489    i.GUI_GetpfIndex2ColorEx  STemWin522_CM4_Keil.lib(lcd_getex.o)
    0x08002df8   0x00000014   Code   RO         1781    i.GUI_GotoXY        STemWin522_CM4_Keil.lib(gui_goto.o)
    0x08002e0c   0x00000064   Code   RO         1432    i.GUI_Init          STemWin522_CM4_Keil.lib(gui_core.o)
    0x08002e70   0x00000040   Code   RO         2134    i.GUI_MEMDEV_Delete  STemWin522_CM4_Keil.lib(guidev.o)
    0x08002eb0   0x00000024   Code   RO         2135    i.GUI_MEMDEV_GetBitsPerPixel  STemWin522_CM4_Keil.lib(guidev.o)
    0x08002ed4   0x00000016   Code   RO         2157    i.GUI_MEMDEV_GetDataPtr  STemWin522_CM4_Keil.lib(guidev_getdataptr.o)
    0x08002eea   0x0000003c   Code   RO         1865    i.GUI_MEMDEV__WriteToActiveOpaque  STemWin522_CM4_Keil.lib(guidev_writetoactiveopaque.o)
    0x08002f26   0x00000058   Code   RO         2037    i.GUI_MergeRect     STemWin522_CM4_Keil.lib(gui_mergerect.o)
    0x08002f7e   0x0000001e   Code   RO         2039    i.GUI_MoveRect      STemWin522_CM4_Keil.lib(gui_moverect.o)
    0x08002f9c   0x00000038   Code   RO         2061    i.GUI_RectsIntersect  STemWin522_CM4_Keil.lib(gui_rectsintersect.o)
    0x08002fd4   0x00000012   Code   RO         2318    i.GUI_SelectLCD     STemWin522_CM4_Keil.lib(gui_selectlcd.o)
    0x08002fe6   0x00000002   PAD
    0x08002fe8   0x00000024   Code   RO         2070    i.GUI_SelectLayer   STemWin522_CM4_Keil.lib(gui_selectlayer.o)
    0x0800300c   0x00000004   Code   RO         1481    i.GUI_SetBkColor    STemWin522_CM4_Keil.lib(gui_setcolor.o)
    0x08003010   0x00000004   Code   RO         1482    i.GUI_SetColor      STemWin522_CM4_Keil.lib(gui_setcolor.o)
    0x08003014   0x0000000c   Code   RO         1433    i.GUI_SetDefaultFont  STemWin522_CM4_Keil.lib(gui_core.o)
    0x08003020   0x00000014   Code   RO         1485    i.GUI_SetFont       STemWin522_CM4_Keil.lib(gui_setfont.o)
    0x08003034   0x00000038   Code   RO         1790    i.GUI_SetOrg        STemWin522_CM4_Keil.lib(gui_setorg.o)
    0x0800306c   0x00000010   Code   RO         2105    i.GUI_SignalEvent   STemWin522_CM4_Keil.lib(gui_waitevent.o)
    0x0800307c   0x00000010   Code   RO         2046    i.GUI_StoreKey      STemWin522_CM4_Keil.lib(gui_onkey.o)
    0x0800308c   0x0000002c   Code   RO         2092    i.GUI_UC__GetCharCodeInc  STemWin522_CM4_Keil.lib(gui_uc.o)
    0x080030b8   0x00000028   Code   RO         2094    i.GUI_UC__NumChars2NumBytes  STemWin522_CM4_Keil.lib(gui_uc.o)
    0x080030e0   0x00000028   Code   RO         1859    i.GUI_USAGE_AddRect  STemWin522_CM4_Keil.lib(guidev_usage.o)
    0x08003108   0x00000024   Code   RO         1860    i.GUI_USAGE_DecUseCnt  STemWin522_CM4_Keil.lib(guidev_usage.o)
    0x0800312c   0x00000128   Code   RO         1989    i.GUI__CompactPixelIndices  STemWin522_CM4_Keil.lib(gui__compactpixelindices.o)
    0x08003254   0x00000034   Code   RO         1435    i.GUI__Config       STemWin522_CM4_Keil.lib(gui_core.o)
    0x08003288   0x000000b0   Code   RO         2016    i.GUI__DispLine     STemWin522_CM4_Keil.lib(gui_charline.o)
    0x08003338   0x00000054   Code   RO         2017    i.GUI__GetLineDistX  STemWin522_CM4_Keil.lib(gui_charline.o)
    0x0800338c   0x00000038   Code   RO         2018    i.GUI__GetLineNumChars  STemWin522_CM4_Keil.lib(gui_charline.o)
    0x080033c4   0x00000018   Code   RO         2019    i.GUI__GetOverlap   STemWin522_CM4_Keil.lib(gui_charline.o)
    0x080033dc   0x0000003a   Code   RO         1993    i.GUI__IntersectRect  STemWin522_CM4_Keil.lib(gui__intersectrect.o)
    0x08003416   0x00000052   Code   RO         1995    i.GUI__IntersectRects  STemWin522_CM4_Keil.lib(gui__intersectrects.o)
    0x08003468   0x00000010   Code   RO         1997    i.GUI__ManageCache  STemWin522_CM4_Keil.lib(gui__managecache.o)
    0x08003478   0x000000ac   Code   RO         1998    i.GUI__ManageCacheEx  STemWin522_CM4_Keil.lib(gui__managecache.o)
    0x08003524   0x00000010   Code   RO         1436    i.GUI__RegisterExit  STemWin522_CM4_Keil.lib(gui_core.o)
    0x08003534   0x0000004c   Code   RO         1756    i.GUI__memset       STemWin522_CM4_Keil.lib(gui__memset.o)
    0x08003580   0x0000003a   Code   RO         1758    i.GUI__memset16     STemWin522_CM4_Keil.lib(gui__memset16.o)
    0x080035ba   0x00000002   PAD
    0x080035bc   0x0000001c   Code   RO         1805    i.LCD_Color2Index   STemWin522_CM4_Keil.lib(lcd.o)
    0x080035d8   0x00000208   Code   RO         1806    i.LCD_DrawBitmap    STemWin522_CM4_Keil.lib(lcd.o)
    0x080037e0   0x00000058   Code   RO         1807    i.LCD_DrawHLine     STemWin522_CM4_Keil.lib(lcd.o)
    0x08003838   0x00000068   Code   RO         1808    i.LCD_DrawPixel     STemWin522_CM4_Keil.lib(lcd.o)
    0x080038a0   0x00000058   Code   RO         1810    i.LCD_FillRect      STemWin522_CM4_Keil.lib(lcd.o)
    0x080038f8   0x00000006   Code   RO         1491    i.LCD_GetBitsPerPixelEx  STemWin522_CM4_Keil.lib(lcd_getex.o)
    0x080038fe   0x00000002   PAD
    0x08003900   0x00000010   Code   RO         2446    i.LCD_GetBkColorIndex  STemWin522_CM4_Keil.lib(lcd_getcolorindex.o)
    0x08003910   0x00000010   Code   RO         2447    i.LCD_GetColorIndex  STemWin522_CM4_Keil.lib(lcd_getcolorindex.o)
    0x08003920   0x00000010   Code   RO         1498    i.LCD_GetNumColors  STemWin522_CM4_Keil.lib(lcd_getex.o)
    0x08003930   0x00000006   Code   RO         1499    i.LCD_GetNumColorsEx  STemWin522_CM4_Keil.lib(lcd_getex.o)
    0x08003936   0x0000001a   Code   RO         2126    i.LCD_GetNumLayers  STemWin522_CM4_Keil.lib(lcd_getnumdisplays.o)
    0x08003950   0x00000010   Code   RO         1500    i.LCD_GetPalette    STemWin522_CM4_Keil.lib(lcd_getex.o)
    0x08003960   0x00000018   Code   RO         1501    i.LCD_GetPaletteEx  STemWin522_CM4_Keil.lib(lcd_getex.o)
    0x08003978   0x00000004   Code   RO         1844    i.LCD_GetpPalConvTableBM  STemWin522_CM4_Keil.lib(lcd_color.o)
    0x0800397c   0x00000048   Code   RO         1845    i.LCD_GetpPalConvTableUncached  STemWin522_CM4_Keil.lib(lcd_color.o)
    0x080039c4   0x0000001c   Code   RO         1811    i.LCD_Index2Color   STemWin522_CM4_Keil.lib(lcd.o)
    0x080039e0   0x0000002c   Code   RO         1803    i.LCD_Index2Color_M565  STemWin522_CM4_Keil.lib(guicc_m565_index2color.o)
    0x08003a0c   0x00000034   Code   RO         1846    i.LCD_InitColors    STemWin522_CM4_Keil.lib(lcd_color.o)
    0x08003a40   0x00000070   Code   RO         1847    i.LCD_InitLUT       STemWin522_CM4_Keil.lib(lcd_color.o)
    0x08003ab0   0x00000044   Code   RO         2689    i.LCD_SelectLCD     STemWin522_CM4_Keil.lib(lcd_selectlcd.o)
    0x08003af4   0x0000000c   Code   RO         1812    i.LCD_SetBkColor    STemWin522_CM4_Keil.lib(lcd.o)
    0x08003b00   0x00000018   Code   RO         1813    i.LCD_SetBkColorIndex  STemWin522_CM4_Keil.lib(lcd.o)
    0x08003b18   0x00000030   Code   RO         2128    i.LCD_SetClipRectEx  STemWin522_CM4_Keil.lib(lcd_setcliprectex.o)
    0x08003b48   0x0000001c   Code   RO         1814    i.LCD_SetClipRectMax  STemWin522_CM4_Keil.lib(lcd.o)
    0x08003b64   0x0000000c   Code   RO         1815    i.LCD_SetColor      STemWin522_CM4_Keil.lib(lcd.o)
    0x08003b70   0x00000018   Code   RO         1816    i.LCD_SetColorIndex  STemWin522_CM4_Keil.lib(lcd.o)
    0x08003b88   0x0000000c   Code   RO         1817    i.LCD_SetDrawMode   STemWin522_CM4_Keil.lib(lcd.o)
    0x08003b94   0x0000002c   Code   RO         1579    i.LCD_SetLUTEntryEx  STemWin522_CM4_Keil.lib(lcd_set.o)
    0x08003bc0   0x0000002c   Code   RO         1583    i.LCD_SetSizeEx     STemWin522_CM4_Keil.lib(lcd_set.o)
    0x08003bec   0x0000002c   Code   RO         1587    i.LCD_SetVSizeEx    STemWin522_CM4_Keil.lib(lcd_set.o)
    0x08003c18   0x00000024   Code   RO         2450    i.LCD_UpdateColorIndices  STemWin522_CM4_Keil.lib(lcd_updatecolorindices.o)
    0x08003c3c   0x000001b4   Code   RO         1818    i.LCD__DrawBitmap_1bpp  STemWin522_CM4_Keil.lib(lcd.o)
    0x08003df0   0x0000005c   Code   RO         1522    i.LCD__GetBPP       STemWin522_CM4_Keil.lib(lcd_getex.o)
    0x08003e4c   0x00000032   Code   RO         1523    i.LCD__GetBPPDevice  STemWin522_CM4_Keil.lib(lcd_getex.o)
    0x08003e7e   0x00000002   PAD
    0x08003e80   0x00000010   Code   RO         1874    i.WM_Activate       STemWin522_CM4_Keil.lib(wm.o)
    0x08003e90   0x0000007e   Code   RO         2183    i.WM_BringToBottom  STemWin522_CM4_Keil.lib(wm_bringtobottom.o)
    0x08003f0e   0x00000002   PAD
    0x08003f10   0x0000014c   Code   RO         1876    i.WM_CreateWindowAsChild  STemWin522_CM4_Keil.lib(wm.o)
    0x0800405c   0x00000046   Code   RO         1878    i.WM_DefaultProc    STemWin522_CM4_Keil.lib(wm.o)
    0x080040a2   0x00000002   PAD
    0x080040a4   0x00000018   Code   RO         1987    i.WM_GetDesktopWindow  STemWin522_CM4_Keil.lib(wm_getdesktopwindow.o)
    0x080040bc   0x0000000e   Code   RO         2195    i.WM_GetFirstChild  STemWin522_CM4_Keil.lib(wm_getfirstchild.o)
    0x080040ca   0x0000000e   Code   RO         2532    i.WM_GetParent      STemWin522_CM4_Keil.lib(wm_getparent.o)
    0x080040d8   0x000000d4   Code   RO         1882    i.WM_Init           STemWin522_CM4_Keil.lib(wm.o)
    0x080041ac   0x00000076   Code   RO         1883    i.WM_InvalidateRect  STemWin522_CM4_Keil.lib(wm.o)
    0x08004222   0x00000006   Code   RO         1884    i.WM_InvalidateWindow  STemWin522_CM4_Keil.lib(wm.o)
    0x08004228   0x0000005e   Code   RO         1885    i.WM_InvalidateWindowAndDescsEx  STemWin522_CM4_Keil.lib(wm.o)
    0x08004286   0x00000002   PAD
    0x08004288   0x0000003c   Code   RO         1886    i.WM_SelectWindow   STemWin522_CM4_Keil.lib(wm.o)
    0x080042c4   0x0000001e   Code   RO         2201    i.WM_SendToParent   STemWin522_CM4_Keil.lib(wm_sendtoparent.o)
    0x080042e2   0x00000002   PAD
    0x080042e4   0x00000048   Code   RO         1889    i.WM__ActivateClipRect  STemWin522_CM4_Keil.lib(wm.o)
    0x0800432c   0x00000010   Code   RO         2185    i.WM__AddCriticalHandle  STemWin522_CM4_Keil.lib(wm_criticalhandle.o)
    0x0800433c   0x00000010   Code   RO         1890    i.WM__Client2Screen  STemWin522_CM4_Keil.lib(wm.o)
    0x0800434c   0x0000004e   Code   RO         1891    i.WM__ClipAtParentBorders  STemWin522_CM4_Keil.lib(wm.o)
    0x0800439a   0x00000020   Code   RO         2191    i.WM__GetClientRectEx  STemWin522_CM4_Keil.lib(wm_getclientrect.o)
    0x080043ba   0x00000018   Code   RO         1894    i.WM__GetClientRectWin  STemWin522_CM4_Keil.lib(wm.o)
    0x080043d2   0x00000012   Code   RO         2693    i.WM__GetFirstSibling  STemWin522_CM4_Keil.lib(wm__getfirstsibling.o)
    0x080043e4   0x00000040   Code   RO         1895    i.WM__GetNextIVR    STemWin522_CM4_Keil.lib(wm.o)
    0x08004424   0x00000024   Code   RO         2520    i.WM__GetPrevSibling  STemWin522_CM4_Keil.lib(wm__getprevsibling.o)
    0x08004448   0x00000018   Code   RO         1896    i.WM__GetTopLevelLayer  STemWin522_CM4_Keil.lib(wm.o)
    0x08004460   0x000000f0   Code   RO         1897    i.WM__InitIVRSearch  STemWin522_CM4_Keil.lib(wm.o)
    0x08004550   0x000000a4   Code   RO         1898    i.WM__InsertWindowIntoList  STemWin522_CM4_Keil.lib(wm.o)
    0x080045f4   0x00000006   Code   RO         1899    i.WM__Invalidate1Abs  STemWin522_CM4_Keil.lib(wm.o)
    0x080045fa   0x00000046   Code   RO         1900    i.WM__InvalidateDrawAndDescs  STemWin522_CM4_Keil.lib(wm.o)
    0x08004640   0x00000076   Code   RO         1902    i.WM__InvalidateRect  STemWin522_CM4_Keil.lib(wm.o)
    0x080046b6   0x00000006   Code   RO         1903    i.WM__InvalidateRectEx  STemWin522_CM4_Keil.lib(wm.o)
    0x080046bc   0x00000020   Code   RO         1908    i.WM__RectIsNZ      STemWin522_CM4_Keil.lib(wm.o)
    0x080046dc   0x00000014   Code   RO         1911    i.WM__SelectTopLevelLayer  STemWin522_CM4_Keil.lib(wm.o)
    0x080046f0   0x0000003c   Code   RO         2180    i.WM__SendMessage   STemWin522_CM4_Keil.lib(wm__sendmessage.o)
    0x0800472c   0x0000000e   Code   RO         1912    i.WM__SendMsgNoData  STemWin522_CM4_Keil.lib(wm.o)
    0x0800473a   0x00000002   PAD
    0x0800473c   0x00000078   Code   RO         1381    i._AddFreeMemory    STemWin522_CM4_Keil.lib(gui_alloc.o)
    0x080047b4   0x000000bc   Code   RO         1382    i._Alloc            STemWin522_CM4_Keil.lib(gui_alloc.o)
    0x08004870   0x00000004   Code   RO         1793    i._CalcSizeOfChar   STemWin522_CM4_Keil.lib(gui_uc_encodenone.o)
    0x08004874   0x0000004c   Code   RO         1348    i._Color2IndexBulk  STemWin522_CM4_Keil.lib(guicc_m565.o)
    0x080048c0   0x00000054   Code   RO         2117    i._Color2Index_0    STemWin522_CM4_Keil.lib(guicc_0.o)
    0x08004914   0x0000002c   Code   RO         1349    i._Color2Index_M565  STemWin522_CM4_Keil.lib(guicc_m565.o)
    0x08004940   0x0000003e   Code   RO         1866    i._Convert16        STemWin522_CM4_Keil.lib(guidev_writetoactiveopaque.o)
    0x0800497e   0x00000002   PAD
    0x08004980   0x00000020   Code   RO         1914    i._DesktopHandle2Index  STemWin522_CM4_Keil.lib(wm.o)
    0x080049a0   0x00000074   Code   RO         2020    i._DispLine         STemWin522_CM4_Keil.lib(gui_charline.o)
    0x08004a14   0x00000140   Code   RO         1719    i._DrawBitLine1BPP  STemWin522_CM4_Keil.lib(guidev_16.o)
    0x08004b54   0x000000e0   Code   RO         1720    i._DrawBitLine2BPP  STemWin522_CM4_Keil.lib(guidev_16.o)
    0x08004c34   0x00000158   Code   RO         1721    i._DrawBitLine4BPP  STemWin522_CM4_Keil.lib(guidev_16.o)
    0x08004d8c   0x000002b0   Code   RO         1722    i._DrawBitmap       STemWin522_CM4_Keil.lib(guidev_16.o)
    0x0800503c   0x0000000a   Code   RO         1723    i._DrawHLine        STemWin522_CM4_Keil.lib(guidev_16.o)
    0x08005046   0x00000002   PAD
    0x08005048   0x000000b8   Code   RO         1724    i._DrawVLine        STemWin522_CM4_Keil.lib(guidev_16.o)
    0x08005100   0x00000006   Code   RO         1794    i._Encode           STemWin522_CM4_Keil.lib(gui_uc_encodenone.o)
    0x08005106   0x00000002   PAD
    0x08005108   0x00000094   Code   RO         1383    i._EnlargeBlocks    STemWin522_CM4_Keil.lib(gui_alloc.o)
    0x0800519c   0x000000ac   Code   RO         1725    i._FillRect         STemWin522_CM4_Keil.lib(guidev_16.o)
    0x08005248   0x00000148   Code   RO         1917    i._FindNext_IVR     STemWin522_CM4_Keil.lib(wm.o)
    0x08005390   0x0000007c   Code   RO         1918    i._Findx0           STemWin522_CM4_Keil.lib(wm.o)
    0x0800540c   0x00000072   Code   RO         1919    i._Findx1           STemWin522_CM4_Keil.lib(wm.o)
    0x0800547e   0x000000a2   Code   RO         1920    i._Findy1           STemWin522_CM4_Keil.lib(wm.o)
    0x08005520   0x00000004   Code   RO         1795    i._GetCharCode      STemWin522_CM4_Keil.lib(gui_uc_encodenone.o)
    0x08005524   0x00000004   Code   RO         1796    i._GetCharSize      STemWin522_CM4_Keil.lib(gui_uc_encodenone.o)
    0x08005528   0x00000010   Code   RO         1726    i._GetDevData       STemWin522_CM4_Keil.lib(guidev_16.o)
    0x08005538   0x00000010   Code   RO         1727    i._GetDevFunc       STemWin522_CM4_Keil.lib(guidev_16.o)
    0x08005548   0x0000001e   Code   RO         1524    i._GetDevProp       STemWin522_CM4_Keil.lib(lcd_getex.o)
    0x08005566   0x00000008   Code   RO         1728    i._GetDevProp       STemWin522_CM4_Keil.lib(guidev_16.o)
    0x0800556e   0x00000052   Code   RO         2118    i._GetIndexMask_0   STemWin522_CM4_Keil.lib(guicc_0.o)
    0x080055c0   0x00000006   Code   RO         1350    i._GetIndexMask_M565  STemWin522_CM4_Keil.lib(guicc_m565.o)
    0x080055c6   0x00000002   PAD
    0x080055c8   0x0000001c   Code   RO         1384    i._GetMinIndex      STemWin522_CM4_Keil.lib(gui_alloc.o)
    0x080055e4   0x0000000e   Code   RO         1729    i._GetPixelIndex    STemWin522_CM4_Keil.lib(guidev_16.o)
    0x080055f2   0x00000030   Code   RO         1730    i._GetRect          STemWin522_CM4_Keil.lib(guidev_16.o)
    0x08005622   0x00000002   PAD
    0x08005624   0x00000010   Code   RO         1783    i._GotoX            STemWin522_CM4_Keil.lib(gui_goto.o)
    0x08005634   0x00000010   Code   RO         1784    i._GotoY            STemWin522_CM4_Keil.lib(gui_goto.o)
    0x08005644   0x00000058   Code   RO         1351    i._Index2ColorBulk  STemWin522_CM4_Keil.lib(guicc_m565.o)
    0x0800569c   0x00000020   Code   RO         2119    i._Index2Color_0    STemWin522_CM4_Keil.lib(guicc_0.o)
    0x080056bc   0x00000070   Code   RO         1437    i._InitContext      STemWin522_CM4_Keil.lib(gui_core.o)
    0x0800572c   0x000000a4   Code   RO         1385    i._InitOnce         STemWin522_CM4_Keil.lib(gui_alloc.o)
    0x080057d0   0x00000080   Code   RO         1921    i._Invalidate1Abs   STemWin522_CM4_Keil.lib(wm.o)
    0x08005850   0x00000002   Code   RO         2021    i._Log2VisBuffered  STemWin522_CM4_Keil.lib(gui_charline.o)
    0x08005852   0x00000002   PAD
    0x08005854   0x00000034   Code   RO         1386    i._OnExit           STemWin522_CM4_Keil.lib(gui_alloc.o)
    0x08005888   0x0000002c   Code   RO         1438    i._OnExit           STemWin522_CM4_Keil.lib(gui_core.o)
    0x080058b4   0x00000014   Code   RO         1849    i._OnExit           STemWin522_CM4_Keil.lib(lcd_color.o)
    0x080058c8   0x00000034   Code   RO         1922    i._OnExit           STemWin522_CM4_Keil.lib(wm.o)
    0x080058fc   0x00000040   Code   RO         1387    i._PopFreeBlock     STemWin522_CM4_Keil.lib(gui_alloc.o)
    0x0800593c   0x00000024   Code   RO         1388    i._PushFreeBlock    STemWin522_CM4_Keil.lib(gui_alloc.o)
    0x08005960   0x00000034   Code   RO         1389    i._RemoveFreeBlock  STemWin522_CM4_Keil.lib(gui_alloc.o)
    0x08005994   0x000000a0   Code   RO         1390    i._RemoveHoles      STemWin522_CM4_Keil.lib(gui_alloc.o)
    0x08005a34   0x00000020   Code   RO         1819    i._SetBkColor       STemWin522_CM4_Keil.lib(lcd.o)
    0x08005a54   0x0000004c   Code   RO         1926    i._SetClipRectUserIntersect  STemWin522_CM4_Keil.lib(wm.o)
    0x08005aa0   0x00000020   Code   RO         1820    i._SetColor         STemWin522_CM4_Keil.lib(lcd.o)
    0x08005ac0   0x0000002c   Code   RO         1821    i._SetDrawMode      STemWin522_CM4_Keil.lib(lcd.o)
    0x08005aec   0x00000008   Code   RO         1731    i._SetOrg           STemWin522_CM4_Keil.lib(guidev_16.o)
    0x08005af4   0x00000048   Code   RO         1732    i._SetPixelIndex    STemWin522_CM4_Keil.lib(guidev_16.o)
    0x08005b3c   0x000000ea   Code   RO         1391    i._TestRAM          STemWin522_CM4_Keil.lib(gui_alloc.o)
    0x08005c26   0x00000002   PAD
    0x08005c28   0x00000030   Code   RO         1467    i._UnlinkDevice     STemWin522_CM4_Keil.lib(gui_device.o)
    0x08005c58   0x0000000e   Code   RO         1392    i._WriteTagData     STemWin522_CM4_Keil.lib(gui_alloc.o)
    0x08005c66   0x00000002   PAD
    0x08005c68   0x00000330   Code   RO         1867    i._WriteToActiveOpaque_8  STemWin522_CM4_Keil.lib(guidev_writetoactiveopaque.o)
    0x08005f98   0x000002f8   Code   RO         1868    i._WriteToActiveOpaque_HT  STemWin522_CM4_Keil.lib(guidev_writetoactiveopaque.o)
    0x08006290   0x0000003c   Code   RO         1733    i._XY2PTR           STemWin522_CM4_Keil.lib(guidev_16.o)
    0x080062cc   0x00000054   Code   RO         1734    i._XorPixel         STemWin522_CM4_Keil.lib(guidev_16.o)
    0x08006320   0x00000050   Code   RO         1928    i.cbBackWin         STemWin522_CM4_Keil.lib(wm.o)
    0x08006370   0x0000008a   Code   RO         1822    i.emWin_LCD_Init    STemWin522_CM4_Keil.lib(lcd.o)
    0x080063fa   0x0000000a   Code   RO         2827    x$fpl$fpinit        fz_wm.l(fpinit.o)
    0x08006404   0x0000001c   Data   RO          600    .constdata          stm32f4xx_fsmc.o
    0x08006420   0x00000034   Data   RO         1146    .constdata          guidrv_template.o
    0x08006454   0x00000018   Data   RO         1352    .constdata          STemWin522_CM4_Keil.lib(guicc_m565.o)
    0x0800646c   0x00000008   Data   RO         1440    .constdata          STemWin522_CM4_Keil.lib(gui_core.o)
    0x08006474   0x00000018   Data   RO         1615    .constdata          STemWin522_CM4_Keil.lib(f24_ascii.o)
    0x0800648c   0x00000018   Data   RO         1616    .constdata          STemWin522_CM4_Keil.lib(f24_ascii.o)
    0x080064a4   0x00000018   Data   RO         1617    .constdata          STemWin522_CM4_Keil.lib(f24_ascii.o)
    0x080064bc   0x00000030   Data   RO         1618    .constdata          STemWin522_CM4_Keil.lib(f24_ascii.o)
    0x080064ec   0x00000030   Data   RO         1619    .constdata          STemWin522_CM4_Keil.lib(f24_ascii.o)
    0x0800651c   0x00000048   Data   RO         1620    .constdata          STemWin522_CM4_Keil.lib(f24_ascii.o)
    0x08006564   0x00000030   Data   RO         1621    .constdata          STemWin522_CM4_Keil.lib(f24_ascii.o)
    0x08006594   0x00000018   Data   RO         1622    .constdata          STemWin522_CM4_Keil.lib(f24_ascii.o)
    0x080065ac   0x00000018   Data   RO         1623    .constdata          STemWin522_CM4_Keil.lib(f24_ascii.o)
    0x080065c4   0x00000018   Data   RO         1624    .constdata          STemWin522_CM4_Keil.lib(f24_ascii.o)
    0x080065dc   0x00000018   Data   RO         1625    .constdata          STemWin522_CM4_Keil.lib(f24_ascii.o)
    0x080065f4   0x00000030   Data   RO         1626    .constdata          STemWin522_CM4_Keil.lib(f24_ascii.o)
    0x08006624   0x00000018   Data   RO         1627    .constdata          STemWin522_CM4_Keil.lib(f24_ascii.o)
    0x0800663c   0x00000018   Data   RO         1628    .constdata          STemWin522_CM4_Keil.lib(f24_ascii.o)
    0x08006654   0x00000018   Data   RO         1629    .constdata          STemWin522_CM4_Keil.lib(f24_ascii.o)
    0x0800666c   0x00000018   Data   RO         1630    .constdata          STemWin522_CM4_Keil.lib(f24_ascii.o)
    0x08006684   0x00000030   Data   RO         1631    .constdata          STemWin522_CM4_Keil.lib(f24_ascii.o)
    0x080066b4   0x00000030   Data   RO         1632    .constdata          STemWin522_CM4_Keil.lib(f24_ascii.o)
    0x080066e4   0x00000030   Data   RO         1633    .constdata          STemWin522_CM4_Keil.lib(f24_ascii.o)
    0x08006714   0x00000030   Data   RO         1634    .constdata          STemWin522_CM4_Keil.lib(f24_ascii.o)
    0x08006744   0x00000030   Data   RO         1635    .constdata          STemWin522_CM4_Keil.lib(f24_ascii.o)
    0x08006774   0x00000030   Data   RO         1636    .constdata          STemWin522_CM4_Keil.lib(f24_ascii.o)
    0x080067a4   0x00000030   Data   RO         1637    .constdata          STemWin522_CM4_Keil.lib(f24_ascii.o)
    0x080067d4   0x00000030   Data   RO         1638    .constdata          STemWin522_CM4_Keil.lib(f24_ascii.o)
    0x08006804   0x00000030   Data   RO         1639    .constdata          STemWin522_CM4_Keil.lib(f24_ascii.o)
    0x08006834   0x00000030   Data   RO         1640    .constdata          STemWin522_CM4_Keil.lib(f24_ascii.o)
    0x08006864   0x00000018   Data   RO         1641    .constdata          STemWin522_CM4_Keil.lib(f24_ascii.o)
    0x0800687c   0x00000018   Data   RO         1642    .constdata          STemWin522_CM4_Keil.lib(f24_ascii.o)
    0x08006894   0x00000030   Data   RO         1643    .constdata          STemWin522_CM4_Keil.lib(f24_ascii.o)
    0x080068c4   0x00000030   Data   RO         1644    .constdata          STemWin522_CM4_Keil.lib(f24_ascii.o)
    0x080068f4   0x00000030   Data   RO         1645    .constdata          STemWin522_CM4_Keil.lib(f24_ascii.o)
    0x08006924   0x00000030   Data   RO         1646    .constdata          STemWin522_CM4_Keil.lib(f24_ascii.o)
    0x08006954   0x00000048   Data   RO         1647    .constdata          STemWin522_CM4_Keil.lib(f24_ascii.o)
    0x0800699c   0x00000030   Data   RO         1648    .constdata          STemWin522_CM4_Keil.lib(f24_ascii.o)
    0x080069cc   0x00000030   Data   RO         1649    .constdata          STemWin522_CM4_Keil.lib(f24_ascii.o)
    0x080069fc   0x00000030   Data   RO         1650    .constdata          STemWin522_CM4_Keil.lib(f24_ascii.o)
    0x08006a2c   0x00000030   Data   RO         1651    .constdata          STemWin522_CM4_Keil.lib(f24_ascii.o)
    0x08006a5c   0x00000030   Data   RO         1652    .constdata          STemWin522_CM4_Keil.lib(f24_ascii.o)
    0x08006a8c   0x00000030   Data   RO         1653    .constdata          STemWin522_CM4_Keil.lib(f24_ascii.o)
    0x08006abc   0x00000030   Data   RO         1654    .constdata          STemWin522_CM4_Keil.lib(f24_ascii.o)
    0x08006aec   0x00000030   Data   RO         1655    .constdata          STemWin522_CM4_Keil.lib(f24_ascii.o)
    0x08006b1c   0x00000018   Data   RO         1656    .constdata          STemWin522_CM4_Keil.lib(f24_ascii.o)
    0x08006b34   0x00000030   Data   RO         1657    .constdata          STemWin522_CM4_Keil.lib(f24_ascii.o)
    0x08006b64   0x00000030   Data   RO         1658    .constdata          STemWin522_CM4_Keil.lib(f24_ascii.o)
    0x08006b94   0x00000030   Data   RO         1659    .constdata          STemWin522_CM4_Keil.lib(f24_ascii.o)
    0x08006bc4   0x00000048   Data   RO         1660    .constdata          STemWin522_CM4_Keil.lib(f24_ascii.o)
    0x08006c0c   0x00000030   Data   RO         1661    .constdata          STemWin522_CM4_Keil.lib(f24_ascii.o)
    0x08006c3c   0x00000030   Data   RO         1662    .constdata          STemWin522_CM4_Keil.lib(f24_ascii.o)
    0x08006c6c   0x00000030   Data   RO         1663    .constdata          STemWin522_CM4_Keil.lib(f24_ascii.o)
    0x08006c9c   0x00000030   Data   RO         1664    .constdata          STemWin522_CM4_Keil.lib(f24_ascii.o)
    0x08006ccc   0x00000030   Data   RO         1665    .constdata          STemWin522_CM4_Keil.lib(f24_ascii.o)
    0x08006cfc   0x00000030   Data   RO         1666    .constdata          STemWin522_CM4_Keil.lib(f24_ascii.o)
    0x08006d2c   0x00000030   Data   RO         1667    .constdata          STemWin522_CM4_Keil.lib(f24_ascii.o)
    0x08006d5c   0x00000030   Data   RO         1668    .constdata          STemWin522_CM4_Keil.lib(f24_ascii.o)
    0x08006d8c   0x00000030   Data   RO         1669    .constdata          STemWin522_CM4_Keil.lib(f24_ascii.o)
    0x08006dbc   0x00000048   Data   RO         1670    .constdata          STemWin522_CM4_Keil.lib(f24_ascii.o)
    0x08006e04   0x00000030   Data   RO         1671    .constdata          STemWin522_CM4_Keil.lib(f24_ascii.o)
    0x08006e34   0x00000030   Data   RO         1672    .constdata          STemWin522_CM4_Keil.lib(f24_ascii.o)
    0x08006e64   0x00000030   Data   RO         1673    .constdata          STemWin522_CM4_Keil.lib(f24_ascii.o)
    0x08006e94   0x00000018   Data   RO         1674    .constdata          STemWin522_CM4_Keil.lib(f24_ascii.o)
    0x08006eac   0x00000018   Data   RO         1675    .constdata          STemWin522_CM4_Keil.lib(f24_ascii.o)
    0x08006ec4   0x00000018   Data   RO         1676    .constdata          STemWin522_CM4_Keil.lib(f24_ascii.o)
    0x08006edc   0x00000018   Data   RO         1677    .constdata          STemWin522_CM4_Keil.lib(f24_ascii.o)
    0x08006ef4   0x00000030   Data   RO         1678    .constdata          STemWin522_CM4_Keil.lib(f24_ascii.o)
    0x08006f24   0x00000018   Data   RO         1679    .constdata          STemWin522_CM4_Keil.lib(f24_ascii.o)
    0x08006f3c   0x00000030   Data   RO         1680    .constdata          STemWin522_CM4_Keil.lib(f24_ascii.o)
    0x08006f6c   0x00000030   Data   RO         1681    .constdata          STemWin522_CM4_Keil.lib(f24_ascii.o)
    0x08006f9c   0x00000030   Data   RO         1682    .constdata          STemWin522_CM4_Keil.lib(f24_ascii.o)
    0x08006fcc   0x00000030   Data   RO         1683    .constdata          STemWin522_CM4_Keil.lib(f24_ascii.o)
    0x08006ffc   0x00000030   Data   RO         1684    .constdata          STemWin522_CM4_Keil.lib(f24_ascii.o)
    0x0800702c   0x00000018   Data   RO         1685    .constdata          STemWin522_CM4_Keil.lib(f24_ascii.o)
    0x08007044   0x00000030   Data   RO         1686    .constdata          STemWin522_CM4_Keil.lib(f24_ascii.o)
    0x08007074   0x00000030   Data   RO         1687    .constdata          STemWin522_CM4_Keil.lib(f24_ascii.o)
    0x080070a4   0x00000018   Data   RO         1688    .constdata          STemWin522_CM4_Keil.lib(f24_ascii.o)
    0x080070bc   0x00000018   Data   RO         1689    .constdata          STemWin522_CM4_Keil.lib(f24_ascii.o)
    0x080070d4   0x00000030   Data   RO         1690    .constdata          STemWin522_CM4_Keil.lib(f24_ascii.o)
    0x08007104   0x00000018   Data   RO         1691    .constdata          STemWin522_CM4_Keil.lib(f24_ascii.o)
    0x0800711c   0x00000030   Data   RO         1692    .constdata          STemWin522_CM4_Keil.lib(f24_ascii.o)
    0x0800714c   0x00000030   Data   RO         1693    .constdata          STemWin522_CM4_Keil.lib(f24_ascii.o)
    0x0800717c   0x00000030   Data   RO         1694    .constdata          STemWin522_CM4_Keil.lib(f24_ascii.o)
    0x080071ac   0x00000030   Data   RO         1695    .constdata          STemWin522_CM4_Keil.lib(f24_ascii.o)
    0x080071dc   0x00000030   Data   RO         1696    .constdata          STemWin522_CM4_Keil.lib(f24_ascii.o)
    0x0800720c   0x00000018   Data   RO         1697    .constdata          STemWin522_CM4_Keil.lib(f24_ascii.o)
    0x08007224   0x00000030   Data   RO         1698    .constdata          STemWin522_CM4_Keil.lib(f24_ascii.o)
    0x08007254   0x00000018   Data   RO         1699    .constdata          STemWin522_CM4_Keil.lib(f24_ascii.o)
    0x0800726c   0x00000030   Data   RO         1700    .constdata          STemWin522_CM4_Keil.lib(f24_ascii.o)
    0x0800729c   0x00000030   Data   RO         1701    .constdata          STemWin522_CM4_Keil.lib(f24_ascii.o)
    0x080072cc   0x00000030   Data   RO         1702    .constdata          STemWin522_CM4_Keil.lib(f24_ascii.o)
    0x080072fc   0x00000030   Data   RO         1703    .constdata          STemWin522_CM4_Keil.lib(f24_ascii.o)
    0x0800732c   0x00000030   Data   RO         1704    .constdata          STemWin522_CM4_Keil.lib(f24_ascii.o)
    0x0800735c   0x00000030   Data   RO         1705    .constdata          STemWin522_CM4_Keil.lib(f24_ascii.o)
    0x0800738c   0x00000018   Data   RO         1706    .constdata          STemWin522_CM4_Keil.lib(f24_ascii.o)
    0x080073a4   0x00000018   Data   RO         1707    .constdata          STemWin522_CM4_Keil.lib(f24_ascii.o)
    0x080073bc   0x00000018   Data   RO         1708    .constdata          STemWin522_CM4_Keil.lib(f24_ascii.o)
    0x080073d4   0x00000030   Data   RO         1709    .constdata          STemWin522_CM4_Keil.lib(f24_ascii.o)
    0x08007404   0x000002f8   Data   RO         1710    .constdata          STemWin522_CM4_Keil.lib(f24_ascii.o)
    0x080076fc   0x0000000c   Data   RO         1711    .constdata          STemWin522_CM4_Keil.lib(f24_ascii.o)
    0x08007708   0x00000024   Data   RO         1712    .constdata          STemWin522_CM4_Keil.lib(f24_ascii.o)
    0x0800772c   0x00000518   Data   RO         1713    .constdata          STemWin522_CM4_Keil.lib(f6x8.o)
    0x08007c44   0x000001c0   Data   RO         1714    .constdata          STemWin522_CM4_Keil.lib(f6x8.o)
    0x08007e04   0x00000008   Data   RO         1715    .constdata          STemWin522_CM4_Keil.lib(f6x8.o)
    0x08007e0c   0x00000014   Data   RO         1716    .constdata          STemWin522_CM4_Keil.lib(f6x8.o)
    0x08007e20   0x00000024   Data   RO         1717    .constdata          STemWin522_CM4_Keil.lib(f6x8.o)
    0x08007e44   0x00000074   Data   RO         1735    .constdata          STemWin522_CM4_Keil.lib(guidev_16.o)
    0x08007eb8   0x00000100   Data   RO         1752    .constdata          STemWin522_CM4_Keil.lib(gui__divtbl_255_31.o)
    0x08007fb8   0x00000100   Data   RO         1753    .constdata          STemWin522_CM4_Keil.lib(gui__divtbl_255_63.o)
    0x080080b8   0x00000020   Data   RO         1754    .constdata          STemWin522_CM4_Keil.lib(gui__divtbl_31_255.o)
    0x080080d8   0x00000040   Data   RO         1755    .constdata          STemWin522_CM4_Keil.lib(gui__divtbl_63_255.o)
    0x08008118   0x00000010   Data   RO         1797    .constdata          STemWin522_CM4_Keil.lib(gui_uc_encodenone.o)
    0x08008128   0x0000000c   Data   RO         1823    .constdata          STemWin522_CM4_Keil.lib(lcd.o)
    0x08008134   0x00000100   Data   RO         1858    .constdata          STemWin522_CM4_Keil.lib(lcd_mirror.o)
    0x08008234   0x00000008   Data   RO         1869    .constdata          STemWin522_CM4_Keil.lib(guidev_writetoactiveopaque.o)
    0x0800823c   0x00000018   Data   RO         2120    .constdata          STemWin522_CM4_Keil.lib(guicc_0.o)
    0x08008254   0x00000020   Data   RO         2894    Region$$Table       anon$$obj.o


    Execution Region RW_IRAM1 (Base: 0x20000000, Size: 0x00019d68, Max: 0x00020000, ABSOLUTE)

    Base Addr    Size         Type   Attr      Idx    E Section Name        Object

    0x20000000   0x00000014   Data   RW           14    .data               system_stm32f4xx.o
    0x20000014   0x00000010   Data   RW          843    .data               stm32f4xx_rcc.o
    0x20000024   0x00000004   Data   RW         1242    .data               gui_x.o
    0x20000028   0x0000000c   Data   RW         1290    .data               main.o
    0x20000034   0x00000008   Data   RW         1353    .data               STemWin522_CM4_Keil.lib(guicc_m565.o)
    0x2000003c   0x00000008   Data   RW         1394    .data               STemWin522_CM4_Keil.lib(gui_alloc.o)
    0x20000044   0x0000002c   Data   RW         1441    .data               STemWin522_CM4_Keil.lib(gui_core.o)
    0x20000070   0x00000004   Data   RW         1444    .data               STemWin522_CM4_Keil.lib(gui_core.o)
    0x20000074   0x00000004   Data   RW         1445    .data               STemWin522_CM4_Keil.lib(gui_core.o)
    0x20000078   0x00000002   Data   RW         1446    .data               STemWin522_CM4_Keil.lib(gui_core.o)
    0x2000007a   0x00000002   Data   RW         1447    .data               STemWin522_CM4_Keil.lib(gui_core.o)
    0x2000007c   0x00000004   Data   RW         1824    .data               STemWin522_CM4_Keil.lib(lcd.o)
    0x20000080   0x00000010   Data   RW         1850    .data               STemWin522_CM4_Keil.lib(lcd_color.o)
    0x20000090   0x00000058   Data   RW         1930    .data               STemWin522_CM4_Keil.lib(wm.o)
    0x200000e8   0x00000008   Data   RW         1999    .data               STemWin522_CM4_Keil.lib(gui__managecache.o)
    0x200000f0   0x00000004   Data   RW         2022    .data               STemWin522_CM4_Keil.lib(gui_charline.o)
    0x200000f4   0x0000000c   Data   RW         2051    .data               STemWin522_CM4_Keil.lib(gui_onkey.o)
    0x20000100   0x0000000c   Data   RW         2108    .data               STemWin522_CM4_Keil.lib(gui_waitevent.o)
    0x2000010c   0x00000004   Data   RW         2181    .data               STemWin522_CM4_Keil.lib(wm__sendmessage.o)
    0x20000110   0x00019000   Zero   RW         1106    .bss                guiconf.o
    0x20019110   0x000000c8   Zero   RW         1393    .bss                STemWin522_CM4_Keil.lib(gui_alloc.o)
    0x200191d8   0x00000078   Zero   RW         1439    .bss                STemWin522_CM4_Keil.lib(gui_core.o)
    0x20019250   0x00000018   Zero   RW         1929    .bss                STemWin522_CM4_Keil.lib(wm.o)
    0x20019268   0x00000058   Zero   RW         2050    .bss                STemWin522_CM4_Keil.lib(gui_onkey.o)
    0x200192c0   0x00000048   Zero   RW         2222    .bss                STemWin522_CM4_Keil.lib(wm_touch.o)
    0x20019308   0x00000060   Zero   RW         2771    .bss                c_w.l(libspace.o)
    0x20019368   0x00000200   Zero   RW            2    HEAP                startup_stm32f40xx.o
    0x20019568   0x00000800   Zero   RW            1    STACK               startup_stm32f40xx.o


==============================================================================

Image component sizes


      Code (inc. data)   RO Data    RW Data    ZI Data      Debug   Object Name

        60          6          0          4          0       1890   gui_x.o
        28          8          0          0     102400        523   guiconf.o
      2152         68         52          0          0      56139   guidrv_template.o
       128         12          0          0          0       1415   lcdconf_flexcolor_template.o
       164         20          0         12          0       1382   main.o
         0          0          0          0          0     233840   misc.o
      1280         20          0          0          0       3449   ssd1963.o
        64         26        392          0       2560        848   startup_stm32f40xx.o
      1736         78         28          0          0       6006   stm32f4xx_fsmc.o
       660         44          0          0          0       4109   stm32f4xx_gpio.o
        36          0          0          0          0       1354   stm32f4xx_it.o
      1628         52          0         16          0      12908   stm32f4xx_rcc.o
       616         48          0         20          0     296658   system_stm32f4xx.o

    ----------------------------------------------------------------------
      8552        382        504         52     104960     620521   Object Totals
         0          0         32          0          0          0   (incl. Generated)
         0          0          0          0          0          0   (incl. Padding)

    ----------------------------------------------------------------------

      Code (inc. data)   RO Data    RW Data    ZI Data      Debug   Library Member Name

         0          0       4792          0          0          0   f24_ascii.o
         0          0       1816          0          0          0   f6x8.o
       296          0          0          0          0        124   gui__compactpixelindices.o
         0          0        256          0          0          0   gui__divtbl_255_31.o
         0          0        256          0          0          0   gui__divtbl_255_63.o
         0          0         32          0          0          0   gui__divtbl_31_255.o
         0          0         64          0          0          0   gui__divtbl_63_255.o
        58          0          0          0          0        116   gui__intersectrect.o
        82          0          0          0          0        128   gui__intersectrects.o
       188          8          0          8          0        248   gui__managecache.o
        76          0          0          0          0        124   gui__memset.o
        58          0          0          0          0        124   gui__memset16.o
      1634         88          0          8        200       2508   gui_alloc.o
        36          0          0          0          0        128   gui_alloc_alloczero.o
        68          0          0          0          0        124   gui_calccolordist.o
        96         22          0          0          0        464   gui_char.o
       458         36          0          4          0        760   gui_charline.o
       394         12          0          0          0        492   gui_charm.o
       312         12          0          0          0        624   gui_charp.o
       460         78          8         56        120       1004   gui_core.o
       340         22          0          0          0        852   gui_device.o
       256          4          0          0          0        136   gui_dispstring.o
        16          4          0          0          0        116   gui_dispstringat.o
        28          0          0          0          0        256   gui_getcolor.o
        52         12          0          0          0        360   gui_goto.o
        88          0          0          0          0        124   gui_mergerect.o
        30          0          0          0          0        116   gui_moverect.o
        16          4          0         12         88        116   gui_onkey.o
        56          0          0          0          0        116   gui_rectsintersect.o
        36          8          0          0          0        128   gui_selectlayer.o
        18          0          0          0          0        128   gui_selectlcd.o
         8          0          0          0          0        232   gui_setcolor.o
        20          6          0          0          0        116   gui_setfont.o
        56         18          0          0          0        128   gui_setorg.o
        84         10          0          0          0        264   gui_uc.o
        18          0         16          0          0        464   gui_uc_encodenone.o
        16          4          0         12          0        116   gui_waitevent.o
       198          0         24          0          0        388   guicc_0.o
       214         36         24          8          0        528   guicc_m565.o
        44         10          0          0          0        124   guicc_m565_index2color.o
       100          6          0          0          0        256   guidev.o
      2268         60        116          0          0       2092   guidev_16.o
        22          0          0          0          0        128   guidev_getdataptr.o
        76          0          0          0          0        260   guidev_usage.o
      1698         18          8          0          0        576   guidev_writetoactiveopaque.o
      1650        110         12          4          0       2156   lcd.o
       260         26          0         16          0        628   lcd_color.o
        32         12          0          0          0        232   lcd_getcolorindex.o
       292         24          0          0          0       1312   lcd_getex.o
        26          0          0          0          0        128   lcd_getnumdisplays.o
         0          0        256          0          0          0   lcd_mirror.o
        68         10          0          0          0        128   lcd_selectlcd.o
       132          0          0          0          0        396   lcd_set.o
        48         10          0          0          0        128   lcd_setcliprectex.o
        36          4          0          0          0        128   lcd_updatecolorindices.o
      2952        128          0         88         24       4092   wm.o
        18          0          0          0          0        124   wm__getfirstsibling.o
        36          0          0          0          0        128   wm__getprevsibling.o
        60          6          0          4          0        136   wm__sendmessage.o
       126          0          0          0          0        140   wm_bringtobottom.o
        16          6          0          0          0        116   wm_criticalhandle.o
        32          0          0          0          0        128   wm_getclientrect.o
        24         10          0          0          0        116   wm_getdesktopwindow.o
        14          0          0          0          0        124   wm_getfirstchild.o
        14          0          0          0          0        124   wm_getparent.o
        30          0          0          0          0        140   wm_sendtoparent.o
         0          0          0          0         72          0   wm_touch.o
         8          0          0          0          0         68   __main.o
        52          8          0          0          0          0   __scatter.o
        26          0          0          0          0          0   __scatter_copy.o
        28          0          0          0          0          0   __scatter_zi.o
        12          0          0          0          0         72   exit.o
         6          0          0          0          0        152   heapauxi.o
         0          0          0          0          0          0   indicate_semi.o
         2          0          0          0          0          0   libinit.o
         6          0          0          0          0          0   libinit2.o
         2          0          0          0          0          0   libshutdown.o
         2          0          0          0          0          0   libshutdown2.o
         8          4          0          0         96         68   libspace.o
       138          0          0          0          0         68   rt_memcpy_v6.o
       100          0          0          0          0         80   rt_memcpy_w.o
       132          0          0          0          0         68   rt_memmove_v6.o
       122          0          0          0          0         80   rt_memmove_w.o
         0          0          0          0          0          0   rtentry.o
        12          0          0          0          0          0   rtentry2.o
         6          0          0          0          0          0   rtentry4.o
         2          0          0          0          0          0   rtexit.o
        10          0          0          0          0          0   rtexit2.o
        12          4          0          0          0         68   sys_exit.o
        74          0          0          0          0         80   sys_stackheap_outer.o
         2          0          0          0          0         68   use_no_semi.o
        10          0          0          0          0        116   fpinit.o

    ----------------------------------------------------------------------
     16660        840       7680        220        600      26680   Library Totals
        48          0          0          0          0          0   (incl. Padding)

    ----------------------------------------------------------------------

      Code (inc. data)   RO Data    RW Data    ZI Data      Debug   Library Name

     15840        824       7680        220        504      25692   STemWin522_CM4_Keil.lib
       762         16          0          0         96        872   c_w.l
        10          0          0          0          0        116   fz_wm.l

    ----------------------------------------------------------------------
     16660        840       7680        220        600      26680   Library Totals

    ----------------------------------------------------------------------

==============================================================================


      Code (inc. data)   RO Data    RW Data    ZI Data      Debug   

     25212       1222       8184        272     105560     624433   Grand Totals
     25212       1222       8184        272     105560     624433   ELF Image Totals
     25212       1222       8184        272          0          0   ROM Totals

==============================================================================

    Total RO  Size (Code + RO Data)                33396 (  32.61kB)
    Total RW  Size (RW Data + ZI Data)            105832 ( 103.35kB)
    Total ROM Size (Code + RO Data + RW Data)      33668 (  32.88kB)

==============================================================================

