ARM Linker, 5.03 [Build 76] [MDK-ARM Professional]

==============================================================================

Section Cross References

    startup_stm32f40xx.o(RESET) refers to startup_stm32f40xx.o(STACK) for __initial_sp
    startup_stm32f40xx.o(RESET) refers to startup_stm32f40xx.o(.text) for Reset_Handler
    startup_stm32f40xx.o(RESET) refers to stm32f4xx_it.o(.text) for NMI_Handler
    startup_stm32f40xx.o(RESET) refers to my_disco_bsp.o(.text) for SPI2_IRQHandler
    startup_stm32f40xx.o(.text) refers to system_stm32f4xx.o(.text) for SystemInit
    startup_stm32f40xx.o(.text) refers to entry.o(.ARM.Collect$$$$00000000) for __main
    system_stm32f4xx.o(.text) refers to system_stm32f4xx.o(.data) for SystemCoreClock
    stm32f4xx_adc.o(.text) refers to stm32f4xx_rcc.o(.text) for RCC_APB2PeriphResetCmd
    stm32f4xx_can.o(.text) refers to stm32f4xx_rcc.o(.text) for RCC_APB1PeriphResetCmd
    stm32f4xx_cryp.o(.text) refers to stm32f4xx_rcc.o(.text) for RCC_AHB2PeriphResetCmd
    stm32f4xx_cryp_aes.o(.text) refers to stm32f4xx_cryp.o(.text) for CRYP_KeyStructInit
    stm32f4xx_cryp_des.o(.text) refers to stm32f4xx_cryp.o(.text) for CRYP_KeyStructInit
    stm32f4xx_cryp_tdes.o(.text) refers to stm32f4xx_cryp.o(.text) for CRYP_KeyStructInit
    stm32f4xx_dac.o(.text) refers to stm32f4xx_rcc.o(.text) for RCC_APB1PeriphResetCmd
    stm32f4xx_dma2d.o(.text) refers to stm32f4xx_rcc.o(.text) for RCC_AHB1PeriphResetCmd
    stm32f4xx_fsmc.o(.text) refers to stm32f4xx_fsmc.o(.constdata) for FSMC_DefaultTimingStruct
    stm32f4xx_gpio.o(.text) refers to stm32f4xx_rcc.o(.text) for RCC_AHB1PeriphResetCmd
    stm32f4xx_hash.o(.text) refers to stm32f4xx_rcc.o(.text) for RCC_AHB2PeriphResetCmd
    stm32f4xx_hash_md5.o(.text) refers to stm32f4xx_hash.o(.text) for HASH_DeInit
    stm32f4xx_hash_sha1.o(.text) refers to stm32f4xx_hash.o(.text) for HASH_DeInit
    stm32f4xx_i2c.o(.text) refers to stm32f4xx_rcc.o(.text) for RCC_APB1PeriphResetCmd
    stm32f4xx_ltdc.o(.text) refers to stm32f4xx_rcc.o(.text) for RCC_APB2PeriphResetCmd
    stm32f4xx_pwr.o(.text) refers to stm32f4xx_rcc.o(.text) for RCC_APB1PeriphResetCmd
    stm32f4xx_rcc.o(.text) refers to stm32f4xx_rcc.o(.data) for APBAHBPrescTable
    stm32f4xx_rng.o(.text) refers to stm32f4xx_rcc.o(.text) for RCC_AHB2PeriphResetCmd
    stm32f4xx_sai.o(.text) refers to stm32f4xx_rcc.o(.text) for RCC_APB2PeriphResetCmd
    stm32f4xx_sdio.o(.text) refers to stm32f4xx_rcc.o(.text) for RCC_APB2PeriphResetCmd
    stm32f4xx_spi.o(.text) refers to stm32f4xx_rcc.o(.text) for RCC_APB2PeriphResetCmd
    stm32f4xx_syscfg.o(.text) refers to stm32f4xx_rcc.o(.text) for RCC_APB2PeriphResetCmd
    stm32f4xx_tim.o(.text) refers to stm32f4xx_rcc.o(.text) for RCC_APB2PeriphResetCmd
    stm32f4xx_usart.o(.text) refers to stm32f4xx_rcc.o(.text) for RCC_APB2PeriphResetCmd
    stm32f4xx_wwdg.o(.text) refers to stm32f4xx_rcc.o(.text) for RCC_APB1PeriphResetCmd
    guiconf.o(.text) refers to gui_alloc.o(i.GUI_ALLOC_AssignMemory) for GUI_ALLOC_AssignMemory
    guiconf.o(.text) refers to gui_core.o(i.GUI_SetDefaultFont) for GUI_SetDefaultFont
    guiconf.o(.text) refers to guiconf.o(.bss) for aMemory
    guiconf.o(.text) refers to f8x16.o(.constdata) for GUI_Font8x16
    guidrv_template.o(.text) refers to ssd1963.o(.text) for SSD1963_Point
    guidrv_template.o(.text) refers to gui_core.o(.data) for GUI_pContext
    guidrv_template.o(.text) refers to gui_alloc.o(i.GUI_ALLOC_GetFixedBlock) for GUI_ALLOC_GetFixedBlock
    guidrv_template.o(.text) refers to lcd_getex.o(i.LCD__GetBPP) for LCD__GetBPP
    guidrv_template.o(.text) refers to lcdconf_flexcolor_template.o(.text) for LCD_X_DisplayDriver
    guidrv_template.o(.text) refers to guidev_16.o(.constdata) for GUI_MEMDEV_DEVICE_16
    guidrv_template.o(.constdata) refers to guidrv_template.o(.text) for _DrawBitmap
    lcdconf_flexcolor_template.o(.text) refers to gui_device.o(i.GUI_DEVICE_CreateAndLink) for GUI_DEVICE_CreateAndLink
    lcdconf_flexcolor_template.o(.text) refers to lcd_set.o(i.LCD_SetSizeEx) for LCD_SetSizeEx
    lcdconf_flexcolor_template.o(.text) refers to lcd_set.o(i.LCD_SetVSizeEx) for LCD_SetVSizeEx
    lcdconf_flexcolor_template.o(.text) refers to ssd1963.o(.text) for SSD1963_Init
    lcdconf_flexcolor_template.o(.text) refers to guicc_m565.o(.constdata) for LCD_API_ColorConv_M565
    lcdconf_flexcolor_template.o(.text) refers to guidrv_template.o(.constdata) for GUIDRV_Template_API
    gui_x.o(.text) refers to ssd1963.o(.text) for SSD1963_Init
    gui_x.o(.text) refers to gui_x.o(.data) for OS_TimeMS
    my_disco_bsp.o(.text) refers to stm32f4xx_rcc.o(.text) for RCC_AHB1PeriphClockCmd
    my_disco_bsp.o(.text) refers to stm32f4xx_gpio.o(.text) for GPIO_Init
    my_disco_bsp.o(.text) refers to stm32f4xx_spi.o(.text) for SPI_I2S_DeInit
    my_disco_bsp.o(.text) refers to stm32f4xx_usart.o(.text) for USART_Init
    my_disco_bsp.o(.text) refers to my_disco_bsp.o(.data) for ubTxIndex
[...]
    CAN1_RX1_IRQHandler                      0x080001b7   Thumb Code     0  startup_stm32f40xx.o(.text)
    CAN1_SCE_IRQHandler                      0x080001b7   Thumb Code     0  startup_stm32f40xx.o(.text)
    CAN1_TX_IRQHandler                       0x080001b7   Thumb Code     0  startup_stm32f40xx.o(.text)
    CAN2_RX0_IRQHandler                      0x080001b7   Thumb Code     0  startup_stm32f40xx.o(.text)
    CAN2_RX1_IRQHandler                      0x080001b7   Thumb Code     0  startup_stm32f40xx.o(.text)
    CAN2_SCE_IRQHandler                      0x080001b7   Thumb Code     0  startup_stm32f40xx.o(.text)
    CAN2_TX_IRQHandler                       0x080001b7   Thumb Code     0  startup_stm32f40xx.o(.text)
    CRYP_IRQHandler                          0x080001b7   Thumb Code     0  startup_stm32f40xx.o(.text)
    DCMI_IRQHandler                          0x080001b7   Thumb Code     0  startup_stm32f40xx.o(.text)
    DMA1_Stream0_IRQHandler                  0x080001b7   Thumb Code     0  startup_stm32f40xx.o(.text)
    DMA1_Stream1_IRQHandler                  0x080001b7   Thumb Code     0  startup_stm32f40xx.o(.text)
    DMA1_Stream2_IRQHandler                  0x080001b7   Thumb Code     0  startup_stm32f40xx.o(.text)
    DMA1_Stream3_IRQHandler                  0x080001b7   Thumb Code     0  startup_stm32f40xx.o(.text)
    DMA1_Stream4_IRQHandler                  0x080001b7   Thumb Code     0  startup_stm32f40xx.o(.text)
    DMA1_Stream5_IRQHandler                  0x080001b7   Thumb Code     0  startup_stm32f40xx.o(.text)
    DMA1_Stream6_IRQHandler                  0x080001b7   Thumb Code     0  startup_stm32f40xx.o(.text)
    DMA1_Stream7_IRQHandler                  0x080001b7   Thumb Code     0  startup_stm32f40xx.o(.text)
    DMA2_Stream0_IRQHandler                  0x080001b7   Thumb Code     0  startup_stm32f40xx.o(.text)
    DMA2_Stream1_IRQHandler                  0x080001b7   Thumb Code     0  startup_stm32f40xx.o(.text)
    DMA2_Stream2_IRQHandler                  0x080001b7   Thumb Code     0  startup_stm32f40xx.o(.text)
    DMA2_Stream3_IRQHandler                  0x080001b7   Thumb Code     0  startup_stm32f40xx.o(.text)
    DMA2_Stream4_IRQHandler                  0x080001b7   Thumb Code     0  startup_stm32f40xx.o(.text)
    DMA2_Stream5_IRQHandler                  0x080001b7   Thumb Code     0  startup_stm32f40xx.o(.text)
    DMA2_Stream6_IRQHandler                  0x080001b7   Thumb Code     0  startup_stm32f40xx.o(.text)
    DMA2_Stream7_IRQHandler                  0x080001b7   Thumb Code     0  startup_stm32f40xx.o(.text)
    ETH_IRQHandler                           0x080001b7   Thumb Code     0  startup_stm32f40xx.o(.text)
    ETH_WKUP_IRQHandler                      0x080001b7   Thumb Code     0  startup_stm32f40xx.o(.text)
    EXTI0_IRQHandler                         0x080001b7   Thumb Code     0  startup_stm32f40xx.o(.text)
    EXTI15_10_IRQHandler                     0x080001b7   Thumb Code     0  startup_stm32f40xx.o(.text)
    EXTI1_IRQHandler                         0x080001b7   Thumb Code     0  startup_stm32f40xx.o(.text)
    EXTI2_IRQHandler                         0x080001b7   Thumb Code     0  startup_stm32f40xx.o(.text)
    EXTI3_IRQHandler                         0x080001b7   Thumb Code     0  startup_stm32f40xx.o(.text)
    EXTI4_IRQHandler                         0x080001b7   Thumb Code     0  startup_stm32f40xx.o(.text)
    EXTI9_5_IRQHandler                       0x080001b7   Thumb Code     0  startup_stm32f40xx.o(.text)
    FLASH_IRQHandler                         0x080001b7   Thumb Code     0  startup_stm32f40xx.o(.text)
    FPU_IRQHandler                           0x080001b7   Thumb Code     0  startup_stm32f40xx.o(.text)
    FSMC_IRQHandler                          0x080001b7   Thumb Code     0  startup_stm32f40xx.o(.text)
    HASH_RNG_IRQHandler                      0x080001b7   Thumb Code     0  startup_stm32f40xx.o(.text)
    I2C1_ER_IRQHandler                       0x080001b7   Thumb Code     0  startup_stm32f40xx.o(.text)
    I2C1_EV_IRQHandler                       0x080001b7   Thumb Code     0  startup_stm32f40xx.o(.text)
    I2C2_ER_IRQHandler                       0x080001b7   Thumb Code     0  startup_stm32f40xx.o(.text)
    I2C2_EV_IRQHandler                       0x080001b7   Thumb Code     0  startup_stm32f40xx.o(.text)
    I2C3_ER_IRQHandler                       0x080001b7   Thumb Code     0  startup_stm32f40xx.o(.text)
    I2C3_EV_IRQHandler                       0x080001b7   Thumb Code     0  startup_stm32f40xx.o(.text)
    OTG_FS_IRQHandler                        0x080001b7   Thumb Code     0  startup_stm32f40xx.o(.text)
    OTG_FS_WKUP_IRQHandler                   0x080001b7   Thumb Code     0  startup_stm32f40xx.o(.text)
    OTG_HS_EP1_IN_IRQHandler                 0x080001b7   Thumb Code     0  startup_stm32f40xx.o(.text)
    OTG_HS_EP1_OUT_IRQHandler                0x080001b7   Thumb Code     0  startup_stm32f40xx.o(.text)
    OTG_HS_IRQHandler                        0x080001b7   Thumb Code     0  startup_stm32f40xx.o(.text)
    OTG_HS_WKUP_IRQHandler                   0x080001b7   Thumb Code     0  startup_stm32f40xx.o(.text)
    PVD_IRQHandler                           0x080001b7   Thumb Code     0  startup_stm32f40xx.o(.text)
    RCC_IRQHandler                           0x080001b7   Thumb Code     0  startup_stm32f40xx.o(.text)
    RTC_Alarm_IRQHandler                     0x080001b7   Thumb Code     0  startup_stm32f40xx.o(.text)
    RTC_WKUP_IRQHandler                      0x080001b7   Thumb Code     0  startup_stm32f40xx.o(.text)
    SDIO_IRQHandler                          0x080001b7   Thumb Code     0  startup_stm32f40xx.o(.text)
    SPI1_IRQHandler                          0x080001b7   Thumb Code     0  startup_stm32f40xx.o(.text)
    SPI3_IRQHandler                          0x080001b7   Thumb Code     0  startup_stm32f40xx.o(.text)
    TAMP_STAMP_IRQHandler                    0x080001b7   Thumb Code     0  startup_stm32f40xx.o(.text)
    TIM1_BRK_TIM9_IRQHandler                 0x080001b7   Thumb Code     0  startup_stm32f40xx.o(.text)
    TIM1_CC_IRQHandler                       0x080001b7   Thumb Code     0  startup_stm32f40xx.o(.text)
    TIM1_TRG_COM_TIM11_IRQHandler            0x080001b7   Thumb Code     0  startup_stm32f40xx.o(.text)
    TIM1_UP_TIM10_IRQHandler                 0x080001b7   Thumb Code     0  startup_stm32f40xx.o(.text)
    TIM2_IRQHandler                          0x080001b7   Thumb Code     0  startup_stm32f40xx.o(.text)
    TIM3_IRQHandler                          0x080001b7   Thumb Code     0  startup_stm32f40xx.o(.text)
    TIM4_IRQHandler                          0x080001b7   Thumb Code     0  startup_stm32f40xx.o(.text)
    TIM5_IRQHandler                          0x080001b7   Thumb Code     0  startup_stm32f40xx.o(.text)
    TIM6_DAC_IRQHandler                      0x080001b7   Thumb Code     0  startup_stm32f40xx.o(.text)
    TIM7_IRQHandler                          0x080001b7   Thumb Code     0  startup_stm32f40xx.o(.text)
    TIM8_BRK_TIM12_IRQHandler                0x080001b7   Thumb Code     0  startup_stm32f40xx.o(.text)
    TIM8_CC_IRQHandler                       0x080001b7   Thumb Code     0  startup_stm32f40xx.o(.text)
    TIM8_TRG_COM_TIM14_IRQHandler            0x080001b7   Thumb Code     0  startup_stm32f40xx.o(.text)
    TIM8_UP_TIM13_IRQHandler                 0x080001b7   Thumb Code     0  startup_stm32f40xx.o(.text)
    UART4_IRQHandler                         0x080001b7   Thumb Code     0  startup_stm32f40xx.o(.text)
    UART5_IRQHandler                         0x080001b7   Thumb Code     0  startup_stm32f40xx.o(.text)
    USART1_IRQHandler                        0x080001b7   Thumb Code     0  startup_stm32f40xx.o(.text)
    USART2_IRQHandler                        0x080001b7   Thumb Code     0  startup_stm32f40xx.o(.text)
    USART3_IRQHandler                        0x080001b7   Thumb Code     0  startup_stm32f40xx.o(.text)
    USART6_IRQHandler                        0x080001b7   Thumb Code     0  startup_stm32f40xx.o(.text)
    WWDG_IRQHandler                          0x080001b7   Thumb Code     0  startup_stm32f40xx.o(.text)
    SystemInit                               0x0800029b   Thumb Code   176  system_stm32f4xx.o(.text)
    SystemCoreClockUpdate                    0x0800034b   Thumb Code   174  system_stm32f4xx.o(.text)
    FSMC_NORSRAMDeInit                       0x08000429   Thumb Code    56  stm32f4xx_fsmc.o(.text)
    FSMC_NORSRAMInit                         0x08000461   Thumb Code   288  stm32f4xx_fsmc.o(.text)
    FSMC_NORSRAMStructInit                   0x08000581   Thumb Code    48  stm32f4xx_fsmc.o(.text)
    FSMC_NORSRAMCmd                          0x080005b1   Thumb Code    46  stm32f4xx_fsmc.o(.text)
    FSMC_NANDDeInit                          0x080005df   Thumb Code    62  stm32f4xx_fsmc.o(.text)
    FSMC_NANDInit                            0x0800061d   Thumb Code   214  stm32f4xx_fsmc.o(.text)
    FSMC_NANDStructInit                      0x080006f3   Thumb Code    54  stm32f4xx_fsmc.o(.text)
    FSMC_NANDCmd                             0x08000729   Thumb Code    86  stm32f4xx_fsmc.o(.text)
    FSMC_NANDECCCmd                          0x0800077f   Thumb Code    86  stm32f4xx_fsmc.o(.text)
    FSMC_GetECC                              0x080007d5   Thumb Code    22  stm32f4xx_fsmc.o(.text)
    FSMC_PCCARDDeInit                        0x080007eb   Thumb Code    40  stm32f4xx_fsmc.o(.text)
    FSMC_PCCARDInit                          0x08000813   Thumb Code   246  stm32f4xx_fsmc.o(.text)
    FSMC_PCCARDStructInit                    0x08000909   Thumb Code    60  stm32f4xx_fsmc.o(.text)
    FSMC_PCCARDCmd                           0x08000945   Thumb Code    40  stm32f4xx_fsmc.o(.text)
    FSMC_ITConfig                            0x0800096d   Thumb Code   128  stm32f4xx_fsmc.o(.text)
    FSMC_GetFlagStatus                       0x080009ed   Thumb Code    48  stm32f4xx_fsmc.o(.text)
    FSMC_ClearFlag                           0x08000a1d   Thumb Code    62  stm32f4xx_fsmc.o(.text)
    FSMC_GetITStatus                         0x08000a5b   Thumb Code    60  stm32f4xx_fsmc.o(.text)
    FSMC_ClearITPendingBit                   0x08000a97   Thumb Code    64  stm32f4xx_fsmc.o(.text)
    GPIO_DeInit                              0x08000af1   Thumb Code   268  stm32f4xx_gpio.o(.text)
    GPIO_Init                                0x08000bfd   Thumb Code   144  stm32f4xx_gpio.o(.text)
    GPIO_StructInit                          0x08000c8d   Thumb Code    18  stm32f4xx_gpio.o(.text)
    GPIO_PinLockConfig                       0x08000c9f   Thumb Code    34  stm32f4xx_gpio.o(.text)
    GPIO_ReadInputDataBit                    0x08000cc1   Thumb Code    18  stm32f4xx_gpio.o(.text)
    GPIO_ReadInputData                       0x08000cd3   Thumb Code     8  stm32f4xx_gpio.o(.text)
    GPIO_ReadOutputDataBit                   0x08000cdb   Thumb Code    18  stm32f4xx_gpio.o(.text)
    GPIO_ReadOutputData                      0x08000ced   Thumb Code     8  stm32f4xx_gpio.o(.text)
    GPIO_SetBits                             0x08000cf5   Thumb Code     4  stm32f4xx_gpio.o(.text)
    GPIO_ResetBits                           0x08000cf9   Thumb Code     4  stm32f4xx_gpio.o(.text)
    GPIO_WriteBit                            0x08000cfd   Thumb Code    10  stm32f4xx_gpio.o(.text)
    GPIO_Write                               0x08000d07   Thumb Code     4  stm32f4xx_gpio.o(.text)
    GPIO_ToggleBits                          0x08000d0b   Thumb Code     8  stm32f4xx_gpio.o(.text)
    GPIO_PinAFConfig                         0x08000d13   Thumb Code    70  stm32f4xx_gpio.o(.text)
    RCC_DeInit                               0x08000d85   Thumb Code    82  stm32f4xx_rcc.o(.text)
    RCC_HSEConfig                            0x08000dd7   Thumb Code    14  stm32f4xx_rcc.o(.text)
    RCC_GetFlagStatus                        0x08000de5   Thumb Code    60  stm32f4xx_rcc.o(.text)
    RCC_WaitForHSEStartUp                    0x08000e21   Thumb Code    56  stm32f4xx_rcc.o(.text)
    RCC_AdjustHSICalibrationValue            0x08000e59   Thumb Code    20  stm32f4xx_rcc.o(.text)
    RCC_HSICmd                               0x08000e6d   Thumb Code     6  stm32f4xx_rcc.o(.text)
    RCC_LSEConfig                            0x08000e73   Thumb Code    46  stm32f4xx_rcc.o(.text)
    RCC_LSICmd                               0x08000ea1   Thumb Code     6  stm32f4xx_rcc.o(.text)
    RCC_PLLConfig                            0x08000ea7   Thumb Code    32  stm32f4xx_rcc.o(.text)
    RCC_PLLCmd                               0x08000ec7   Thumb Code     6  stm32f4xx_rcc.o(.text)
    RCC_PLLI2SConfig                         0x08000ecd   Thumb Code    14  stm32f4xx_rcc.o(.text)
    RCC_PLLI2SCmd                            0x08000edb   Thumb Code     6  stm32f4xx_rcc.o(.text)
    RCC_PLLSAIConfig                         0x08000ee1   Thumb Code    20  stm32f4xx_rcc.o(.text)
    RCC_PLLSAICmd                            0x08000ef5   Thumb Code     6  stm32f4xx_rcc.o(.text)
    RCC_ClockSecuritySystemCmd               0x08000efb   Thumb Code     6  stm32f4xx_rcc.o(.text)
    RCC_MCO1Config                           0x08000f01   Thumb Code    28  stm32f4xx_rcc.o(.text)
    RCC_MCO2Config                           0x08000f1d   Thumb Code    28  stm32f4xx_rcc.o(.text)
    RCC_SYSCLKConfig                         0x08000f39   Thumb Code    20  stm32f4xx_rcc.o(.text)
    RCC_GetSYSCLKSource                      0x08000f4d   Thumb Code    12  stm32f4xx_rcc.o(.text)
    RCC_HCLKConfig                           0x08000f59   Thumb Code    20  stm32f4xx_rcc.o(.text)
    RCC_PCLK1Config                          0x08000f6d   Thumb Code    20  stm32f4xx_rcc.o(.text)
    RCC_PCLK2Config                          0x08000f81   Thumb Code    22  stm32f4xx_rcc.o(.text)
    RCC_GetClocksFreq                        0x08000f97   Thumb Code   222  stm32f4xx_rcc.o(.text)
    RCC_RTCCLKConfig                         0x08001075   Thumb Code    54  stm32f4xx_rcc.o(.text)
    RCC_RTCCLKCmd                            0x080010ab   Thumb Code     8  stm32f4xx_rcc.o(.text)
    RCC_BackupResetCmd                       0x080010b3   Thumb Code     8  stm32f4xx_rcc.o(.text)
    RCC_I2SCLKConfig                         0x080010bb   Thumb Code     6  stm32f4xx_rcc.o(.text)
    RCC_SAIBlockACLKConfig                   0x080010c1   Thumb Code    20  stm32f4xx_rcc.o(.text)
    RCC_SAIBlockBCLKConfig                   0x080010d5   Thumb Code    20  stm32f4xx_rcc.o(.text)
    RCC_SAIPLLI2SClkDivConfig                0x080010e9   Thumb Code    26  stm32f4xx_rcc.o(.text)
    RCC_SAIPLLSAIClkDivConfig                0x08001103   Thumb Code    28  stm32f4xx_rcc.o(.text)
    RCC_LTDCCLKDivConfig                     0x0800111f   Thumb Code    20  stm32f4xx_rcc.o(.text)
    RCC_TIMCLKPresConfig                     0x08001133   Thumb Code     6  stm32f4xx_rcc.o(.text)
    RCC_AHB1PeriphClockCmd                   0x08001139   Thumb Code    34  stm32f4xx_rcc.o(.text)
    RCC_AHB2PeriphClockCmd                   0x0800115b   Thumb Code    78  stm32f4xx_rcc.o(.text)
    RCC_AHB3PeriphClockCmd                   0x080011a9   Thumb Code    34  stm32f4xx_rcc.o(.text)
    RCC_APB1PeriphClockCmd                   0x080011cb   Thumb Code    34  stm32f4xx_rcc.o(.text)
    RCC_APB2PeriphClockCmd                   0x080011ed   Thumb Code    34  stm32f4xx_rcc.o(.text)
    RCC_AHB1PeriphResetCmd                   0x0800120f   Thumb Code    34  stm32f4xx_rcc.o(.text)
    RCC_AHB2PeriphResetCmd                   0x08001231   Thumb Code    34  stm32f4xx_rcc.o(.text)
    RCC_AHB3PeriphResetCmd                   0x08001253   Thumb Code    34  stm32f4xx_rcc.o(.text)
    RCC_APB1PeriphResetCmd                   0x08001275   Thumb Code    34  stm32f4xx_rcc.o(.text)
    RCC_APB2PeriphResetCmd                   0x08001297   Thumb Code    34  stm32f4xx_rcc.o(.text)
    RCC_AHB1PeriphClockLPModeCmd             0x080012b9   Thumb Code    34  stm32f4xx_rcc.o(.text)
    RCC_AHB2PeriphClockLPModeCmd             0x080012db   Thumb Code    34  stm32f4xx_rcc.o(.text)
    RCC_AHB3PeriphClockLPModeCmd             0x080012fd   Thumb Code    34  stm32f4xx_rcc.o(.text)
    RCC_APB1PeriphClockLPModeCmd             0x0800131f   Thumb Code    34  stm32f4xx_rcc.o(.text)
    RCC_APB2PeriphClockLPModeCmd             0x08001341   Thumb Code    34  stm32f4xx_rcc.o(.text)
    RCC_LSEModeConfig                        0x08001363   Thumb Code    40  stm32f4xx_rcc.o(.text)
    RCC_ITConfig                             0x0800138b   Thumb Code    34  stm32f4xx_rcc.o(.text)
    RCC_ClearFlag                            0x080013ad   Thumb Code    18  stm32f4xx_rcc.o(.text)
    RCC_GetITStatus                          0x080013bf   Thumb Code    22  stm32f4xx_rcc.o(.text)
    RCC_ClearITPendingBit                    0x080013d5   Thumb Code     8  stm32f4xx_rcc.o(.text)
    SPI_I2S_DeInit                           0x080013e1   Thumb Code   152  stm32f4xx_spi.o(.text)
    SPI_Init                                 0x08001479   Thumb Code    60  stm32f4xx_spi.o(.text)
    I2S_Init                                 0x080014b5   Thumb Code   392  stm32f4xx_spi.o(.text)
    SPI_StructInit                           0x0800163d   Thumb Code    24  stm32f4xx_spi.o(.text)
    I2S_StructInit                           0x08001655   Thumb Code    20  stm32f4xx_spi.o(.text)
    SPI_Cmd                                  0x08001669   Thumb Code    24  stm32f4xx_spi.o(.text)
    I2S_Cmd                                  0x08001681   Thumb Code    24  stm32f4xx_spi.o(.text)
    SPI_DataSizeConfig                       0x08001699   Thumb Code    18  stm32f4xx_spi.o(.text)
    SPI_BiDirectionalLineConfig              0x080016ab   Thumb Code    28  stm32f4xx_spi.o(.text)
    SPI_NSSInternalSoftwareConfig            0x080016c7   Thumb Code    30  stm32f4xx_spi.o(.text)
    SPI_SSOutputCmd                          0x080016e5   Thumb Code    24  stm32f4xx_spi.o(.text)
    SPI_TIModeCmd                            0x080016fd   Thumb Code    24  stm32f4xx_spi.o(.text)
    I2S_FullDuplexConfig                     0x08001715   Thumb Code    80  stm32f4xx_spi.o(.text)
    SPI_I2S_ReceiveData                      0x08001765   Thumb Code     6  stm32f4xx_spi.o(.text)
    SPI_I2S_SendData                         0x0800176b   Thumb Code     4  stm32f4xx_spi.o(.text)
    SPI_CalculateCRC                         0x0800176f   Thumb Code    24  stm32f4xx_spi.o(.text)
    SPI_TransmitCRC                          0x08001787   Thumb Code    10  stm32f4xx_spi.o(.text)
    SPI_GetCRC                               0x08001791   Thumb Code    16  stm32f4xx_spi.o(.text)
    SPI_GetCRCPolynomial                     0x080017a1   Thumb Code     6  stm32f4xx_spi.o(.text)
    SPI_I2S_DMACmd                           0x080017a7   Thumb Code    18  stm32f4xx_spi.o(.text)
    SPI_I2S_ITConfig                         0x080017b9   Thumb Code    68  stm32f4xx_spi.o(.text)
    SPI_I2S_GetFlagStatus                    0x080017fd   Thumb Code    18  stm32f4xx_spi.o(.text)
    SPI_I2S_ClearFlag                        0x0800180f   Thumb Code     6  stm32f4xx_spi.o(.text)
    SPI_I2S_GetITStatus                      0x08001815   Thumb Code    52  stm32f4xx_spi.o(.text)
    SPI_I2S_ClearITPendingBit                0x08001849   Thumb Code    20  stm32f4xx_spi.o(.text)
    USART_DeInit                             0x0800185d   Thumb Code   206  stm32f4xx_usart.o(.text)
    USART_Init                               0x0800192b   Thumb Code   204  stm32f4xx_usart.o(.text)
    USART_StructInit                         0x080019f7   Thumb Code    24  stm32f4xx_usart.o(.text)
    USART_ClockInit                          0x08001a0f   Thumb Code    32  stm32f4xx_usart.o(.text)
    USART_ClockStructInit                    0x08001a2f   Thumb Code    12  stm32f4xx_usart.o(.text)
    USART_Cmd                                0x08001a3b   Thumb Code    24  stm32f4xx_usart.o(.text)
    USART_SetPrescaler                       0x08001a53   Thumb Code    16  stm32f4xx_usart.o(.text)
    USART_OverSampling8Cmd                   0x08001a63   Thumb Code    22  stm32f4xx_usart.o(.text)
    USART_OneBitMethodCmd                    0x08001a79   Thumb Code    24  stm32f4xx_usart.o(.text)
    USART_SendData                           0x08001a91   Thumb Code     8  stm32f4xx_usart.o(.text)
    USART_ReceiveData                        0x08001a99   Thumb Code    10  stm32f4xx_usart.o(.text)
    USART_SetAddress                         0x08001aa3   Thumb Code    18  stm32f4xx_usart.o(.text)
    USART_ReceiverWakeUpCmd                  0x08001ab5   Thumb Code    24  stm32f4xx_usart.o(.text)
    USART_WakeUpConfig                       0x08001acd   Thumb Code    18  stm32f4xx_usart.o(.text)
    USART_LINBreakDetectLengthConfig         0x08001adf   Thumb Code    18  stm32f4xx_usart.o(.text)
    USART_LINCmd                             0x08001af1   Thumb Code    24  stm32f4xx_usart.o(.text)
    USART_SendBreak                          0x08001b09   Thumb Code    10  stm32f4xx_usart.o(.text)
    USART_HalfDuplexCmd                      0x08001b13   Thumb Code    24  stm32f4xx_usart.o(.text)
    USART_SetGuardTime                       0x08001b2b   Thumb Code    16  stm32f4xx_usart.o(.text)
    USART_SmartCardCmd                       0x08001b3b   Thumb Code    24  stm32f4xx_usart.o(.text)
    USART_SmartCardNACKCmd                   0x08001b53   Thumb Code    24  stm32f4xx_usart.o(.text)
    USART_IrDAConfig                         0x08001b6b   Thumb Code    18  stm32f4xx_usart.o(.text)
    USART_IrDACmd                            0x08001b7d   Thumb Code    24  stm32f4xx_usart.o(.text)
    USART_DMACmd                             0x08001b95   Thumb Code    18  stm32f4xx_usart.o(.text)
    USART_ITConfig                           0x08001ba7   Thumb Code    74  stm32f4xx_usart.o(.text)
    USART_GetFlagStatus                      0x08001bf1   Thumb Code    26  stm32f4xx_usart.o(.text)
    USART_ClearFlag                          0x08001c0b   Thumb Code    18  stm32f4xx_usart.o(.text)
    USART_GetITStatus                        0x08001c1d   Thumb Code   118  stm32f4xx_usart.o(.text)
    USART_ClearITPendingBit                  0x08001c93   Thumb Code    30  stm32f4xx_usart.o(.text)
    GUI_X_Config                             0x08001cb1   Thumb Code    20  guiconf.o(.text)
    LCD_X_Config                             0x0800255b   Thumb Code    44  lcdconf_flexcolor_template.o(.text)
    LCD_X_DisplayDriver                      0x08002587   Thumb Code    34  lcdconf_flexcolor_template.o(.text)
    GUI_X_GetTime                            0x080025b5   Thumb Code     6  gui_x.o(.text)
    GUI_X_Delay                              0x080025bb   Thumb Code    20  gui_x.o(.text)
    GUI_X_TimerTick                          0x080025cf   Thumb Code    12  gui_x.o(.text)
    GUI_X_Init                               0x080025db   Thumb Code     8  gui_x.o(.text)
    GUI_X_ExecIdle                           0x080025e3   Thumb Code     2  gui_x.o(.text)
    GUI_X_Log                                0x080025e5   Thumb Code     2  gui_x.o(.text)
    GUI_X_Warn                               0x080025e7   Thumb Code     2  gui_x.o(.text)
    GUI_X_ErrorOut                           0x080025e9   Thumb Code     2  gui_x.o(.text)
    BSP_KeyInit                              0x080025f1   Thumb Code    38  my_disco_bsp.o(.text)
    BSP_GetKeyState                          0x08002617   Thumb Code    20  my_disco_bsp.o(.text)
    BSP_SPI_Init                             0x0800262b   Thumb Code   220  my_disco_bsp.o(.text)
    BSP_SPI_CS_Init                          0x08002707   Thumb Code    56  my_disco_bsp.o(.text)
    BSP_SPI_CS_Clear                         0x0800273f   Thumb Code    16  my_disco_bsp.o(.text)
    BSP_SPI_CS_Set                           0x0800274f   Thumb Code    14  my_disco_bsp.o(.text)
    SPI2_IRQHandler                          0x0800275d   Thumb Code   110  my_disco_bsp.o(.text)
    BSP_USART_Init                           0x080027cb   Thumb Code   138  my_disco_bsp.o(.text)
    fputc                                    0x08002855   Thumb Code    32  my_disco_bsp.o(.text)
    SSD1963_Delayms                          0x08002891   Thumb Code    20  ssd1963.o(.text)
    SSD1963_GPIOInit                         0x080028a5   Thumb Code   332  ssd1963.o(.text)
    SSD1963_Rest                             0x080029f1   Thumb Code    26  ssd1963.o(.text)
    SSD1963_FSMCInit                         0x08002a0b   Thumb Code   102  ssd1963.o(.text)
    SSD1963_Init                             0x08002a71   Thumb Code   344  ssd1963.o(.text)
    SSD1963_Clear                            0x08002bc9   Thumb Code    72  ssd1963.o(.text)
    SSD1963_Cursor                           0x08002c11   Thumb Code    58  ssd1963.o(.text)
    SSD1963_Point                            0x08002c4b   Thumb Code    22  ssd1963.o(.text)
    SSD1963_Fill                             0x08002c61   Thumb Code    98  ssd1963.o(.text)
    LCD_BGR2RGB                              0x08002cc3   Thumb Code    26  ssd1963.o(.text)
    LCD_Circle                               0x08002cdd   Thumb Code   174  ssd1963.o(.text)
    ENC28J60_SPI_ReadWrite                   0x08002d91   Thumb Code    50  enc28j60.o(.text)
    enc28j60ReadOp                           0x08002dc3   Thumb Code    70  enc28j60.o(.text)
    enc28j60WriteOp                          0x08002e09   Thumb Code    60  enc28j60.o(.text)
    enc28j60ReadBuffer                       0x08002e45   Thumb Code    58  enc28j60.o(.text)
    enc28j60WriteBuffer                      0x08002e7f   Thumb Code    52  enc28j60.o(.text)
    enc28j60SetBank                          0x08002eb3   Thumb Code    48  enc28j60.o(.text)
    enc28j60Read                             0x08002ee3   Thumb Code    20  enc28j60.o(.text)
    enc28j60Write                            0x08002ef7   Thumb Code    24  enc28j60.o(.text)
    enc28j60PhyWrite                         0x08002f0f   Thumb Code    48  enc28j60.o(.text)
    enc28j60clkout                           0x08002f3f   Thumb Code    16  enc28j60.o(.text)
    enc28j60Init                             0x08002f4f   Thumb Code   456  enc28j60.o(.text)
    enc28j60getrev                           0x08003117   Thumb Code    10  enc28j60.o(.text)
    enc28j60PacketSend                       0x08003121   Thumb Code   192  enc28j60.o(.text)
    enc28j60PacketReceive                    0x080031e1   Thumb Code   188  enc28j60.o(.text)
    checksum                                 0x080032a1   Thumb Code    82  ip_arp_udp_tcp.o(.text)
    init_ip_arp_udp_tcp                      0x080032f3   Thumb Code    46  ip_arp_udp_tcp.o(.text)
    eth_type_is_arp_and_my_ip                0x08003321   Thumb Code    64  ip_arp_udp_tcp.o(.text)
    eth_type_is_ip_and_my_ip                 0x08003361   Thumb Code    72  ip_arp_udp_tcp.o(.text)
    make_eth                                 0x080033a9   Thumb Code    30  ip_arp_udp_tcp.o(.text)
    fill_ip_hdr_checksum                     0x080033c7   Thumb Code    44  ip_arp_udp_tcp.o(.text)
    make_ip                                  0x080033f3   Thumb Code    44  ip_arp_udp_tcp.o(.text)
    make_tcphead                             0x0800341f   Thumb Code   180  ip_arp_udp_tcp.o(.text)
    make_arp_answer_from_request             0x080034d3   Thumb Code    92  ip_arp_udp_tcp.o(.text)
    make_echo_reply_from_request             0x0800352f   Thumb Code    62  ip_arp_udp_tcp.o(.text)
    make_udp_reply_from_request              0x0800356d   Thumb Code   124  ip_arp_udp_tcp.o(.text)
    make_tcp_synack_from_syn                 0x080035e9   Thumb Code    76  ip_arp_udp_tcp.o(.text)
    get_tcp_data_pointer                     0x08003635   Thumb Code    18  ip_arp_udp_tcp.o(.text)
    init_len_info                            0x08003647   Thumb Code    56  ip_arp_udp_tcp.o(.text)
    fill_tcp_data_p                          0x0800367f   Thumb Code    26  ip_arp_udp_tcp.o(.text)
    fill_tcp_data                            0x08003699   Thumb Code    28  ip_arp_udp_tcp.o(.text)
    make_tcp_ack_from_any                    0x080036b5   Thumb Code   122  ip_arp_udp_tcp.o(.text)
    make_tcp_ack_with_data                   0x0800372f   Thumb Code    76  ip_arp_udp_tcp.o(.text)
    verify_password                          0x08003781   Thumb Code    24  web_server.o(.text)
    analyse_get_url                          0x08003799   Thumb Code    82  web_server.o(.text)
    print_webpage                            0x080037eb   Thumb Code   174  web_server.o(.text)
    Web_Server                               0x08003899   Thumb Code   488  web_server.o(.text)
    main                                     0x08003c45   Thumb Code   110  main.o(.text)
    TimingDelay_Decrement                    0x08003cb3   Thumb Code    18  main.o(.text)
    NMI_Handler                              0x08003ccd   Thumb Code     2  stm32f4xx_it.o(.text)
    HardFault_Handler                        0x08003ccf   Thumb Code     4  stm32f4xx_it.o(.text)
    MemManage_Handler                        0x08003cd3   Thumb Code     4  stm32f4xx_it.o(.text)
    BusFault_Handler                         0x08003cd7   Thumb Code     4  stm32f4xx_it.o(.text)
    UsageFault_Handler                       0x08003cdb   Thumb Code     4  stm32f4xx_it.o(.text)
    SVC_Handler                              0x08003cdf   Thumb Code     2  stm32f4xx_it.o(.text)
    DebugMon_Handler                         0x08003ce1   Thumb Code     2  stm32f4xx_it.o(.text)
    PendSV_Handler                           0x08003ce3   Thumb Code     2  stm32f4xx_it.o(.text)
    SysTick_Handler                          0x08003ce5   Thumb Code    12  stm32f4xx_it.o(.text)
    ___aeabi_memcpy8$move                    0x08003cf1   Thumb Code     0  memmovea.o(.text)
    __aeabi_memcpy                           0x08003cf1   Thumb Code    64  memmovea.o(.text)
    __aeabi_memcpy4                          0x08003cf1   Thumb Code     0  memmovea.o(.text)
    __aeabi_memmove                          0x08003cf1   Thumb Code     0  memmovea.o(.text)
    __aeabi_memmove4                         0x08003cf1   Thumb Code     0  memmovea.o(.text)
    __aeabi_memmove8                         0x08003cf1   Thumb Code     0  memmovea.o(.text)
    strncmp                                  0x08003d31   Thumb Code    30  strncmp.o(.text)
    __scatterload                            0x08003d51   Thumb Code    28  init.o(.text)
    __scatterload_rt2                        0x08003d51   Thumb Code     0  init.o(.text)
    __decompress                             0x08003d75   Thumb Code     0  __dczerorl2.o(.text)
    __decompress1                            0x08003d75   Thumb Code    92  __dczerorl2.o(.text)
    GUIMONO_DispChar                         0x08003dd1   Thumb Code   302  gui_charm.o(i.GUIMONO_DispChar)
    GUIMONO_GetCharDistX                     0x08003f05   Thumb Code    18  gui_charm.o(i.GUIMONO_GetCharDistX)
    GUIMONO_GetFontInfo                      0x08003f1d   Thumb Code     6  gui_charm.o(i.GUIMONO_GetFontInfo)
    GUIMONO_IsInFont                         0x08003f23   Thumb Code    56  gui_charm.o(i.GUIMONO_IsInFont)
    GUI_ALLOC_AllocNoInit                    0x08003f5b   Thumb Code    10  gui_alloc.o(i.GUI_ALLOC_AllocNoInit)
    GUI_ALLOC_AllocZero                      0x08003f65   Thumb Code    36  gui_alloc_alloczero.o(i.GUI_ALLOC_AllocZero)
    GUI_ALLOC_AssignMemory                   0x08003f89   Thumb Code    12  gui_alloc.o(i.GUI_ALLOC_AssignMemory)
    GUI_ALLOC_Free                           0x08003f99   Thumb Code    50  gui_alloc.o(i.GUI_ALLOC_Free)
    GUI_ALLOC_FreeFixedBlock                 0x08003fd1   Thumb Code    18  gui_alloc.o(i.GUI_ALLOC_FreeFixedBlock)
    GUI_ALLOC_GetFixedBlock                  0x08003fe9   Thumb Code   164  gui_alloc.o(i.GUI_ALLOC_GetFixedBlock)
    GUI_ALLOC_LockH                          0x08004091   Thumb Code    24  gui_alloc.o(i.GUI_ALLOC_LockH)
    GUI_ALLOC_UnlockH                        0x080040ad   Thumb Code    42  gui_alloc.o(i.GUI_ALLOC_UnlockH)
    GUI_ALLOC_h2p                            0x080040dd   Thumb Code    20  gui_alloc.o(i.GUI_ALLOC_h2p)
    GUI_AddHex                               0x080040f5   Thumb Code    42  gui_addhex.o(i.GUI_AddHex)
    GUI_CalcColorDist                        0x08004125   Thumb Code    68  gui_calccolordist.o(i.GUI_CalcColorDist)
    GUI_Clear                                0x08004169   Thumb Code    28  gui_core.o(i.GUI_Clear)
    GUI_ClearRect                            0x08004185   Thumb Code    90  gui_core.o(i.GUI_ClearRect)
    GUI_DEVICE_Create                        0x080041e5   Thumb Code    76  gui_device.o(i.GUI_DEVICE_Create)
    GUI_DEVICE_CreateAndLink                 0x08004235   Thumb Code    36  gui_device.o(i.GUI_DEVICE_CreateAndLink)
    GUI_DEVICE_Delete                        0x0800425d   Thumb Code     4  gui_device.o(i.GUI_DEVICE_Delete)
    GUI_DEVICE_Link                          0x08004261   Thumb Code   124  gui_device.o(i.GUI_DEVICE_Link)
    GUI_DEVICE_Unlink                        0x080042e1   Thumb Code     4  gui_device.o(i.GUI_DEVICE_Unlink)
    GUI_DEVICE__GetpDriver                   0x080042e5   Thumb Code    32  gui_device.o(i.GUI_DEVICE__GetpDriver)
    GUI_DispHex                              0x08004309   Thumb Code    20  gui_disphex.o(i.GUI_DispHex)
    GUI_DispNextLine                         0x0800431d   Thumb Code    22  gui_char.o(i.GUI_DispNextLine)
    GUI_DispString                           0x08004339   Thumb Code   252  gui_dispstring.o(i.GUI_DispString)
    GUI_GetBitsPerPixelEx                    0x08004439   Thumb Code    14  lcd_getex.o(i.GUI_GetBitsPerPixelEx)
    GUI_GetCharDistX                         0x0800444d   Thumb Code    12  gui_char.o(i.GUI_GetCharDistX)
    GUI_GetCharDistXEx                       0x0800445d   Thumb Code    10  gui_char.o(i.GUI_GetCharDistXEx)
    GUI_GetFontDistY                         0x0800446d   Thumb Code    10  gui_char.o(i.GUI_GetFontDistY)
    GUI_GetYAdjust                           0x0800447d   Thumb Code    42  gui_char.o(i.GUI_GetYAdjust)
    GUI_GetpfColor2IndexEx                   0x080044ad   Thumb Code    12  lcd_getex.o(i.GUI_GetpfColor2IndexEx)
    GUI_GetpfIndex2ColorEx                   0x080044bd   Thumb Code    12  lcd_getex.o(i.GUI_GetpfIndex2ColorEx)
    GUI_GotoXY                               0x080044cd   Thumb Code    20  gui_goto.o(i.GUI_GotoXY)
    GUI_Init                                 0x080044e1   Thumb Code    74  gui_core.o(i.GUI_Init)
    GUI_MEMDEV_Delete                        0x08004545   Thumb Code    58  guidev.o(i.GUI_MEMDEV_Delete)
    GUI_MEMDEV_GetBitsPerPixel               0x08004585   Thumb Code    36  guidev.o(i.GUI_MEMDEV_GetBitsPerPixel)
    GUI_MEMDEV_GetDataPtr                    0x080045a9   Thumb Code    22  guidev_getdataptr.o(i.GUI_MEMDEV_GetDataPtr)
    GUI_MEMDEV__WriteToActiveOpaque          0x080045bf   Thumb Code    60  guidev_writetoactiveopaque.o(i.GUI_MEMDEV__WriteToActiveOpaque)
    GUI_MergeRect                            0x080045fb   Thumb Code    88  gui_mergerect.o(i.GUI_MergeRect)
    GUI_MoveRect                             0x08004653   Thumb Code    30  gui_moverect.o(i.GUI_MoveRect)
    GUI_RectsIntersect                       0x08004671   Thumb Code    56  gui_rectsintersect.o(i.GUI_RectsIntersect)
    GUI_SelectLCD                            0x080046a9   Thumb Code    18  gui_selectlcd.o(i.GUI_SelectLCD)
    GUI_SelectLayer                          0x080046bd   Thumb Code    28  gui_selectlayer.o(i.GUI_SelectLayer)
    GUI_SetBkColor                           0x080046e1   Thumb Code     4  gui_setcolor.o(i.GUI_SetBkColor)
    GUI_SetColor                             0x080046e5   Thumb Code     4  gui_setcolor.o(i.GUI_SetColor)
    GUI_SetDefaultFont                       0x080046e9   Thumb Code     6  gui_core.o(i.GUI_SetDefaultFont)
    GUI_SetOrg                               0x080046f5   Thumb Code    38  gui_setorg.o(i.GUI_SetOrg)
    GUI_SignalEvent                          0x0800472d   Thumb Code    12  gui_waitevent.o(i.GUI_SignalEvent)
    GUI_StoreKey                             0x0800473d   Thumb Code    12  gui_onkey.o(i.GUI_StoreKey)
    GUI_UC__GetCharCodeInc                   0x0800474d   Thumb Code    38  gui_uc.o(i.GUI_UC__GetCharCodeInc)
    GUI_UC__NumChars2NumBytes                0x08004779   Thumb Code    36  gui_uc.o(i.GUI_UC__NumChars2NumBytes)
    GUI_USAGE_AddRect                        0x080047a1   Thumb Code    40  guidev_usage.o(i.GUI_USAGE_AddRect)
    GUI_USAGE_DecUseCnt                      0x080047c9   Thumb Code    36  guidev_usage.o(i.GUI_USAGE_DecUseCnt)
    GUI__CompactPixelIndices                 0x080047ed   Thumb Code   296  gui__compactpixelindices.o(i.GUI__CompactPixelIndices)
    GUI__Config                              0x08004915   Thumb Code    42  gui_core.o(i.GUI__Config)
    GUI__DispLine                            0x08004949   Thumb Code   166  gui_charline.o(i.GUI__DispLine)
    GUI__GetLineDistX                        0x080049f9   Thumb Code    74  gui_charline.o(i.GUI__GetLineDistX)
    GUI__GetLineNumChars                     0x08004a4d   Thumb Code    52  gui_charline.o(i.GUI__GetLineNumChars)
    GUI__GetOverlap                          0x08004a85   Thumb Code    24  gui_charline.o(i.GUI__GetOverlap)
    GUI__IntersectRect                       0x08004a9d   Thumb Code    58  gui__intersectrect.o(i.GUI__IntersectRect)
    GUI__IntersectRects                      0x08004ad7   Thumb Code    82  gui__intersectrects.o(i.GUI__IntersectRects)
    GUI__ManageCache                         0x08004b29   Thumb Code    12  gui__managecache.o(i.GUI__ManageCache)
    GUI__ManageCacheEx                       0x08004b39   Thumb Code   168  gui__managecache.o(i.GUI__ManageCacheEx)
    GUI__RegisterExit                        0x08004be5   Thumb Code    10  gui_core.o(i.GUI__RegisterExit)
    GUI__memset                              0x08004bf5   Thumb Code    76  gui__memset.o(i.GUI__memset)
    GUI__memset16                            0x08004c41   Thumb Code    58  gui__memset16.o(i.GUI__memset16)
    LCD_Color2Index                          0x08004c7d   Thumb Code    18  lcd.o(i.LCD_Color2Index)
    LCD_DrawBitmap                           0x08004c99   Thumb Code   508  lcd.o(i.LCD_DrawBitmap)
    LCD_DrawHLine                            0x08004ea1   Thumb Code    78  lcd.o(i.LCD_DrawHLine)
    LCD_DrawPixel                            0x08004ef9   Thumb Code    96  lcd.o(i.LCD_DrawPixel)
    LCD_FillRect                             0x08004f61   Thumb Code    80  lcd.o(i.LCD_FillRect)
    LCD_GetBitsPerPixelEx                    0x08004fb9   Thumb Code     6  lcd_getex.o(i.LCD_GetBitsPerPixelEx)
    LCD_GetNumColors                         0x08004fc1   Thumb Code    12  lcd_getex.o(i.LCD_GetNumColors)
    LCD_GetNumColorsEx                       0x08004fd1   Thumb Code     6  lcd_getex.o(i.LCD_GetNumColorsEx)
    LCD_GetNumLayers                         0x08004fd7   Thumb Code    26  lcd_getnumdisplays.o(i.LCD_GetNumLayers)
    LCD_GetPalette                           0x08004ff1   Thumb Code    10  lcd_getex.o(i.LCD_GetPalette)
    LCD_GetPaletteEx                         0x08005001   Thumb Code    24  lcd_getex.o(i.LCD_GetPaletteEx)
    LCD_GetpPalConvTableBM                   0x08005019   Thumb Code     4  lcd_color.o(i.LCD_GetpPalConvTableBM)
    LCD_GetpPalConvTableUncached             0x0800501d   Thumb Code    68  lcd_color.o(i.LCD_GetpPalConvTableUncached)
    LCD_Index2Color                          0x08005065   Thumb Code    18  lcd.o(i.LCD_Index2Color)
    LCD_Index2Color_M565                     0x08005081   Thumb Code    34  guicc_m565_index2color.o(i.LCD_Index2Color_M565)
    LCD_InitColors                           0x080050ad   Thumb Code    42  lcd_color.o(i.LCD_InitColors)
    LCD_InitLUT                              0x080050e1   Thumb Code   104  lcd_color.o(i.LCD_InitLUT)
    LCD_SelectLCD                            0x08005151   Thumb Code    58  lcd_selectlcd.o(i.LCD_SelectLCD)
    LCD_SetBkColor                           0x08005195   Thumb Code     8  lcd.o(i.LCD_SetBkColor)
    LCD_SetBkColorIndex                      0x080051a1   Thumb Code    20  lcd.o(i.LCD_SetBkColorIndex)
    LCD_SetClipRectEx                        0x080051b9   Thumb Code    38  lcd_setcliprectex.o(i.LCD_SetClipRectEx)
    LCD_SetClipRectMax                       0x080051e9   Thumb Code    20  lcd.o(i.LCD_SetClipRectMax)
    LCD_SetColor                             0x08005205   Thumb Code     8  lcd.o(i.LCD_SetColor)
    LCD_SetColorIndex                        0x08005211   Thumb Code    20  lcd.o(i.LCD_SetColorIndex)
    LCD_SetDrawMode                          0x08005229   Thumb Code     8  lcd.o(i.LCD_SetDrawMode)
    LCD_SetLUTEntryEx                        0x08005235   Thumb Code    44  lcd_set.o(i.LCD_SetLUTEntryEx)
    LCD_SetSizeEx                            0x08005261   Thumb Code    44  lcd_set.o(i.LCD_SetSizeEx)
    LCD_SetVSizeEx                           0x0800528d   Thumb Code    44  lcd_set.o(i.LCD_SetVSizeEx)
    LCD_UpdateColorIndices                   0x080052b9   Thumb Code    32  lcd_updatecolorindices.o(i.LCD_UpdateColorIndices)
    LCD__DrawBitmap_1bpp                     0x080052dd   Thumb Code   424  lcd.o(i.LCD__DrawBitmap_1bpp)
    LCD__GetBPP                              0x08005491   Thumb Code    92  lcd_getex.o(i.LCD__GetBPP)
    LCD__GetBPPDevice                        0x080054ed   Thumb Code    50  lcd_getex.o(i.LCD__GetBPPDevice)
    WM_Activate                              0x08005521   Thumb Code    12  wm.o(i.WM_Activate)
    WM_BringToBottom                         0x08005531   Thumb Code   126  wm_bringtobottom.o(i.WM_BringToBottom)
    WM_CreateWindowAsChild                   0x080055b1   Thumb Code   318  wm.o(i.WM_CreateWindowAsChild)
    WM_DefaultProc                           0x080056fd   Thumb Code    70  wm.o(i.WM_DefaultProc)
    WM_GetDesktopWindow                      0x08005745   Thumb Code    14  wm_getdesktopwindow.o(i.WM_GetDesktopWindow)
    WM_GetFirstChild                         0x0800575d   Thumb Code    14  wm_getfirstchild.o(i.WM_GetFirstChild)
    WM_GetParent                             0x0800576b   Thumb Code    14  wm_getparent.o(i.WM_GetParent)
    WM_Init                                  0x08005779   Thumb Code   184  wm.o(i.WM_Init)
    WM_InvalidateRect                        0x0800584d   Thumb Code   118  wm.o(i.WM_InvalidateRect)
    WM_InvalidateWindow                      0x080058c3   Thumb Code     6  wm.o(i.WM_InvalidateWindow)
    WM_InvalidateWindowAndDescsEx            0x080058c9   Thumb Code    94  wm.o(i.WM_InvalidateWindowAndDescsEx)
    WM_SelectWindow                          0x08005929   Thumb Code    52  wm.o(i.WM_SelectWindow)
    WM_SendToParent                          0x08005965   Thumb Code    30  wm_sendtoparent.o(i.WM_SendToParent)
    WM__ActivateClipRect                     0x08005985   Thumb Code    58  wm.o(i.WM__ActivateClipRect)
    WM__AddCriticalHandle                    0x080059cd   Thumb Code    10  wm_criticalhandle.o(i.WM__AddCriticalHandle)
    WM__Client2Screen                        0x080059dd   Thumb Code    16  wm.o(i.WM__Client2Screen)
    WM__ClipAtParentBorders                  0x080059ed   Thumb Code    78  wm.o(i.WM__ClipAtParentBorders)
    WM__GetClientRectEx                      0x08005a3b   Thumb Code    32  wm_getclientrect.o(i.WM__GetClientRectEx)
    WM__GetClientRectWin                     0x08005a5b   Thumb Code    24  wm.o(i.WM__GetClientRectWin)
    WM__GetFirstSibling                      0x08005a73   Thumb Code    18  wm__getfirstsibling.o(i.WM__GetFirstSibling)
    WM__GetNextIVR                           0x08005a85   Thumb Code    54  wm.o(i.WM__GetNextIVR)
    WM__GetPrevSibling                       0x08005ac5   Thumb Code    36  wm__getprevsibling.o(i.WM__GetPrevSibling)
    WM__GetTopLevelLayer                     0x08005ae9   Thumb Code    24  wm.o(i.WM__GetTopLevelLayer)
    WM__InitIVRSearch                        0x08005b01   Thumb Code   228  wm.o(i.WM__InitIVRSearch)
    WM__InsertWindowIntoList                 0x08005bf1   Thumb Code   164  wm.o(i.WM__InsertWindowIntoList)
    WM__Invalidate1Abs                       0x08005c95   Thumb Code     6  wm.o(i.WM__Invalidate1Abs)
    WM__InvalidateDrawAndDescs               0x08005c9b   Thumb Code    70  wm.o(i.WM__InvalidateDrawAndDescs)
    WM__InvalidateRect                       0x08005ce1   Thumb Code   118  wm.o(i.WM__InvalidateRect)
    WM__InvalidateRectEx                     0x08005d57   Thumb Code     6  wm.o(i.WM__InvalidateRectEx)
    WM__RectIsNZ                             0x08005d5d   Thumb Code    32  wm.o(i.WM__RectIsNZ)
    WM__SelectTopLevelLayer                  0x08005d7d   Thumb Code    20  wm.o(i.WM__SelectTopLevelLayer)
    WM__SendMessage                          0x08005d91   Thumb Code    54  wm__sendmessage.o(i.WM__SendMessage)
    WM__SendMsgNoData                        0x08005dcd   Thumb Code    14  wm.o(i.WM__SendMsgNoData)
    __scatterload_copy                       0x080079c1   Thumb Code    14  handlers.o(i.__scatterload_copy)
    __scatterload_null                       0x080079cf   Thumb Code     2  handlers.o(i.__scatterload_null)
    __scatterload_zeroinit                   0x080079d1   Thumb Code    14  handlers.o(i.__scatterload_zeroinit)
    emWin_LCD_Init                           0x08007a31   Thumb Code   138  lcd.o(i.emWin_LCD_Init)
    FSMC_DefaultTimingStruct                 0x08007abc   Data          28  stm32f4xx_fsmc.o(.constdata)
    GUIDRV_Template_API                      0x08007ad8   Data          52  guidrv_template.o(.constdata)
    LCD_API_ColorConv_M565                   0x08007ba4   Data          24  guicc_m565.o(.constdata)
    GUI_Font8x16                             0x080087d0   Data          36  f8x16.o(.constdata)
    GUI_MEMDEV_DEVICE_16                     0x08008834   Data          52  guidev_16.o(.constdata)
    GUI__aConvert_255_31                     0x08008868   Data         256  gui__divtbl_255_31.o(.constdata)
    GUI__aConvert_255_63                     0x08008968   Data         256  gui__divtbl_255_63.o(.constdata)
    GUI__aConvert_31_255                     0x08008a68   Data          32  gui__divtbl_31_255.o(.constdata)
    GUI__aConvert_63_255                     0x08008a88   Data          64  gui__divtbl_63_255.o(.constdata)
    GUI_UC_None                              0x08008ad8   Data          16  gui_uc_encodenone.o(.constdata)
    LCD_aMirror                              0x08008af4   Data         256  lcd_mirror.o(.constdata)
    GUI_Font6x8                              0x080092e8   Data          36  f6x8.o(.constdata)
    LCD_API_ColorConv_0                      0x08009314   Data          24  guicc_0.o(.constdata)
    Region$$Table$$Base                      0x0800932c   Number         0  anon$$obj.o(Region$$Table)
    Region$$Table$$Limit                     0x0800934c   Number         0  anon$$obj.o(Region$$Table)
    SystemCoreClock                          0x20000000   Data           4  system_stm32f4xx.o(.data)
    AHBPrescTable                            0x20000004   Data          16  system_stm32f4xx.o(.data)
    OS_TimeMS                                0x20000024   Data           4  gui_x.o(.data)
    aTxBuffer                                0x20000028   Data         100  my_disco_bsp.o(.data)
    ubRxIndex                                0x2000008c   Data           1  my_disco_bsp.o(.data)
    ubTxIndex                                0x2000008d   Data           1  my_disco_bsp.o(.data)
    GPIO_InitStructure                       0x200000e0   Data           8  main.o(.data)
    GUI_DecChar                              0x200000fc   Data           1  gui_core.o(.data)
    GUI_pfGetpPalConvTable                   0x20000100   Data           4  gui_core.o(.data)
    GUI__pFontDefault                        0x20000104   Data           4  gui_core.o(.data)
    GUI_pContext                             0x20000108   Data           4  gui_core.o(.data)
    GUI_pUC_API                              0x2000010c   Data           4  gui_core.o(.data)
    GUI__apDevice                            0x20000120   Data           8  gui_core.o(.data)
    GUI_pfDispCharStyle                      0x20000128   Data           4  gui_core.o(.data)
    GUI_pLCD_APIList                         0x2000012c   Data           4  gui_core.o(.data)
    GUI_OrgX                                 0x20000130   Data           2  gui_core.o(.data)
    GUI_OrgY                                 0x20000132   Data           2  gui_core.o(.data)
    GUI_CharLine_pfLog2Vis                   0x20000134   Data           4  gui_charline.o(.data)
    LCD__pSetColorAPI                        0x20000138   Data           4  lcd.o(.data)
    LCD__aConvTable                          0x20000140   Data           4  lcd_color.o(.data)
    WM__PaintCallbackCnt                     0x2000014c   Data           1  wm.o(.data)
    WM__NumWindows                           0x2000014e   Data           2  wm.o(.data)
    WM__NumInvalidWindows                    0x20000150   Data           2  wm.o(.data)
    WM__TouchedLayer                         0x20000154   Data           4  wm.o(.data)
    WM__FirstWin                             0x20000158   Data           4  wm.o(.data)
    WM__pFirstCriticalHandle                 0x2000015c   Data           4  wm.o(.data)
    WM__CreateFlags                          0x20000160   Data           4  wm.o(.data)
    WM_pfPollPID                             0x20000164   Data           4  wm.o(.data)
    WM_MULTIBUF__pAPI                        0x20000168   Data           4  wm.o(.data)
    WM__TransWindowCnt                       0x2000016c   Data           4  wm.o(.data)
    WM__hATransWindow                        0x20000170   Data           4  wm.o(.data)
    WM__ahDesktopWin                         0x20000184   Data           8  wm.o(.data)
    WM__aBkColor                             0x2000018c   Data           8  wm.o(.data)
    WM__ahCapture                            0x20000194   Data           8  wm.o(.data)
    WM__ahWinFocus                           0x2000019c   Data           8  wm.o(.data)
    aRxBuffer                                0x2000c9c8   Data         100  my_disco_bsp.o(.bss)
    GUI_ALLOC__Context                       0x2000d00c   Data         188  gui_alloc.o(.bss)
    WM__aCHWinModal                          0x2000d1d4   Data          16  wm_touch.o(.bss)
    WM__aCHWinLast                           0x2000d1e4   Data          16  wm_touch.o(.bss)
    WM__aCHWinMouseOver                      0x2000d1f4   Data          16  wm_touch.o(.bss)
    __initial_sp                             0x2000da08   Data           0  startup_stm32f40xx.o(STACK)



==============================================================================

Memory Map of the image

  Image Entry point : 0x08000189

  Load Region LR_IROM1 (Base: 0x08000000, Size: 0x00009514, Max: 0x00100000, ABSOLUTE, COMPRESSED[0x000093f8])

    Execution Region ER_IROM1 (Base: 0x08000000, Size: 0x0000934c, Max: 0x00100000, ABSOLUTE)

    Base Addr    Size         Type   Attr      Idx    E Section Name        Object

    0x08000000   0x00000188   Data   RO            3    RESET               startup_stm32f40xx.o
    0x08000188   0x00000000   Code   RO         3019  * .ARM.Collect$$$$00000000  mc_w.l(entry.o)
    0x08000188   0x00000004   Code   RO         3297    .ARM.Collect$$$$00000001  mc_w.l(entry2.o)
    0x0800018c   0x00000004   Code   RO         3300    .ARM.Collect$$$$00000004  mc_w.l(entry5.o)
    0x08000190   0x00000000   Code   RO         3302    .ARM.Collect$$$$00000008  mc_w.l(entry7b.o)
    0x08000190   0x00000000   Code   RO         3304    .ARM.Collect$$$$0000000A  mc_w.l(entry8b.o)
    0x08000190   0x00000008   Code   RO         3305    .ARM.Collect$$$$0000000B  mc_w.l(entry9a.o)
    0x08000198   0x00000000   Code   RO         3307    .ARM.Collect$$$$0000000D  mc_w.l(entry10a.o)
    0x08000198   0x00000000   Code   RO         3309    .ARM.Collect$$$$0000000F  mc_w.l(entry11a.o)
    0x08000198   0x00000004   Code   RO         3298    .ARM.Collect$$$$00002712  mc_w.l(entry2.o)
    0x0800019c   0x00000024   Code   RO            4    .text               startup_stm32f40xx.o
    0x080001c0   0x00000268   Code   RO           13    .text               system_stm32f4xx.o
    0x08000428   0x000006c8   Code   RO          599    .text               stm32f4xx_fsmc.o
    0x08000af0   0x00000294   Code   RO          626    .text               stm32f4xx_gpio.o
    0x08000d84   0x0000065c   Code   RO          842    .text               stm32f4xx_rcc.o
    0x080013e0   0x0000047c   Code   RO          988    .text               stm32f4xx_spi.o
    0x0800185c   0x00000454   Code   RO         1060    .text               stm32f4xx_usart.o
    0x08001cb0   0x0000001c   Code   RO         1105    .text               guiconf.o
    0x08001ccc   0x00000868   Code   RO         1145    .text               guidrv_template.o
    0x08002534   0x00000080   Code   RO         1216    .text               lcdconf_flexcolor_template.o
    0x080025b4   0x0000003c   Code   RO         1241    .text               gui_x.o
    0x080025f0   0x000002a0   Code   RO         1259    .text               my_disco_bsp.o
    0x08002890   0x00000500   Code   RO         1343    .text               ssd1963.o
    0x08002d90   0x00000510   Code   RO         1370    .text               enc28j60.o
    0x080032a0   0x000004e0   Code   RO         1427    .text               ip_arp_udp_tcp.o
    0x08003780   0x000004b0   Code   RO         1605    .text               web_server.o
    0x08003c30   0x0000009c   Code   RO         1639    .text               main.o
    0x08003ccc   0x00000024   Code   RO         1715    .text               stm32f4xx_it.o
    0x08003cf0   0x00000040   Code   RO         3024    .text               mc_w.l(memmovea.o)
    0x08003d30   0x0000001e   Code   RO         3030    .text               mc_w.l(strncmp.o)
    0x08003d4e   0x00000002   PAD
    0x08003d50   0x00000024   Code   RO         3327    .text               mc_w.l(init.o)
    0x08003d74   0x0000005c   Code   RO         3345    .text               mc_w.l(__dczerorl2.o)
    0x08003dd0   0x00000134   Code   RO         2096    i.GUIMONO_DispChar  STemWin522_CM4_Keil.lib(gui_charm.o)
    0x08003f04   0x00000018   Code   RO         2097    i.GUIMONO_GetCharDistX  STemWin522_CM4_Keil.lib(gui_charm.o)
    0x08003f1c   0x00000006   Code   RO         2098    i.GUIMONO_GetFontInfo  STemWin522_CM4_Keil.lib(gui_charm.o)
    0x08003f22   0x00000038   Code   RO         2099    i.GUIMONO_IsInFont  STemWin522_CM4_Keil.lib(gui_charm.o)
    0x08003f5a   0x0000000a   Code   RO         1755    i.GUI_ALLOC_AllocNoInit  STemWin522_CM4_Keil.lib(gui_alloc.o)
    0x08003f64   0x00000024   Code   RO         2346    i.GUI_ALLOC_AllocZero  STemWin522_CM4_Keil.lib(gui_alloc_alloczero.o)
    0x08003f88   0x00000010   Code   RO         1756    i.GUI_ALLOC_AssignMemory  STemWin522_CM4_Keil.lib(gui_alloc.o)
    0x08003f98   0x00000038   Code   RO         1757    i.GUI_ALLOC_Free    STemWin522_CM4_Keil.lib(gui_alloc.o)
    0x08003fd0   0x00000018   Code   RO         1758    i.GUI_ALLOC_FreeFixedBlock  STemWin522_CM4_Keil.lib(gui_alloc.o)
    0x08003fe8   0x000000a8   Code   RO         1761    i.GUI_ALLOC_GetFixedBlock  STemWin522_CM4_Keil.lib(gui_alloc.o)
    0x08004090   0x0000001c   Code   RO         1769    i.GUI_ALLOC_LockH   STemWin522_CM4_Keil.lib(gui_alloc.o)
    0x080040ac   0x00000030   Code   RO         1774    i.GUI_ALLOC_UnlockH  STemWin522_CM4_Keil.lib(gui_alloc.o)
    0x080040dc   0x00000018   Code   RO         1775    i.GUI_ALLOC_h2p     STemWin522_CM4_Keil.lib(gui_alloc.o)
    0x080040f4   0x00000030   Code   RO         2080    i.GUI_AddHex        STemWin522_CM4_Keil.lib(gui_addhex.o)
    0x08004124   0x00000044   Code   RO         2549    i.GUI_CalcColorDist  STemWin522_CM4_Keil.lib(gui_calccolordist.o)
    0x08004168   0x0000001c   Code   RO         1837    i.GUI_Clear         STemWin522_CM4_Keil.lib(gui_core.o)
    0x08004184   0x00000060   Code   RO         1838    i.GUI_ClearRect     STemWin522_CM4_Keil.lib(gui_core.o)
    0x080041e4   0x00000050   Code   RO         1866    i.GUI_DEVICE_Create  STemWin522_CM4_Keil.lib(gui_device.o)
    0x08004234   0x00000028   Code   RO         1867    i.GUI_DEVICE_CreateAndLink  STemWin522_CM4_Keil.lib(gui_device.o)
    0x0800425c   0x00000004   Code   RO         1868    i.GUI_DEVICE_Delete  STemWin522_CM4_Keil.lib(gui_device.o)
    0x08004260   0x00000080   Code   RO         1869    i.GUI_DEVICE_Link   STemWin522_CM4_Keil.lib(gui_device.o)
    0x080042e0   0x00000004   Code   RO         1871    i.GUI_DEVICE_Unlink  STemWin522_CM4_Keil.lib(gui_device.o)
    0x080042e4   0x00000024   Code   RO         1874    i.GUI_DEVICE__GetpDriver  STemWin522_CM4_Keil.lib(gui_device.o)
    0x08004308   0x00000014   Code   RO         1887    i.GUI_DispHex       STemWin522_CM4_Keil.lib(gui_disphex.o)
    0x0800431c   0x0000001c   Code   RO         1826    i.GUI_DispNextLine  STemWin522_CM4_Keil.lib(gui_char.o)
    0x08004338   0x00000100   Code   RO         1891    i.GUI_DispString    STemWin522_CM4_Keil.lib(gui_dispstring.o)
    0x08004438   0x00000014   Code   RO         1899    i.GUI_GetBitsPerPixelEx  STemWin522_CM4_Keil.lib(lcd_getex.o)
    0x0800444c   0x00000010   Code   RO         1827    i.GUI_GetCharDistX  STemWin522_CM4_Keil.lib(gui_char.o)
    0x0800445c   0x00000010   Code   RO         1828    i.GUI_GetCharDistXEx  STemWin522_CM4_Keil.lib(gui_char.o)
    0x0800446c   0x00000010   Code   RO         1829    i.GUI_GetFontDistY  STemWin522_CM4_Keil.lib(gui_char.o)
    0x0800447c   0x00000030   Code   RO         1830    i.GUI_GetYAdjust    STemWin522_CM4_Keil.lib(gui_char.o)
    0x080044ac   0x00000010   Code   RO         1900    i.GUI_GetpfColor2IndexEx  STemWin522_CM4_Keil.lib(lcd_getex.o)
    0x080044bc   0x00000010   Code   RO         1901    i.GUI_GetpfIndex2ColorEx  STemWin522_CM4_Keil.lib(lcd_getex.o)
    0x080044cc   0x00000014   Code   RO         2105    i.GUI_GotoXY        STemWin522_CM4_Keil.lib(gui_goto.o)
    0x080044e0   0x00000064   Code   RO         1840    i.GUI_Init          STemWin522_CM4_Keil.lib(gui_core.o)
    0x08004544   0x00000040   Code   RO         2431    i.GUI_MEMDEV_Delete  STemWin522_CM4_Keil.lib(guidev.o)
    0x08004584   0x00000024   Code   RO         2432    i.GUI_MEMDEV_GetBitsPerPixel  STemWin522_CM4_Keil.lib(guidev.o)
    0x080045a8   0x00000016   Code   RO         2454    i.GUI_MEMDEV_GetDataPtr  STemWin522_CM4_Keil.lib(guidev_getdataptr.o)
    0x080045be   0x0000003c   Code   RO         2209    i.GUI_MEMDEV__WriteToActiveOpaque  STemWin522_CM4_Keil.lib(guidev_writetoactiveopaque.o)
    0x080045fa   0x00000058   Code   RO         2348    i.GUI_MergeRect     STemWin522_CM4_Keil.lib(gui_mergerect.o)
    0x08004652   0x0000001e   Code   RO         2350    i.GUI_MoveRect      STemWin522_CM4_Keil.lib(gui_moverect.o)
    0x08004670   0x00000038   Code   RO         2372    i.GUI_RectsIntersect  STemWin522_CM4_Keil.lib(gui_rectsintersect.o)
    0x080046a8   0x00000012   Code   RO         2615    i.GUI_SelectLCD     STemWin522_CM4_Keil.lib(gui_selectlcd.o)
    0x080046ba   0x00000002   PAD
    0x080046bc   0x00000024   Code   RO         2381    i.GUI_SelectLayer   STemWin522_CM4_Keil.lib(gui_selectlayer.o)
    0x080046e0   0x00000004   Code   RO         1895    i.GUI_SetBkColor    STemWin522_CM4_Keil.lib(gui_setcolor.o)
    0x080046e4   0x00000004   Code   RO         1896    i.GUI_SetColor      STemWin522_CM4_Keil.lib(gui_setcolor.o)
    0x080046e8   0x0000000c   Code   RO         1841    i.GUI_SetDefaultFont  STemWin522_CM4_Keil.lib(gui_core.o)
    0x080046f4   0x00000038   Code   RO         2114    i.GUI_SetOrg        STemWin522_CM4_Keil.lib(gui_setorg.o)
    0x0800472c   0x00000010   Code   RO         2402    i.GUI_SignalEvent   STemWin522_CM4_Keil.lib(gui_waitevent.o)
    0x0800473c   0x00000010   Code   RO         2357    i.GUI_StoreKey      STemWin522_CM4_Keil.lib(gui_onkey.o)
    0x0800474c   0x0000002c   Code   RO         2120    i.GUI_UC__GetCharCodeInc  STemWin522_CM4_Keil.lib(gui_uc.o)
    0x08004778   0x00000028   Code   RO         2122    i.GUI_UC__NumChars2NumBytes  STemWin522_CM4_Keil.lib(gui_uc.o)
    0x080047a0   0x00000028   Code   RO         2203    i.GUI_USAGE_AddRect  STemWin522_CM4_Keil.lib(guidev_usage.o)
    0x080047c8   0x00000024   Code   RO         2204    i.GUI_USAGE_DecUseCnt  STemWin522_CM4_Keil.lib(guidev_usage.o)
    0x080047ec   0x00000128   Code   RO         2333    i.GUI__CompactPixelIndices  STemWin522_CM4_Keil.lib(gui__compactpixelindices.o)
    0x08004914   0x00000034   Code   RO         1843    i.GUI__Config       STemWin522_CM4_Keil.lib(gui_core.o)
    0x08004948   0x000000b0   Code   RO         2083    i.GUI__DispLine     STemWin522_CM4_Keil.lib(gui_charline.o)
    0x080049f8   0x00000054   Code   RO         2084    i.GUI__GetLineDistX  STemWin522_CM4_Keil.lib(gui_charline.o)
    0x08004a4c   0x00000038   Code   RO         2085    i.GUI__GetLineNumChars  STemWin522_CM4_Keil.lib(gui_charline.o)
    0x08004a84   0x00000018   Code   RO         2086    i.GUI__GetOverlap   STemWin522_CM4_Keil.lib(gui_charline.o)
    0x08004a9c   0x0000003a   Code   RO         2337    i.GUI__IntersectRect  STemWin522_CM4_Keil.lib(gui__intersectrect.o)
    0x08004ad6   0x00000052   Code   RO         2339    i.GUI__IntersectRects  STemWin522_CM4_Keil.lib(gui__intersectrects.o)
    0x08004b28   0x00000010   Code   RO         2341    i.GUI__ManageCache  STemWin522_CM4_Keil.lib(gui__managecache.o)
    0x08004b38   0x000000ac   Code   RO         2342    i.GUI__ManageCacheEx  STemWin522_CM4_Keil.lib(gui__managecache.o)
    0x08004be4   0x00000010   Code   RO         1844    i.GUI__RegisterExit  STemWin522_CM4_Keil.lib(gui_core.o)
    0x08004bf4   0x0000004c   Code   RO         2076    i.GUI__memset       STemWin522_CM4_Keil.lib(gui__memset.o)
    0x08004c40   0x0000003a   Code   RO         2078    i.GUI__memset16     STemWin522_CM4_Keil.lib(gui__memset16.o)
    0x08004c7a   0x00000002   PAD
    0x08004c7c   0x0000001c   Code   RO         2143    i.LCD_Color2Index   STemWin522_CM4_Keil.lib(lcd.o)
    0x08004c98   0x00000208   Code   RO         2144    i.LCD_DrawBitmap    STemWin522_CM4_Keil.lib(lcd.o)
    0x08004ea0   0x00000058   Code   RO         2145    i.LCD_DrawHLine     STemWin522_CM4_Keil.lib(lcd.o)
    0x08004ef8   0x00000068   Code   RO         2146    i.LCD_DrawPixel     STemWin522_CM4_Keil.lib(lcd.o)
    0x08004f60   0x00000058   Code   RO         2148    i.LCD_FillRect      STemWin522_CM4_Keil.lib(lcd.o)
    0x08004fb8   0x00000006   Code   RO         1903    i.LCD_GetBitsPerPixelEx  STemWin522_CM4_Keil.lib(lcd_getex.o)
    0x08004fbe   0x00000002   PAD
    0x08004fc0   0x00000010   Code   RO         1910    i.LCD_GetNumColors  STemWin522_CM4_Keil.lib(lcd_getex.o)
    0x08004fd0   0x00000006   Code   RO         1911    i.LCD_GetNumColorsEx  STemWin522_CM4_Keil.lib(lcd_getex.o)
    0x08004fd6   0x0000001a   Code   RO         2423    i.LCD_GetNumLayers  STemWin522_CM4_Keil.lib(lcd_getnumdisplays.o)
    0x08004ff0   0x00000010   Code   RO         1912    i.LCD_GetPalette    STemWin522_CM4_Keil.lib(lcd_getex.o)
    0x08005000   0x00000018   Code   RO         1913    i.LCD_GetPaletteEx  STemWin522_CM4_Keil.lib(lcd_getex.o)
    0x08005018   0x00000004   Code   RO         2182    i.LCD_GetpPalConvTableBM  STemWin522_CM4_Keil.lib(lcd_color.o)
    0x0800501c   0x00000048   Code   RO         2183    i.LCD_GetpPalConvTableUncached  STemWin522_CM4_Keil.lib(lcd_color.o)
    0x08005064   0x0000001c   Code   RO         2149    i.LCD_Index2Color   STemWin522_CM4_Keil.lib(lcd.o)
    0x08005080   0x0000002c   Code   RO         2141    i.LCD_Index2Color_M565  STemWin522_CM4_Keil.lib(guicc_m565_index2color.o)
    0x080050ac   0x00000034   Code   RO         2184    i.LCD_InitColors    STemWin522_CM4_Keil.lib(lcd_color.o)
    0x080050e0   0x00000070   Code   RO         2185    i.LCD_InitLUT       STemWin522_CM4_Keil.lib(lcd_color.o)
    0x08005150   0x00000044   Code   RO         2984    i.LCD_SelectLCD     STemWin522_CM4_Keil.lib(lcd_selectlcd.o)
    0x08005194   0x0000000c   Code   RO         2150    i.LCD_SetBkColor    STemWin522_CM4_Keil.lib(lcd.o)
    0x080051a0   0x00000018   Code   RO         2151    i.LCD_SetBkColorIndex  STemWin522_CM4_Keil.lib(lcd.o)
    0x080051b8   0x00000030   Code   RO         2425    i.LCD_SetClipRectEx  STemWin522_CM4_Keil.lib(lcd_setcliprectex.o)
    0x080051e8   0x0000001c   Code   RO         2152    i.LCD_SetClipRectMax  STemWin522_CM4_Keil.lib(lcd.o)
    0x08005204   0x0000000c   Code   RO         2153    i.LCD_SetColor      STemWin522_CM4_Keil.lib(lcd.o)
    0x08005210   0x00000018   Code   RO         2154    i.LCD_SetColorIndex  STemWin522_CM4_Keil.lib(lcd.o)
    0x08005228   0x0000000c   Code   RO         2155    i.LCD_SetDrawMode   STemWin522_CM4_Keil.lib(lcd.o)
    0x08005234   0x0000002c   Code   RO         1991    i.LCD_SetLUTEntryEx  STemWin522_CM4_Keil.lib(lcd_set.o)
    0x08005260   0x0000002c   Code   RO         1995    i.LCD_SetSizeEx     STemWin522_CM4_Keil.lib(lcd_set.o)
    0x0800528c   0x0000002c   Code   RO         1999    i.LCD_SetVSizeEx    STemWin522_CM4_Keil.lib(lcd_set.o)
    0x080052b8   0x00000024   Code   RO         2745    i.LCD_UpdateColorIndices  STemWin522_CM4_Keil.lib(lcd_updatecolorindices.o)
    0x080052dc   0x000001b4   Code   RO         2156    i.LCD__DrawBitmap_1bpp  STemWin522_CM4_Keil.lib(lcd.o)
    0x08005490   0x0000005c   Code   RO         1934    i.LCD__GetBPP       STemWin522_CM4_Keil.lib(lcd_getex.o)
    0x080054ec   0x00000032   Code   RO         1935    i.LCD__GetBPPDevice  STemWin522_CM4_Keil.lib(lcd_getex.o)
    0x0800551e   0x00000002   PAD
    0x08005520   0x00000010   Code   RO         2218    i.WM_Activate       STemWin522_CM4_Keil.lib(wm.o)
    0x08005530   0x0000007e   Code   RO         2480    i.WM_BringToBottom  STemWin522_CM4_Keil.lib(wm_bringtobottom.o)
    0x080055ae   0x00000002   PAD
    0x080055b0   0x0000014c   Code   RO         2220    i.WM_CreateWindowAsChild  STemWin522_CM4_Keil.lib(wm.o)
    0x080056fc   0x00000046   Code   RO         2222    i.WM_DefaultProc    STemWin522_CM4_Keil.lib(wm.o)
    0x08005742   0x00000002   PAD
    0x08005744   0x00000018   Code   RO         2331    i.WM_GetDesktopWindow  STemWin522_CM4_Keil.lib(wm_getdesktopwindow.o)
    0x0800575c   0x0000000e   Code   RO         2492    i.WM_GetFirstChild  STemWin522_CM4_Keil.lib(wm_getfirstchild.o)
    0x0800576a   0x0000000e   Code   RO         2827    i.WM_GetParent      STemWin522_CM4_Keil.lib(wm_getparent.o)
    0x08005778   0x000000d4   Code   RO         2226    i.WM_Init           STemWin522_CM4_Keil.lib(wm.o)
    0x0800584c   0x00000076   Code   RO         2227    i.WM_InvalidateRect  STemWin522_CM4_Keil.lib(wm.o)
    0x080058c2   0x00000006   Code   RO         2228    i.WM_InvalidateWindow  STemWin522_CM4_Keil.lib(wm.o)
    0x080058c8   0x0000005e   Code   RO         2229    i.WM_InvalidateWindowAndDescsEx  STemWin522_CM4_Keil.lib(wm.o)
    0x08005926   0x00000002   PAD
    0x08005928   0x0000003c   Code   RO         2230    i.WM_SelectWindow   STemWin522_CM4_Keil.lib(wm.o)
    0x08005964   0x0000001e   Code   RO         2498    i.WM_SendToParent   STemWin522_CM4_Keil.lib(wm_sendtoparent.o)
    0x08005982   0x00000002   PAD
    0x08005984   0x00000048   Code   RO         2233    i.WM__ActivateClipRect  STemWin522_CM4_Keil.lib(wm.o)
    0x080059cc   0x00000010   Code   RO         2482    i.WM__AddCriticalHandle  STemWin522_CM4_Keil.lib(wm_criticalhandle.o)
    0x080059dc   0x00000010   Code   RO         2234    i.WM__Client2Screen  STemWin522_CM4_Keil.lib(wm.o)
    0x080059ec   0x0000004e   Code   RO         2235    i.WM__ClipAtParentBorders  STemWin522_CM4_Keil.lib(wm.o)
    0x08005a3a   0x00000020   Code   RO         2488    i.WM__GetClientRectEx  STemWin522_CM4_Keil.lib(wm_getclientrect.o)
    0x08005a5a   0x00000018   Code   RO         2238    i.WM__GetClientRectWin  STemWin522_CM4_Keil.lib(wm.o)
    0x08005a72   0x00000012   Code   RO         2988    i.WM__GetFirstSibling  STemWin522_CM4_Keil.lib(wm__getfirstsibling.o)
    0x08005a84   0x00000040   Code   RO         2239    i.WM__GetNextIVR    STemWin522_CM4_Keil.lib(wm.o)
    0x08005ac4   0x00000024   Code   RO         2815    i.WM__GetPrevSibling  STemWin522_CM4_Keil.lib(wm__getprevsibling.o)
    0x08005ae8   0x00000018   Code   RO         2240    i.WM__GetTopLevelLayer  STemWin522_CM4_Keil.lib(wm.o)
    0x08005b00   0x000000f0   Code   RO         2241    i.WM__InitIVRSearch  STemWin522_CM4_Keil.lib(wm.o)
    0x08005bf0   0x000000a4   Code   RO         2242    i.WM__InsertWindowIntoList  STemWin522_CM4_Keil.lib(wm.o)
    0x08005c94   0x00000006   Code   RO         2243    i.WM__Invalidate1Abs  STemWin522_CM4_Keil.lib(wm.o)
    0x08005c9a   0x00000046   Code   RO         2244    i.WM__InvalidateDrawAndDescs  STemWin522_CM4_Keil.lib(wm.o)
    0x08005ce0   0x00000076   Code   RO         2246    i.WM__InvalidateRect  STemWin522_CM4_Keil.lib(wm.o)
    0x08005d56   0x00000006   Code   RO         2247    i.WM__InvalidateRectEx  STemWin522_CM4_Keil.lib(wm.o)
    0x08005d5c   0x00000020   Code   RO         2252    i.WM__RectIsNZ      STemWin522_CM4_Keil.lib(wm.o)
    0x08005d7c   0x00000014   Code   RO         2255    i.WM__SelectTopLevelLayer  STemWin522_CM4_Keil.lib(wm.o)
    0x08005d90   0x0000003c   Code   RO         2477    i.WM__SendMessage   STemWin522_CM4_Keil.lib(wm__sendmessage.o)
    0x08005dcc   0x0000000e   Code   RO         2256    i.WM__SendMsgNoData  STemWin522_CM4_Keil.lib(wm.o)
    0x08005dda   0x00000002   PAD
    0x08005ddc   0x00000078   Code   RO         1777    i._AddFreeMemory    STemWin522_CM4_Keil.lib(gui_alloc.o)
    0x08005e54   0x000000bc   Code   RO         1778    i._Alloc            STemWin522_CM4_Keil.lib(gui_alloc.o)
    0x08005f10   0x00000004   Code   RO         2131    i._CalcSizeOfChar   STemWin522_CM4_Keil.lib(gui_uc_encodenone.o)
    0x08005f14   0x0000004c   Code   RO         1744    i._Color2IndexBulk  STemWin522_CM4_Keil.lib(guicc_m565.o)
    0x08005f60   0x00000054   Code   RO         2414    i._Color2Index_0    STemWin522_CM4_Keil.lib(guicc_0.o)
    0x08005fb4   0x0000002c   Code   RO         1745    i._Color2Index_M565  STemWin522_CM4_Keil.lib(guicc_m565.o)
    0x08005fe0   0x0000003e   Code   RO         2210    i._Convert16        STemWin522_CM4_Keil.lib(guidev_writetoactiveopaque.o)
    0x0800601e   0x00000002   PAD
    0x08006020   0x00000020   Code   RO         2258    i._DesktopHandle2Index  STemWin522_CM4_Keil.lib(wm.o)
    0x08006040   0x00000074   Code   RO         2087    i._DispLine         STemWin522_CM4_Keil.lib(gui_charline.o)
    0x080060b4   0x00000140   Code   RO         2039    i._DrawBitLine1BPP  STemWin522_CM4_Keil.lib(guidev_16.o)
    0x080061f4   0x000000e0   Code   RO         2040    i._DrawBitLine2BPP  STemWin522_CM4_Keil.lib(guidev_16.o)
    0x080062d4   0x00000158   Code   RO         2041    i._DrawBitLine4BPP  STemWin522_CM4_Keil.lib(guidev_16.o)
    0x0800642c   0x000002b0   Code   RO         2042    i._DrawBitmap       STemWin522_CM4_Keil.lib(guidev_16.o)
    0x080066dc   0x0000000a   Code   RO         2043    i._DrawHLine        STemWin522_CM4_Keil.lib(guidev_16.o)
    0x080066e6   0x00000002   PAD
    0x080066e8   0x000000b8   Code   RO         2044    i._DrawVLine        STemWin522_CM4_Keil.lib(guidev_16.o)
    0x080067a0   0x00000006   Code   RO         2132    i._Encode           STemWin522_CM4_Keil.lib(gui_uc_encodenone.o)
    0x080067a6   0x00000002   PAD
    0x080067a8   0x00000094   Code   RO         1779    i._EnlargeBlocks    STemWin522_CM4_Keil.lib(gui_alloc.o)
    0x0800683c   0x000000ac   Code   RO         2045    i._FillRect         STemWin522_CM4_Keil.lib(guidev_16.o)
    0x080068e8   0x00000148   Code   RO         2261    i._FindNext_IVR     STemWin522_CM4_Keil.lib(wm.o)
    0x08006a30   0x0000007c   Code   RO         2262    i._Findx0           STemWin522_CM4_Keil.lib(wm.o)
    0x08006aac   0x00000072   Code   RO         2263    i._Findx1           STemWin522_CM4_Keil.lib(wm.o)
    0x08006b1e   0x000000a2   Code   RO         2264    i._Findy1           STemWin522_CM4_Keil.lib(wm.o)
    0x08006bc0   0x00000004   Code   RO         2133    i._GetCharCode      STemWin522_CM4_Keil.lib(gui_uc_encodenone.o)
    0x08006bc4   0x00000004   Code   RO         2134    i._GetCharSize      STemWin522_CM4_Keil.lib(gui_uc_encodenone.o)
    0x08006bc8   0x00000010   Code   RO         2046    i._GetDevData       STemWin522_CM4_Keil.lib(guidev_16.o)
    0x08006bd8   0x00000010   Code   RO         2047    i._GetDevFunc       STemWin522_CM4_Keil.lib(guidev_16.o)
    0x08006be8   0x0000001e   Code   RO         1936    i._GetDevProp       STemWin522_CM4_Keil.lib(lcd_getex.o)
    0x08006c06   0x00000008   Code   RO         2048    i._GetDevProp       STemWin522_CM4_Keil.lib(guidev_16.o)
    0x08006c0e   0x00000052   Code   RO         2415    i._GetIndexMask_0   STemWin522_CM4_Keil.lib(guicc_0.o)
    0x08006c60   0x00000006   Code   RO         1746    i._GetIndexMask_M565  STemWin522_CM4_Keil.lib(guicc_m565.o)
    0x08006c66   0x00000002   PAD
    0x08006c68   0x0000001c   Code   RO         1780    i._GetMinIndex      STemWin522_CM4_Keil.lib(gui_alloc.o)
    0x08006c84   0x0000000e   Code   RO         2049    i._GetPixelIndex    STemWin522_CM4_Keil.lib(guidev_16.o)
    0x08006c92   0x00000030   Code   RO         2050    i._GetRect          STemWin522_CM4_Keil.lib(guidev_16.o)
    0x08006cc2   0x00000002   PAD
    0x08006cc4   0x00000010   Code   RO         2107    i._GotoX            STemWin522_CM4_Keil.lib(gui_goto.o)
    0x08006cd4   0x00000010   Code   RO         2108    i._GotoY            STemWin522_CM4_Keil.lib(gui_goto.o)
    0x08006ce4   0x00000058   Code   RO         1747    i._Index2ColorBulk  STemWin522_CM4_Keil.lib(guicc_m565.o)
    0x08006d3c   0x00000020   Code   RO         2416    i._Index2Color_0    STemWin522_CM4_Keil.lib(guicc_0.o)
    0x08006d5c   0x00000070   Code   RO         1845    i._InitContext      STemWin522_CM4_Keil.lib(gui_core.o)
    0x08006dcc   0x000000a4   Code   RO         1781    i._InitOnce         STemWin522_CM4_Keil.lib(gui_alloc.o)
    0x08006e70   0x00000080   Code   RO         2265    i._Invalidate1Abs   STemWin522_CM4_Keil.lib(wm.o)
    0x08006ef0   0x00000002   Code   RO         2088    i._Log2VisBuffered  STemWin522_CM4_Keil.lib(gui_charline.o)
    0x08006ef2   0x00000002   PAD
    0x08006ef4   0x00000034   Code   RO         1782    i._OnExit           STemWin522_CM4_Keil.lib(gui_alloc.o)
    0x08006f28   0x0000002c   Code   RO         1846    i._OnExit           STemWin522_CM4_Keil.lib(gui_core.o)
    0x08006f54   0x00000014   Code   RO         2187    i._OnExit           STemWin522_CM4_Keil.lib(lcd_color.o)
    0x08006f68   0x00000034   Code   RO         2266    i._OnExit           STemWin522_CM4_Keil.lib(wm.o)
    0x08006f9c   0x00000040   Code   RO         1783    i._PopFreeBlock     STemWin522_CM4_Keil.lib(gui_alloc.o)
    0x08006fdc   0x00000024   Code   RO         1784    i._PushFreeBlock    STemWin522_CM4_Keil.lib(gui_alloc.o)
    0x08007000   0x00000034   Code   RO         1785    i._RemoveFreeBlock  STemWin522_CM4_Keil.lib(gui_alloc.o)
    0x08007034   0x000000a0   Code   RO         1786    i._RemoveHoles      STemWin522_CM4_Keil.lib(gui_alloc.o)
    0x080070d4   0x00000020   Code   RO         2157    i._SetBkColor       STemWin522_CM4_Keil.lib(lcd.o)
    0x080070f4   0x0000004c   Code   RO         2270    i._SetClipRectUserIntersect  STemWin522_CM4_Keil.lib(wm.o)
    0x08007140   0x00000020   Code   RO         2158    i._SetColor         STemWin522_CM4_Keil.lib(lcd.o)
    0x08007160   0x0000002c   Code   RO         2159    i._SetDrawMode      STemWin522_CM4_Keil.lib(lcd.o)
    0x0800718c   0x00000008   Code   RO         2051    i._SetOrg           STemWin522_CM4_Keil.lib(guidev_16.o)
    0x08007194   0x00000048   Code   RO         2052    i._SetPixelIndex    STemWin522_CM4_Keil.lib(guidev_16.o)
    0x080071dc   0x000000ea   Code   RO         1787    i._TestRAM          STemWin522_CM4_Keil.lib(gui_alloc.o)
    0x080072c6   0x00000002   PAD
    0x080072c8   0x00000030   Code   RO         1875    i._UnlinkDevice     STemWin522_CM4_Keil.lib(gui_device.o)
    0x080072f8   0x0000000e   Code   RO         1788    i._WriteTagData     STemWin522_CM4_Keil.lib(gui_alloc.o)
    0x08007306   0x00000002   PAD
    0x08007308   0x00000330   Code   RO         2211    i._WriteToActiveOpaque_8  STemWin522_CM4_Keil.lib(guidev_writetoactiveopaque.o)
    0x08007638   0x000002f8   Code   RO         2212    i._WriteToActiveOpaque_HT  STemWin522_CM4_Keil.lib(guidev_writetoactiveopaque.o)
    0x08007930   0x0000003c   Code   RO         2053    i._XY2PTR           STemWin522_CM4_Keil.lib(guidev_16.o)
    0x0800796c   0x00000054   Code   RO         2054    i._XorPixel         STemWin522_CM4_Keil.lib(guidev_16.o)
    0x080079c0   0x0000000e   Code   RO         3339    i.__scatterload_copy  mc_w.l(handlers.o)
    0x080079ce   0x00000002   Code   RO         3340    i.__scatterload_null  mc_w.l(handlers.o)
    0x080079d0   0x0000000e   Code   RO         3341    i.__scatterload_zeroinit  mc_w.l(handlers.o)
    0x080079de   0x00000002   PAD
    0x080079e0   0x00000050   Code   RO         2272    i.cbBackWin         STemWin522_CM4_Keil.lib(wm.o)
    0x08007a30   0x0000008a   Code   RO         2160    i.emWin_LCD_Init    STemWin522_CM4_Keil.lib(lcd.o)
    0x08007aba   0x00000002   PAD
    0x08007abc   0x0000001c   Data   RO          600    .constdata          stm32f4xx_fsmc.o
    0x08007ad8   0x00000034   Data   RO         1146    .constdata          guidrv_template.o
    0x08007b0c   0x00000098   Data   RO         1607    .constdata          web_server.o
    0x08007ba4   0x00000018   Data   RO         1748    .constdata          STemWin522_CM4_Keil.lib(guicc_m565.o)
    0x08007bbc   0x00000008   Data   RO         1848    .constdata          STemWin522_CM4_Keil.lib(gui_core.o)
    0x08007bc4   0x00000a30   Data   RO         2027    .constdata          STemWin522_CM4_Keil.lib(f8x16.o)
    0x080085f4   0x000001c0   Data   RO         2028    .constdata          STemWin522_CM4_Keil.lib(f8x16.o)
    0x080087b4   0x00000008   Data   RO         2029    .constdata          STemWin522_CM4_Keil.lib(f8x16.o)
    0x080087bc   0x00000014   Data   RO         2030    .constdata          STemWin522_CM4_Keil.lib(f8x16.o)
    0x080087d0   0x00000024   Data   RO         2031    .constdata          STemWin522_CM4_Keil.lib(f8x16.o)
    0x080087f4   0x00000074   Data   RO         2055    .constdata          STemWin522_CM4_Keil.lib(guidev_16.o)
    0x08008868   0x00000100   Data   RO         2072    .constdata          STemWin522_CM4_Keil.lib(gui__divtbl_255_31.o)
    0x08008968   0x00000100   Data   RO         2073    .constdata          STemWin522_CM4_Keil.lib(gui__divtbl_255_63.o)
    0x08008a68   0x00000020   Data   RO         2074    .constdata          STemWin522_CM4_Keil.lib(gui__divtbl_31_255.o)
    0x08008a88   0x00000040   Data   RO         2075    .constdata          STemWin522_CM4_Keil.lib(gui__divtbl_63_255.o)
    0x08008ac8   0x00000010   Data   RO         2081    .constdata          STemWin522_CM4_Keil.lib(gui_addhex.o)
    0x08008ad8   0x00000010   Data   RO         2135    .constdata          STemWin522_CM4_Keil.lib(gui_uc_encodenone.o)
    0x08008ae8   0x0000000c   Data   RO         2161    .constdata          STemWin522_CM4_Keil.lib(lcd.o)
    0x08008af4   0x00000100   Data   RO         2196    .constdata          STemWin522_CM4_Keil.lib(lcd_mirror.o)
    0x08008bf4   0x00000518   Data   RO         2197    .constdata          STemWin522_CM4_Keil.lib(f6x8.o)
    0x0800910c   0x000001c0   Data   RO         2198    .constdata          STemWin522_CM4_Keil.lib(f6x8.o)
    0x080092cc   0x00000008   Data   RO         2199    .constdata          STemWin522_CM4_Keil.lib(f6x8.o)
    0x080092d4   0x00000014   Data   RO         2200    .constdata          STemWin522_CM4_Keil.lib(f6x8.o)
    0x080092e8   0x00000024   Data   RO         2201    .constdata          STemWin522_CM4_Keil.lib(f6x8.o)
    0x0800930c   0x00000008   Data   RO         2213    .constdata          STemWin522_CM4_Keil.lib(guidev_writetoactiveopaque.o)
    0x08009314   0x00000018   Data   RO         2417    .constdata          STemWin522_CM4_Keil.lib(guicc_0.o)
    0x0800932c   0x00000020   Data   RO         3337    Region$$Table       anon$$obj.o


    Execution Region RW_IRAM1 (Base: 0x20000000, Size: 0x0000da08, Max: 0x00020000, ABSOLUTE, COMPRESSED[0x000000ac])

    Base Addr    Size         Type   Attr      Idx    E Section Name        Object

    0x20000000   0x00000014   Data   RW           14    .data               system_stm32f4xx.o
    0x20000014   0x00000010   Data   RW          843    .data               stm32f4xx_rcc.o
    0x20000024   0x00000004   Data   RW         1242    .data               gui_x.o
    0x20000028   0x00000066   Data   RW         1261    .data               my_disco_bsp.o
    0x2000008e   0x00000002   PAD
    0x20000090   0x00000008   Data   RW         1371    .data               enc28j60.o
    0x20000098   0x00000017   Data   RW         1428    .data               ip_arp_udp_tcp.o
    0x200000af   0x00000001   PAD
    0x200000b0   0x0000002f   Data   RW         1608    .data               web_server.o
    0x200000df   0x00000001   PAD
    0x200000e0   0x0000000c   Data   RW         1640    .data               main.o
    0x200000ec   0x00000008   Data   RW         1749    .data               STemWin522_CM4_Keil.lib(guicc_m565.o)
    0x200000f4   0x00000008   Data   RW         1790    .data               STemWin522_CM4_Keil.lib(gui_alloc.o)
    0x200000fc   0x0000002c   Data   RW         1849    .data               STemWin522_CM4_Keil.lib(gui_core.o)
    0x20000128   0x00000004   Data   RW         1852    .data               STemWin522_CM4_Keil.lib(gui_core.o)
    0x2000012c   0x00000004   Data   RW         1853    .data               STemWin522_CM4_Keil.lib(gui_core.o)
    0x20000130   0x00000002   Data   RW         1854    .data               STemWin522_CM4_Keil.lib(gui_core.o)
    0x20000132   0x00000002   Data   RW         1855    .data               STemWin522_CM4_Keil.lib(gui_core.o)
    0x20000134   0x00000004   Data   RW         2089    .data               STemWin522_CM4_Keil.lib(gui_charline.o)
    0x20000138   0x00000004   Data   RW         2162    .data               STemWin522_CM4_Keil.lib(lcd.o)
    0x2000013c   0x00000010   Data   RW         2188    .data               STemWin522_CM4_Keil.lib(lcd_color.o)
    0x2000014c   0x00000058   Data   RW         2274    .data               STemWin522_CM4_Keil.lib(wm.o)
    0x200001a4   0x00000008   Data   RW         2343    .data               STemWin522_CM4_Keil.lib(gui__managecache.o)
    0x200001ac   0x0000000c   Data   RW         2362    .data               STemWin522_CM4_Keil.lib(gui_onkey.o)
    0x200001b8   0x0000000c   Data   RW         2405    .data               STemWin522_CM4_Keil.lib(gui_waitevent.o)
    0x200001c4   0x00000004   Data   RW         2478    .data               STemWin522_CM4_Keil.lib(wm__sendmessage.o)
    0x200001c8   0x0000c800   Zero   RW         1106    .bss                guiconf.o
    0x2000c9c8   0x00000064   Zero   RW         1260    .bss                my_disco_bsp.o
    0x2000ca2c   0x000005dd   Zero   RW         1606    .bss                web_server.o
    0x2000d009   0x00000003   PAD
    0x2000d00c   0x000000c8   Zero   RW         1789    .bss                STemWin522_CM4_Keil.lib(gui_alloc.o)
    0x2000d0d4   0x00000078   Zero   RW         1847    .bss                STemWin522_CM4_Keil.lib(gui_core.o)
    0x2000d14c   0x00000018   Zero   RW         2273    .bss                STemWin522_CM4_Keil.lib(wm.o)
    0x2000d164   0x00000058   Zero   RW         2361    .bss                STemWin522_CM4_Keil.lib(gui_onkey.o)
    0x2000d1bc   0x00000048   Zero   RW         2519    .bss                STemWin522_CM4_Keil.lib(wm_touch.o)
    0x2000d204   0x00000004   PAD
    0x2000d208   0x00000800   Zero   RW            1    STACK               startup_stm32f40xx.o


==============================================================================

Image component sizes


      Code (inc. data)   RO Data    RW Data    ZI Data      Debug   Object Name

      1296         94          0          8          0       3983   enc28j60.o
        60          6          0          4          0       1886   gui_x.o
        28          8          0          0      51200        519   guiconf.o
      2152         68         52          0          0      56127   guidrv_template.o
      1248         30          0         23          0      16166   ip_arp_udp_tcp.o
       128         12          0          0          0       1411   lcdconf_flexcolor_template.o
       156          8          0         12          0       1750   main.o
         0          0          0          0          0     233836   misc.o
       672         28          0        102        100       4666   my_disco_bsp.o
      1280         20          0          0          0       3445   ssd1963.o
        36          8        392          0       2048        836   startup_stm32f40xx.o
      1736         78         28          0          0       5998   stm32f4xx_fsmc.o
       660         44          0          0          0       4105   stm32f4xx_gpio.o
        36          0          0          0          0       1362   stm32f4xx_it.o
      1628         52          0         16          0      12896   stm32f4xx_rcc.o
      1148         36          0          0          0       6857   stm32f4xx_spi.o
      1108         34          0          0          0       7808   stm32f4xx_usart.o
       616         48          0         20          0     310754   system_stm32f4xx.o
      1200        432        152         47       1501       2707   web_server.o

    ----------------------------------------------------------------------
     15188       1006        656        236      54852     677112   Object Totals
         0          0         32          0          0          0   (incl. Generated)
         0          0          0          4          3          0   (incl. Padding)

    ----------------------------------------------------------------------

      Code (inc. data)   RO Data    RW Data    ZI Data      Debug   Library Member Name

         0          0       1816          0          0          0   f6x8.o
         0          0       3120          0          0          0   f8x16.o
       296          0          0          0          0        124   gui__compactpixelindices.o
         0          0        256          0          0          0   gui__divtbl_255_31.o
         0          0        256          0          0          0   gui__divtbl_255_63.o
         0          0         32          0          0          0   gui__divtbl_31_255.o
         0          0         64          0          0          0   gui__divtbl_63_255.o
        58          0          0          0          0        116   gui__intersectrect.o
        82          0          0          0          0        128   gui__intersectrects.o
       188          8          0          8          0        248   gui__managecache.o
        76          0          0          0          0        124   gui__memset.o
        58          0          0          0          0        124   gui__memset16.o
        48          6         16          0          0        124   gui_addhex.o
      1634         88          0          8        200       2508   gui_alloc.o
        36          0          0          0          0        128   gui_alloc_alloczero.o
        68          0          0          0          0        124   gui_calccolordist.o
       124         28          0          0          0        588   gui_char.o
       458         36          0          4          0        760   gui_charline.o
       394         12          0          0          0        492   gui_charm.o
       460         78          8         56        120       1004   gui_core.o
       340         22          0          0          0        852   gui_device.o
        20          0          0          0          0        124   gui_disphex.o
       256          4          0          0          0        136   gui_dispstring.o
        52         12          0          0          0        360   gui_goto.o
        88          0          0          0          0        124   gui_mergerect.o
        30          0          0          0          0        116   gui_moverect.o
        16          4          0         12         88        116   gui_onkey.o
        56          0          0          0          0        116   gui_rectsintersect.o
        36          8          0          0          0        128   gui_selectlayer.o
        18          0          0          0          0        128   gui_selectlcd.o
         8          0          0          0          0        232   gui_setcolor.o
        56         18          0          0          0        128   gui_setorg.o
        84         10          0          0          0        264   gui_uc.o
        18          0         16          0          0        464   gui_uc_encodenone.o
        16          4          0         12          0        116   gui_waitevent.o
       198          0         24          0          0        388   guicc_0.o
       214         36         24          8          0        528   guicc_m565.o
        44         10          0          0          0        124   guicc_m565_index2color.o
       100          6          0          0          0        256   guidev.o
      2268         60        116          0          0       2092   guidev_16.o
        22          0          0          0          0        128   guidev_getdataptr.o
        76          0          0          0          0        260   guidev_usage.o
      1698         18          8          0          0        576   guidev_writetoactiveopaque.o
      1650        110         12          4          0       2156   lcd.o
       260         26          0         16          0        628   lcd_color.o
       292         24          0          0          0       1312   lcd_getex.o
        26          0          0          0          0        128   lcd_getnumdisplays.o
         0          0        256          0          0          0   lcd_mirror.o
        68         10          0          0          0        128   lcd_selectlcd.o
       132          0          0          0          0        396   lcd_set.o
        48         10          0          0          0        128   lcd_setcliprectex.o
        36          4          0          0          0        128   lcd_updatecolorindices.o
      2952        128          0         88         24       4092   wm.o
        18          0          0          0          0        124   wm__getfirstsibling.o
        36          0          0          0          0        128   wm__getprevsibling.o
        60          6          0          4          0        136   wm__sendmessage.o
       126          0          0          0          0        140   wm_bringtobottom.o
        16          6          0          0          0        116   wm_criticalhandle.o
        32          0          0          0          0        128   wm_getclientrect.o
        24         10          0          0          0        116   wm_getdesktopwindow.o
        14          0          0          0          0        124   wm_getfirstchild.o
        14          0          0          0          0        124   wm_getparent.o
        30          0          0          0          0        140   wm_sendtoparent.o
         0          0          0          0         72          0   wm_touch.o
        92          0          0          0          0          0   __dczerorl2.o
         0          0          0          0          0          0   entry.o
         0          0          0          0          0          0   entry10a.o
         0          0          0          0          0          0   entry11a.o
         8          4          0          0          0          0   entry2.o
         4          0          0          0          0          0   entry5.o
         0          0          0          0          0          0   entry7b.o
         0          0          0          0          0          0   entry8b.o
         8          4          0          0          0          0   entry9a.o
        30          0          0          0          0          0   handlers.o
        36          8          0          0          0         68   init.o
        64          0          0          0          0         76   memmovea.o
        30          0          0          0          0         80   strncmp.o

    ----------------------------------------------------------------------
     15840        818       6024        220        508      24944   Library Totals
        40          0          0          0          4          0   (incl. Padding)

    ----------------------------------------------------------------------

      Code (inc. data)   RO Data    RW Data    ZI Data      Debug   Library Name

     15528        802       6024        220        504      24720   STemWin522_CM4_Keil.lib
       272         16          0          0          0        224   mc_w.l

    ----------------------------------------------------------------------
     15840        818       6024        220        508      24944   Library Totals

    ----------------------------------------------------------------------

==============================================================================


      Code (inc. data)   RO Data    RW Data    ZI Data      Debug   

     31028       1824       6680        456      55360     679104   Grand Totals
     31028       1824       6680        172      55360     679104   ELF Image Totals (compressed)
     31028       1824       6680        172          0          0   ROM Totals

==============================================================================

    Total RO  Size (Code + RO Data)                37708 (  36.82kB)
    Total RW  Size (RW Data + ZI Data)             55816 (  54.51kB)
    Total ROM Size (Code + RO Data + RW Data)      37880 (  36.99kB)

==============================================================================

